Archive member included because of file (symbol)

/home/z80/programs/code-sourcery/2011.03-42/bin/../lib/gcc/arm-none-eabi/4.5.2/../../../../arm-none-eabi/lib/thumb2/libc.a(lib_a-malloc.o)
                              build/obj/amxcore.o (malloc)
/home/z80/programs/code-sourcery/2011.03-42/bin/../lib/gcc/arm-none-eabi/4.5.2/../../../../arm-none-eabi/lib/thumb2/libc.a(lib_a-mallocr.o)
                              /home/z80/programs/code-sourcery/2011.03-42/bin/../lib/gcc/arm-none-eabi/4.5.2/../../../../arm-none-eabi/lib/thumb2/libc.a(lib_a-malloc.o) (_malloc_r)
/home/z80/programs/code-sourcery/2011.03-42/bin/../lib/gcc/arm-none-eabi/4.5.2/../../../../arm-none-eabi/lib/thumb2/libc.a(lib_a-memcmp.o)
                              build/obj/amx.o (memcmp)
/home/z80/programs/code-sourcery/2011.03-42/bin/../lib/gcc/arm-none-eabi/4.5.2/../../../../arm-none-eabi/lib/thumb2/libc.a(lib_a-memcpy.o)
                              build/obj/amx.o (memcpy)
/home/z80/programs/code-sourcery/2011.03-42/bin/../lib/gcc/arm-none-eabi/4.5.2/../../../../arm-none-eabi/lib/thumb2/libc.a(lib_a-memset.o)
                              build/obj/syscalls.o (memset)
/home/z80/programs/code-sourcery/2011.03-42/bin/../lib/gcc/arm-none-eabi/4.5.2/../../../../arm-none-eabi/lib/thumb2/libc.a(lib_a-mlock.o)
                              /home/z80/programs/code-sourcery/2011.03-42/bin/../lib/gcc/arm-none-eabi/4.5.2/../../../../arm-none-eabi/lib/thumb2/libc.a(lib_a-mallocr.o) (__malloc_lock)
/home/z80/programs/code-sourcery/2011.03-42/bin/../lib/gcc/arm-none-eabi/4.5.2/../../../../arm-none-eabi/lib/thumb2/libc.a(lib_a-strcasecmp.o)
                              build/obj/shell.o (strcasecmp)
/home/z80/programs/code-sourcery/2011.03-42/bin/../lib/gcc/arm-none-eabi/4.5.2/../../../../arm-none-eabi/lib/thumb2/libc.a(lib_a-strchr.o)
                              build/obj/shell.o (strchr)
/home/z80/programs/code-sourcery/2011.03-42/bin/../lib/gcc/arm-none-eabi/4.5.2/../../../../arm-none-eabi/lib/thumb2/libc.a(lib_a-strcmp.o)
                              build/obj/amx.o (strcmp)
/home/z80/programs/code-sourcery/2011.03-42/bin/../lib/gcc/arm-none-eabi/4.5.2/../../../../arm-none-eabi/lib/thumb2/libc.a(lib_a-strcpy.o)
                              build/obj/amx.o (strcpy)
/home/z80/programs/code-sourcery/2011.03-42/bin/../lib/gcc/arm-none-eabi/4.5.2/../../../../arm-none-eabi/lib/thumb2/libc.a(lib_a-strlen.o)
                              build/obj/amx.o (strlen)
/home/z80/programs/code-sourcery/2011.03-42/bin/../lib/gcc/arm-none-eabi/4.5.2/../../../../arm-none-eabi/lib/thumb2/libc.a(lib_a-strspn.o)
                              build/obj/shell.o (strspn)
/home/z80/programs/code-sourcery/2011.03-42/bin/../lib/gcc/arm-none-eabi/4.5.2/../../../../arm-none-eabi/lib/thumb2/libc.a(lib_a-time.o)
                              build/obj/amxcore.o (time)
/home/z80/programs/code-sourcery/2011.03-42/bin/../lib/gcc/arm-none-eabi/4.5.2/../../../../arm-none-eabi/lib/thumb2/libc.a(lib_a-wcslen.o)
                              build/obj/amx.o (wcslen)
/home/z80/programs/code-sourcery/2011.03-42/bin/../lib/gcc/arm-none-eabi/4.5.2/../../../../arm-none-eabi/lib/thumb2/libc.a(lib_a-ctype_.o)
                              /home/z80/programs/code-sourcery/2011.03-42/bin/../lib/gcc/arm-none-eabi/4.5.2/../../../../arm-none-eabi/lib/thumb2/libc.a(lib_a-strcasecmp.o) (__ctype_ptr__)
/home/z80/programs/code-sourcery/2011.03-42/bin/../lib/gcc/arm-none-eabi/4.5.2/../../../../arm-none-eabi/lib/thumb2/libc.a(lib_a-freer.o)
                              /home/z80/programs/code-sourcery/2011.03-42/bin/../lib/gcc/arm-none-eabi/4.5.2/../../../../arm-none-eabi/lib/thumb2/libc.a(lib_a-malloc.o) (_free_r)
/home/z80/programs/code-sourcery/2011.03-42/bin/../lib/gcc/arm-none-eabi/4.5.2/../../../../arm-none-eabi/lib/thumb2/libc.a(lib_a-gettimeofdayr.o)
                              /home/z80/programs/code-sourcery/2011.03-42/bin/../lib/gcc/arm-none-eabi/4.5.2/../../../../arm-none-eabi/lib/thumb2/libc.a(lib_a-time.o) (_gettimeofday_r)
/home/z80/programs/code-sourcery/2011.03-42/bin/../lib/gcc/arm-none-eabi/4.5.2/../../../../arm-none-eabi/lib/thumb2/libc.a(lib_a-impure.o)
                              /home/z80/programs/code-sourcery/2011.03-42/bin/../lib/gcc/arm-none-eabi/4.5.2/../../../../arm-none-eabi/lib/thumb2/libc.a(lib_a-malloc.o) (_impure_ptr)
/home/z80/programs/code-sourcery/2011.03-42/bin/../lib/gcc/arm-none-eabi/4.5.2/../../../../arm-none-eabi/lib/thumb2/libc.a(lib_a-reent.o)
                              /home/z80/programs/code-sourcery/2011.03-42/bin/../lib/gcc/arm-none-eabi/4.5.2/../../../../arm-none-eabi/lib/thumb2/libc.a(lib_a-gettimeofdayr.o) (errno)

Allocating common symbols
Common symbol       size              file

errno               0x4               /home/z80/programs/code-sourcery/2011.03-42/bin/../lib/gcc/arm-none-eabi/4.5.2/../../../../arm-none-eabi/lib/thumb2/libc.a(lib_a-reent.o)

Discarded input sections

 .text          0x00000000        0x0 build/obj/crt0.o
[...]
Memory Configuration

Name             Origin             Length             Attributes
flash            0x08000000         0x00010000
ram              0x20000000         0x00005000
*default*        0x00000000         0xffffffff

Linker script and memory map

LOAD build/obj/crt0.o
LOAD build/obj/vectors.o
LOAD build/obj/chcore.o
LOAD build/obj/chcore_v7m.o
LOAD build/obj/nvic.o
LOAD build/obj/chsys.o
LOAD build/obj/chdebug.o
LOAD build/obj/chlists.o
LOAD build/obj/chvt.o
LOAD build/obj/chschd.o
LOAD build/obj/chthreads.o
LOAD build/obj/chdynamic.o
LOAD build/obj/chregistry.o
LOAD build/obj/chsem.o
LOAD build/obj/chmtx.o
LOAD build/obj/chcond.o
LOAD build/obj/chevents.o
LOAD build/obj/chmsg.o
LOAD build/obj/chmboxes.o
LOAD build/obj/chqueues.o
LOAD build/obj/chmemcore.o
LOAD build/obj/chheap.o
LOAD build/obj/chmempools.o
LOAD build/obj/hal.o
LOAD build/obj/adc.o
LOAD build/obj/can.o
LOAD build/obj/ext.o
LOAD build/obj/gpt.o
LOAD build/obj/i2c.o
LOAD build/obj/icu.o
LOAD build/obj/mac.o
LOAD build/obj/pal.o
LOAD build/obj/pwm.o
LOAD build/obj/sdc.o
LOAD build/obj/serial.o
LOAD build/obj/spi.o
LOAD build/obj/uart.o
LOAD build/obj/usb.o
LOAD build/obj/tm.o
LOAD build/obj/mmc_spi.o
LOAD build/obj/serial_usb.o
LOAD build/obj/rtc.o
LOAD build/obj/stm32_dma.o
LOAD build/obj/hal_lld.o
LOAD build/obj/adc_lld.o
LOAD build/obj/can_lld.o
LOAD build/obj/ext_lld.o
LOAD build/obj/gpt_lld.o
LOAD build/obj/i2c_lld.o
LOAD build/obj/icu_lld.o
LOAD build/obj/mac_lld.o
LOAD build/obj/pwm_lld.o
LOAD build/obj/serial_lld.o
LOAD build/obj/sdc_lld.o
LOAD build/obj/spi_lld.o
LOAD build/obj/uart_lld.o
LOAD build/obj/pal_lld.o
LOAD build/obj/usb_lld.o
LOAD build/obj/rtc_lld.o
LOAD build/obj/board.o
LOAD build/obj/evtimer.o
LOAD build/obj/syscalls.o
LOAD build/obj/shell.o
LOAD build/obj/chprintf.o
LOAD build/obj/stm32f10x_flash.o
LOAD build/obj/main.o
LOAD build/obj/usb_ctrl.o
LOAD build/obj/conf_ctrl.o
LOAD build/obj/amx.o
LOAD build/obj/amxcore.o
LOAD build/obj/pawn_ctrl.o
START GROUP
LOAD /home/z80/programs/code-sourcery/2011.03-42/bin/../lib/gcc/arm-none-eabi/4.5.2/thumb2/libgcc.a
LOAD /home/z80/programs/code-sourcery/2011.03-42/bin/../lib/gcc/arm-none-eabi/4.5.2/../../../../arm-none-eabi/lib/thumb2/libc.a
END GROUP
                0x00000400                __main_stack_size__ = 0x400
                0x00000400                __process_stack_size__ = 0x400
                0x20000000                __ram_start__ = 0x20000000
                0x00005000                __ram_size__ = 0x5000
                0x20005000                __ram_end__ = (__ram_start__ + __ram_size__)
                0x00000000                . = 0x0
                0x00000000                _text = .

startup         0x08000000       0xec
 *(vectors)
 vectors        0x08000000       0xec build/obj/vectors.o
                0x08000000                _vectors

constructors    0x080000ec        0x0
                0x080000ec                PROVIDE (__init_array_start, .)
 *(SORT(.init_array.*))
 *(.init_array)
                0x080000ec                PROVIDE (__init_array_end, .)

destructors     0x080000ec        0x0
                0x080000ec                PROVIDE (__fini_array_start, .)
 *(.fini_array)
 *(SORT(.fini_array.*))
                0x080000ec                PROVIDE (__fini_array_end, .)

.text           0x080000f0     0x42d8
 *(.text.startup.*)
 *(.text)
 .text          0x080000f0       0x48 /home/z80/programs/code-sourcery/2011.03-42/bin/../lib/gcc/arm-none-eabi/4.5.2/../../../../arm-none-eabi/lib/thumb2/libc.a(lib_a-strcasecmp.o)
                0x080000f0                strcasecmp
 *fill*         0x08000138        0x8 00
 .text          0x08000140      0x10c /home/z80/programs/code-sourcery/2011.03-42/bin/../lib/gcc/arm-none-eabi/4.5.2/../../../../arm-none-eabi/lib/thumb2/libc.a(lib_a-strchr.o)
                0x08000140                strchr
 *fill*         0x0800024c        0x4 00
 .text          0x08000250       0x38 /home/z80/programs/code-sourcery/2011.03-42/bin/../lib/gcc/arm-none-eabi/4.5.2/../../../../arm-none-eabi/lib/thumb2/libc.a(lib_a-strspn.o)
                0x08000250                strspn
 *(.text.*)
 *fill*         0x08000288        0x8 00
 .text.__late_init
                0x08000290       0x10 build/obj/crt0.o
                0x08000290                __late_init
 .text._default_exit
                0x080002a0       0x10 build/obj/crt0.o
                0x080002a0                _default_exit
 .text.ResetHandler
                0x080002b0      0x1d0 build/obj/crt0.o
                0x080002b0                ResetHandler
 .text._unhandled_exception
                0x08000480       0x10 build/obj/vectors.o
                0x08000480                Vector58
                0x08000480                VectorE8
                0x08000480                Vector9C
                0x08000480                VectorAC
                0x08000480                Vector5C
                0x08000480                NMIVector
                0x08000480                VectorDC
                0x08000480                VectorC8
                0x08000480                Vector94
                0x08000480                VectorA8
                0x08000480                VectorB4
                0x08000480                Vector74
                0x08000480                UsageFaultVector
                0x08000480                DebugMonitorVector
                0x08000480                Vector40
                0x08000480                VectorBC
                0x08000480                PendSVVector
                0x08000480                Vector64
                0x08000480                VectorCC
                0x08000480                Vector54
                0x08000480                Vector98
                0x08000480                VectorD8
                0x08000480                Vector24
                0x08000480                Vector84
                0x08000480                BusFaultVector
                0x08000480                VectorD0
                0x08000480                VectorE4
                0x08000480                VectorC0
                0x08000480                HardFaultVector
                0x08000480                VectorE0
                0x08000480                MemManageVector
                0x08000480                Vector6C
                0x08000480                VectorA0
                0x08000480                VectorC4
                0x08000480                Vector7C
                0x08000480                VectorB0
                0x08000480                Vector60
                0x08000480                Vector1C
                0x08000480                Vector48
                0x08000480                Vector70
                0x08000480                VectorD4
                0x08000480                Vector80
                0x08000480                Vector68
                0x08000480                Vector78
                0x08000480                _unhandled_exception
                0x08000480                Vector88
                0x08000480                Vector50
                0x08000480                Vector44
                0x08000480                Vector28
                0x08000480                VectorB8
                0x08000480                Vector34
                0x08000480                VectorA4
                0x08000480                Vector20
 .text.port_halt
                0x08000490       0x10 build/obj/chcore.o
                0x08000490                port_halt
 .text._port_switch_from_isr
                0x080004a0       0x10 build/obj/chcore_v7m.o
                0x080004a0                _port_switch_from_isr
 .text.SVCallVector
                0x080004b0       0x20 build/obj/chcore_v7m.o
                0x080004b0                SVCallVector
 .text._port_init
                0x080004d0       0x40 build/obj/chcore_v7m.o
                0x080004d0                _port_init
 .text._port_lock
                0x08000510       0x10 build/obj/chcore_v7m.o
                0x08000510                _port_lock
 .text._port_unlock
                0x08000520       0x10 build/obj/chcore_v7m.o
                0x08000520                _port_unlock
 .text._port_irq_epilogue
                0x08000530       0x80 build/obj/chcore_v7m.o
                0x08000530                _port_irq_epilogue
 .text.SysTickVector
                0x080005b0       0x30 build/obj/chcore_v7m.o
                0x080005b0                SysTickVector
 .text._port_switch
                0x080005e0       0x10 build/obj/chcore_v7m.o
                0x080005e0                _port_switch
 .text._port_thread_start
                0x080005f0       0x20 build/obj/chcore_v7m.o
                0x080005f0                _port_thread_start
 .text.nvicEnableVector
                0x08000610       0x50 build/obj/nvic.o
                0x08000610                nvicEnableVector
 .text.nvicSetSystemHandlerPriority
                0x08000660       0x30 build/obj/nvic.o
                0x08000660                nvicSetSystemHandlerPriority
 .text._idle_thread
                0x08000690       0x20 build/obj/chsys.o
                0x08000690                _idle_thread
 .text.chSysInit
                0x080006b0       0x70 build/obj/chsys.o
                0x080006b0                chSysInit
 .text.chSysTimerHandlerI
                0x08000720       0x60 build/obj/chsys.o
                0x08000720                chSysTimerHandlerI
 .text.dbg_check_enable
                0x08000780       0x30 build/obj/chdebug.o
                0x08000780                dbg_check_enable
 .text.dbg_check_lock
                0x080007b0       0x40 build/obj/chdebug.o
                0x080007b0                dbg_check_lock
 .text.dbg_check_unlock
                0x080007f0       0x40 build/obj/chdebug.o
                0x080007f0                dbg_check_unlock
 .text.dbg_check_lock_from_isr
                0x08000830       0x40 build/obj/chdebug.o
                0x08000830                dbg_check_lock_from_isr
 .text.dbg_check_unlock_from_isr
                0x08000870       0x40 build/obj/chdebug.o
                0x08000870                dbg_check_unlock_from_isr
 .text.dbg_check_enter_isr
                0x080008b0       0x40 build/obj/chdebug.o
                0x080008b0                dbg_check_enter_isr
 .text.dbg_check_leave_isr
                0x080008f0       0x40 build/obj/chdebug.o
                0x080008f0                dbg_check_leave_isr
 .text.chDbgCheckClassI
                0x08000930       0x30 build/obj/chdebug.o
                0x08000930                chDbgCheckClassI
 .text.chDbgCheckClassS
                0x08000960       0x30 build/obj/chdebug.o
                0x08000960                chDbgCheckClassS
 .text._trace_init
                0x08000990       0x20 build/obj/chdebug.o
                0x08000990                _trace_init
 .text.dbg_trace
                0x080009b0       0x50 build/obj/chdebug.o
                0x080009b0                dbg_trace
 .text.chDbgPanic
                0x08000a00       0x10 build/obj/chdebug.o
                0x08000a00                chDbgPanic
 .text.prio_insert
                0x08000a10       0x30 build/obj/chlists.o
                0x08000a10                prio_insert
 .text.queue_insert
                0x08000a40       0x10 build/obj/chlists.o
                0x08000a40                queue_insert
 .text.fifo_remove
                0x08000a50       0x10 build/obj/chlists.o
                0x08000a50                fifo_remove
 .text.dequeue  0x08000a60       0x10 build/obj/chlists.o
                0x08000a60                dequeue
 .text.list_remove
                0x08000a70       0x10 build/obj/chlists.o
                0x08000a70                list_remove
 .text._vt_init
                0x08000a80       0x20 build/obj/chvt.o
                0x08000a80                _vt_init
 .text.chVTSetI
                0x08000aa0       0x60 build/obj/chvt.o
                0x08000aa0                chVTSetI
 .text.chVTResetI
                0x08000b00       0x50 build/obj/chvt.o
                0x08000b00                chVTResetI
 .text._scheduler_init
                0x08000b50       0x20 build/obj/chschd.o
                0x08000b50                _scheduler_init
 .text.chSchReadyI
                0x08000b70       0x40 build/obj/chschd.o
                0x08000b70                chSchReadyI
 .text.wakeup   0x08000bb0       0x40 build/obj/chschd.o
 .text.chSchGoSleepS
                0x08000bf0       0x50 build/obj/chschd.o
                0x08000bf0                chSchGoSleepS
 .text.chSchGoSleepTimeoutS
                0x08000c40       0x50 build/obj/chschd.o
                0x08000c40                chSchGoSleepTimeoutS
 .text.chSchWakeupS
                0x08000c90       0x60 build/obj/chschd.o
                0x08000c90                chSchWakeupS
 .text.chSchDoReschedule
                0x08000cf0       0x50 build/obj/chschd.o
                0x08000cf0                chSchDoReschedule
 .text._thread_init
                0x08000d40       0x50 build/obj/chthreads.o
                0x08000d40                _thread_init
 .text._thread_memfill
                0x08000d90       0x40 build/obj/chthreads.o
                0x08000d90                _thread_memfill
 .text.chThdCreateI
                0x08000dd0       0x90 build/obj/chthreads.o
                0x08000dd0                chThdCreateI
 .text.chThdCreateStatic
                0x08000e60       0x80 build/obj/chthreads.o
                0x08000e60                chThdCreateStatic
 .text.chThdSleep
                0x08000ee0       0x30 build/obj/chthreads.o
                0x08000ee0                chThdSleep
 .text.chThdExitS
                0x08000f10       0x50 build/obj/chthreads.o
                0x08000f10                chThdExitS
 .text.chThdExit
                0x08000f60       0x20 build/obj/chthreads.o
                0x08000f60                chThdExit
 .text.chThdRelease
                0x08000f80       0x80 build/obj/chdynamic.o
                0x08000f80                chThdRelease
 .text.chThdCreateFromHeap
                0x08001000       0x60 build/obj/chdynamic.o
                0x08001000                chThdCreateFromHeap
 .text.chRegFirstThread
                0x08001060       0x30 build/obj/chregistry.o
                0x08001060                chRegFirstThread
 .text.chRegNextThread
                0x08001090       0x60 build/obj/chregistry.o
                0x08001090                chRegNextThread
 .text.chMtxInit
                0x080010f0       0x30 build/obj/chmtx.o
                0x080010f0                chMtxInit
 .text.chMtxLockS
                0x08001120       0xc0 build/obj/chmtx.o
                0x08001120                chMtxLockS
 .text.chMtxLock
                0x080011e0       0x20 build/obj/chmtx.o
                0x080011e0                chMtxLock
 .text.chMtxUnlock
                0x08001200       0x90 build/obj/chmtx.o
                0x08001200                chMtxUnlock
 .text.chEvtSignalFlagsI
                0x08001290       0x50 build/obj/chevents.o
                0x08001290                chEvtSignalFlagsI
 .text.chEvtBroadcastFlagsI
                0x080012e0       0x40 build/obj/chevents.o
                0x080012e0                chEvtBroadcastFlagsI
 .text.qwait    0x08001320       0x30 build/obj/chqueues.o
 .text.chIQInit
                0x08001350       0x20 build/obj/chqueues.o
                0x08001350                chIQInit
 .text.chIQGetTimeout
                0x08001370       0x60 build/obj/chqueues.o
                0x08001370                chIQGetTimeout
 .text.chIQReadTimeout
                0x080013d0       0x80 build/obj/chqueues.o
                0x080013d0                chIQReadTimeout
 .text.chOQInit
                0x08001450       0x20 build/obj/chqueues.o
                0x08001450                chOQInit
 .text.chOQPutTimeout
                0x08001470       0x60 build/obj/chqueues.o
                0x08001470                chOQPutTimeout
 .text.chOQWriteTimeout
                0x080014d0       0x90 build/obj/chqueues.o
                0x080014d0                chOQWriteTimeout
 .text._core_init
                0x08001560       0x30 build/obj/chmemcore.o
                0x08001560                _core_init
 .text.chCoreAllocI
                0x08001590       0x30 build/obj/chmemcore.o
                0x08001590                chCoreAllocI
 .text.chCoreAlloc
                0x080015c0       0x20 build/obj/chmemcore.o
                0x080015c0                chCoreAlloc
 .text.chCoreStatus
                0x080015e0       0x20 build/obj/chmemcore.o
                0x080015e0                chCoreStatus
 .text._heap_init
                0x08001600       0x20 build/obj/chheap.o
                0x08001600                _heap_init
 .text.chHeapAlloc
                0x08001620       0x90 build/obj/chheap.o
                0x08001620                chHeapAlloc
 .text.chHeapFree
                0x080016b0       0xc0 build/obj/chheap.o
                0x080016b0                chHeapFree
 .text.chHeapStatus
                0x08001770       0x40 build/obj/chheap.o
                0x08001770                chHeapStatus
 .text.chPoolFreeI
                0x080017b0       0x30 build/obj/chmempools.o
                0x080017b0                chPoolFreeI
 .text.chPoolFree
                0x080017e0       0x20 build/obj/chmempools.o
                0x080017e0                chPoolFree
 .text.halInit  0x08001800       0x30 build/obj/hal.o
                0x08001800                halInit
 .text.set_address
                0x08001830       0x30 build/obj/usb.o
 .text.usbInit  0x08001860       0x10 build/obj/usb.o
                0x08001860                usbInit
 .text.usbObjectInit
                0x08001870       0x10 build/obj/usb.o
                0x08001870                usbObjectInit
 .text.usbStart
                0x08001880       0x60 build/obj/usb.o
                0x08001880                usbStart
 .text.usbInitEndpointI
                0x080018e0       0x80 build/obj/usb.o
                0x080018e0                usbInitEndpointI
 .text.usbStartReceiveI
                0x08001960       0x40 build/obj/usb.o
                0x08001960                usbStartReceiveI
 .text.usbStartTransmitI
                0x080019a0       0x40 build/obj/usb.o
                0x080019a0                usbStartTransmitI
 .text._usb_reset
                0x080019e0       0x40 build/obj/usb.o
                0x080019e0                _usb_reset
 .text._usb_ep0setup
                0x08001a20      0x300 build/obj/usb.o
                0x08001a20                _usb_ep0setup
 .text._usb_ep0in
                0x08001d20       0x90 build/obj/usb.o
                0x08001d20                _usb_ep0in
 .text._usb_ep0out
                0x08001db0       0x70 build/obj/usb.o
                0x08001db0                _usb_ep0out
 .text.tm_start
                0x08001e20       0x10 build/obj/tm.o
 .text.tm_stop  0x08001e30       0x30 build/obj/tm.o
 .text.tmInit   0x08001e60       0x40 build/obj/tm.o
                0x08001e60                tmInit
 .text.putwouldblock
                0x08001ea0       0x10 build/obj/serial_usb.o
 .text.getwouldblock
                0x08001eb0       0x10 build/obj/serial_usb.o
 .text.getflags
                0x08001ec0       0x20 build/obj/serial_usb.o
 .text.onotify  0x08001ee0       0x90 build/obj/serial_usb.o
 .text.inotify  0x08001f70       0x80 build/obj/serial_usb.o
 .text.readt    0x08001ff0       0x10 build/obj/serial_usb.o
 .text.reads    0x08002000       0x10 build/obj/serial_usb.o
 .text.writet   0x08002010       0x10 build/obj/serial_usb.o
 .text.writes   0x08002020       0x10 build/obj/serial_usb.o
 .text.gett     0x08002030       0x10 build/obj/serial_usb.o
 .text.putt     0x08002040       0x10 build/obj/serial_usb.o
 .text.sduInit  0x08002050       0x10 build/obj/serial_usb.o
                0x08002050                sduInit
 .text.sduObjectInit
                0x08002060       0x50 build/obj/serial_usb.o
                0x08002060                sduObjectInit
 .text.sduStart
                0x080020b0       0x60 build/obj/serial_usb.o
                0x080020b0                sduStart
 .text.sduRequestsHook
                0x08002110       0x50 build/obj/serial_usb.o
                0x08002110                sduRequestsHook
 .text.sduDataTransmitted
                0x08002160       0x90 build/obj/serial_usb.o
                0x08002160                sduDataTransmitted
 .text.sduDataReceived
                0x080021f0       0x90 build/obj/serial_usb.o
                0x080021f0                sduDataReceived
 .text.sduInterruptTransmitted
                0x08002280       0x10 build/obj/serial_usb.o
                0x08002280                sduInterruptTransmitted
 .text.rtcInit  0x08002290       0x10 build/obj/rtc.o
                0x08002290                rtcInit
 .text.hal_lld_init
                0x080022a0       0xa0 build/obj/hal_lld.o
                0x080022a0                hal_lld_init
 .text.stm32_clock_init
                0x08002340       0x90 build/obj/hal_lld.o
                0x08002340                stm32_clock_init
 .text._pal_lld_init
                0x080023d0       0x70 build/obj/pal_lld.o
                0x080023d0                _pal_lld_init
 .text.Vector8C
                0x08002440       0x20 build/obj/usb_lld.o
                0x08002440                Vector8C
 .text.usb_lld_init
                0x08002460       0x10 build/obj/usb_lld.o
                0x08002460                usb_lld_init
 .text.usb_lld_start
                0x08002470       0x50 build/obj/usb_lld.o
                0x08002470                usb_lld_start
 .text.usb_lld_set_address
                0x080024c0       0x20 build/obj/usb_lld.o
                0x080024c0                usb_lld_set_address
 .text.usb_lld_init_endpoint
                0x080024e0      0x100 build/obj/usb_lld.o
                0x080024e0                usb_lld_init_endpoint
 .text.usb_lld_reset
                0x080025e0       0x40 build/obj/usb_lld.o
                0x080025e0                usb_lld_reset
 .text.usb_lld_get_status_out
                0x08002620       0x20 build/obj/usb_lld.o
                0x08002620                usb_lld_get_status_out
 .text.usb_lld_get_status_in
                0x08002640       0x20 build/obj/usb_lld.o
                0x08002640                usb_lld_get_status_in
 .text.usb_lld_read_setup
                0x08002660       0x50 build/obj/usb_lld.o
                0x08002660                usb_lld_read_setup
 .text.usb_lld_read_packet_buffer
                0x080026b0       0x80 build/obj/usb_lld.o
                0x080026b0                usb_lld_read_packet_buffer
 .text.usb_lld_write_packet_buffer
                0x08002730       0x70 build/obj/usb_lld.o
                0x08002730                usb_lld_write_packet_buffer
 .text.Vector90
                0x080027a0      0x260 build/obj/usb_lld.o
                0x080027a0                Vector90
 .text.usb_lld_prepare_receive
                0x08002a00       0x30 build/obj/usb_lld.o
                0x08002a00                usb_lld_prepare_receive
 .text.usb_lld_prepare_transmit
                0x08002a30       0x20 build/obj/usb_lld.o
                0x08002a30                usb_lld_prepare_transmit
 .text.usb_lld_start_out
                0x08002a50       0x20 build/obj/usb_lld.o
                0x08002a50                usb_lld_start_out
 .text.usb_lld_start_in
                0x08002a70       0x20 build/obj/usb_lld.o
                0x08002a70                usb_lld_start_in
 .text.usb_lld_stall_out
                0x08002a90       0x20 build/obj/usb_lld.o
                0x08002a90                usb_lld_stall_out
 .text.usb_lld_stall_in
                0x08002ab0       0x20 build/obj/usb_lld.o
                0x08002ab0                usb_lld_stall_in
 .text.usb_lld_clear_out
                0x08002ad0       0x30 build/obj/usb_lld.o
                0x08002ad0                usb_lld_clear_out
 .text.usb_lld_clear_in
                0x08002b00       0x30 build/obj/usb_lld.o
                0x08002b00                usb_lld_clear_in
 .text.Vector4C
                0x08002b30       0x70 build/obj/rtc_lld.o
                0x08002b30                Vector4C
 .text.rtc_lld_init
                0x08002ba0       0x80 build/obj/rtc_lld.o
                0x08002ba0                rtc_lld_init
 .text.__early_init
                0x08002c20       0x10 build/obj/board.o
                0x08002c20                __early_init
 .text.boardInit
                0x08002c30       0x10 build/obj/board.o
                0x08002c30                boardInit
 .text.cmd_systime
                0x08002c40       0x30 build/obj/shell.o
 .text.cmd_info
                0x08002c70       0xc0 build/obj/shell.o
 .text.list_commands
                0x08002d30       0x20 build/obj/shell.o
 .text.cmdexec  0x08002d50       0x50 build/obj/shell.o
 .text._strtok.clone.0
                0x08002da0       0x50 build/obj/shell.o
 .text.shellInit
                0x08002df0       0x10 build/obj/shell.o
                0x08002df0                shellInit
 .text.shellCreate
                0x08002e00       0x20 build/obj/shell.o
                0x08002e00                shellCreate
 .text.shellGetLine
                0x08002e20       0xb0 build/obj/shell.o
                0x08002e20                shellGetLine
 .text.shell_thread
                0x08002ed0      0x1e0 build/obj/shell.o
 .text.ltoa     0x080030b0       0x70 build/obj/chprintf.o
 .text.chprintf
                0x08003120      0x3b0 build/obj/chprintf.o
                0x08003120                chprintf
 .text.main     0x080034d0       0x20 build/obj/main.o
                0x080034d0                main
 .text.get_descriptor
                0x080034f0       0x40 build/obj/usb_ctrl.o
 .text.cmd_threads
                0x08003530       0x70 build/obj/usb_ctrl.o
 .text.cmd_mem  0x080035a0       0x60 build/obj/usb_ctrl.o
 .text.usb_event
                0x08003600       0x50 build/obj/usb_ctrl.o
 .text.initUsb  0x08003650       0x30 build/obj/usb_ctrl.o
                0x08003650                initUsb
 .text.processShell
                0x08003680       0x50 build/obj/usb_ctrl.o
                0x08003680                processShell
 *(.rodata)
 .rodata        0x080036d0        0x4 build/obj/shell.o
 *fill*         0x080036d4        0xc 00
 .rodata        0x080036e0      0x104 /home/z80/programs/code-sourcery/2011.03-42/bin/../lib/gcc/arm-none-eabi/4.5.2/../../../../arm-none-eabi/lib/thumb2/libc.a(lib_a-ctype_.o)
                0x080036e0                _ctype_
 *(.rodata.*)
 *fill*         0x080037e4        0xc 00
 .rodata.str1.4
                0x080037f0        0xd build/obj/chsys.o
                                 0x10 (size before relaxing)
 *fill*         0x080037fd        0x3 00
 .rodata.str1.4
                0x08003800       0x56 build/obj/chdebug.o
                                 0x58 (size before relaxing)
 *fill*         0x08003856        0xa 00
 .rodata.str1.4
                0x08003860       0x31 build/obj/chvt.o
                                 0x34 (size before relaxing)
 *fill*         0x08003891        0xf 00
 .rodata.str1.4
                0x080038a0       0x23 build/obj/chschd.o
                                 0x24 (size before relaxing)
 *fill*         0x080038c3        0xd 00
 .rodata.str1.4
                0x080038d0       0x94 build/obj/chthreads.o
 *fill*         0x08003964        0xc 00
 .rodata.str1.4
                0x08003970       0x46 build/obj/chdynamic.o
                                 0x48 (size before relaxing)
 *fill*         0x080039b6        0xa 00
 .rodata.str1.4
                0x080039c0       0x16 build/obj/chregistry.o
                                 0x18 (size before relaxing)
 *fill*         0x080039d6        0xa 00
 .rodata.str1.4
                0x080039e0       0xab build/obj/chmtx.o
                                 0xac (size before relaxing)
 *fill*         0x08003a8b        0x5 00
 .rodata.str1.4
                0x08003a90       0x90 build/obj/chevents.o
 .rodata.str1.4
                0x08003b20       0x29 build/obj/chqueues.o
                                 0x2c (size before relaxing)
 *fill*         0x08003b49        0x7 00
 .rodata.str1.4
                0x08003b50       0x31 build/obj/chheap.o
                                 0x34 (size before relaxing)
 *fill*         0x08003b81        0xf 00
 .rodata.str1.4
                0x08003b90       0x34 build/obj/chmempools.o
 *fill*         0x08003bc4        0xc 00
 .rodata.zero_status
                0x08003bd0        0x4 build/obj/usb.o
 *fill*         0x08003bd4        0xc 00
 .rodata.active_status
                0x08003be0        0x4 build/obj/usb.o
 *fill*         0x08003be4        0xc 00
 .rodata.str1.4
                0x08003bf0      0x122 build/obj/usb.o
                                0x124 (size before relaxing)
 *fill*         0x08003d12        0xe 00
 .rodata.halted_status
                0x08003d20        0x4 build/obj/usb.o
 *fill*         0x08003d24        0xc 00
 .rodata.str1.4
                0x08003d30       0x3a build/obj/serial_usb.o
                                 0x3c (size before relaxing)
 *fill*         0x08003d6a        0x6 00
 .rodata.vmt    0x08003d70       0x24 build/obj/serial_usb.o
 *fill*         0x08003d94        0xc 00
 .rodata.CSWTCH.7
                0x08003da0        0x8 build/obj/usb_lld.o
 *fill*         0x08003da8        0x8 00
 .rodata.CSWTCH.10
                0x08003db0       0x14 build/obj/usb_lld.o
 *fill*         0x08003dc4        0xc 00
 .rodata.str1.4
                0x08003dd0        0xf build/obj/usb_lld.o
                                 0x10 (size before relaxing)
 *fill*         0x08003ddf        0x1 00
 .rodata.ep0config
                0x08003de0       0x1c build/obj/usb_lld.o
 *fill*         0x08003dfc        0x4 00
 .rodata.pal_default_config
                0x08003e00       0x3c build/obj/board.o
                0x08003e00                pal_default_config
 *fill*         0x08003e3c        0x4 00
 .rodata.str1.4
                0x08003e40      0x1e5 build/obj/shell.o
                                0x1ec (size before relaxing)
 *fill*         0x08004025        0xb 00
 .rodata.str1.4
                0x08004030        0x7 build/obj/chprintf.o
                                  0x8 (size before relaxing)
 *fill*         0x08004037        0x9 00
 .rodata.ep1config
                0x08004040       0x1c build/obj/usb_ctrl.o
 *fill*         0x0800405c        0x4 00
 .rodata.vcom_configuration_descriptor_data
                0x08004060       0x44 build/obj/usb_ctrl.o
 *fill*         0x080040a4        0xc 00
 .rodata.vcom_configuration_descriptor
                0x080040b0        0x8 build/obj/usb_ctrl.o
 *fill*         0x080040b8        0x8 00
 .rodata.ep2config
                0x080040c0       0x1c build/obj/usb_ctrl.o
 *fill*         0x080040dc        0x4 00
 .rodata.commands
                0x080040e0       0x18 build/obj/usb_ctrl.o
 *fill*         0x080040f8        0x8 00
 .rodata.str1.4
                0x08004100      0x15c build/obj/usb_ctrl.o
 *fill*         0x0800425c        0x4 00
 .rodata.vcom_device_descriptor_data
                0x08004260       0x14 build/obj/usb_ctrl.o
 *fill*         0x08004274        0xc 00
 .rodata.ep3config
                0x08004280       0x1c build/obj/usb_ctrl.o
 *fill*         0x0800429c        0x4 00
 .rodata.shell_cfg1
                0x080042a0        0x8 build/obj/usb_ctrl.o
 *fill*         0x080042a8        0x8 00
 .rodata.states.7636
                0x080042b0       0x3c build/obj/usb_ctrl.o
 *fill*         0x080042ec        0x4 00
 .rodata.vcom_string0
                0x080042f0        0x4 build/obj/usb_ctrl.o
 *fill*         0x080042f4        0xc 00
 .rodata.vcom_string1
                0x08004300       0x28 build/obj/usb_ctrl.o
 *fill*         0x08004328        0x8 00
 .rodata.vcom_string2
                0x08004330       0x38 build/obj/usb_ctrl.o
 *fill*         0x08004368        0x8 00
 .rodata.vcom_string3
                0x08004370        0x8 build/obj/usb_ctrl.o
 *fill*         0x08004378        0x8 00
 .rodata.vcom_strings
                0x08004380       0x20 build/obj/usb_ctrl.o
 .rodata.serusbcfg
                0x080043a0       0x14 build/obj/usb_ctrl.o
 *fill*         0x080043b4        0xc 00
 .rodata.vcom_device_descriptor
                0x080043c0        0x8 build/obj/usb_ctrl.o
 *(.glue_7t)
 .glue_7t       0x00000000        0x0 linker stubs
 *(.glue_7)
 .glue_7        0x00000000        0x0 linker stubs
 *(.gcc*)

.vfp11_veneer   0x080043c8        0x0
 .vfp11_veneer  0x00000000        0x0 linker stubs

.v4_bx          0x080043c8        0x0
 .v4_bx         0x00000000        0x0 linker stubs

.ARM.extab
 *(.ARM.extab* .gnu.linkonce.armextab.*)

.ARM.exidx      0x080043c8        0x0
                0x080043c8                PROVIDE (__exidx_start, .)
 *(.ARM.exidx* .gnu.linkonce.armexidx.*)
                0x080043c8                PROVIDE (__exidx_end, .)

.eh_frame_hdr
 *(.eh_frame_hdr)

.eh_frame
 *(.eh_frame)

.textalign      0x080043c8        0x0
                0x080043c8                . = ALIGN (0x8)
                0x080043c8                _etext = .
                0x080043c8                _textdata = _etext

.stacks         0x20000000      0x800
                0x20000000                . = ALIGN (0x8)
                0x20000000                __main_stack_base__ = .
                0x20000400                . = (. + __main_stack_size__)
 *fill*         0x20000000      0x400 00
                0x20000400                . = ALIGN (0x8)
                0x20000400                __main_stack_end__ = .
                0x20000400                __process_stack_base__ = .
                0x20000400                __main_thread_stack_base__ = .
                0x20000800                . = (. + __process_stack_size__)
 *fill*         0x20000400      0x400 00
                0x20000800                . = ALIGN (0x8)
                0x20000800                __process_stack_end__ = .
                0x20000800                __main_thread_stack_end__ = .

.data           0x20000800       0x24 load address 0x080043c8
                0x20000800                . = ALIGN (0x4)
                0x20000800                PROVIDE (_data, .)
 *(.data)
 .data          0x20000800        0x4 /home/z80/programs/code-sourcery/2011.03-42/bin/../lib/gcc/arm-none-eabi/4.5.2/../../../../arm-none-eabi/lib/thumb2/libc.a(lib_a-ctype_.o)
                0x20000800                __ctype_ptr__
                0x20000804                . = ALIGN (0x4)
 *(.data.*)
 .data.linecoding
                0x20000804        0x8 build/obj/serial_usb.o
 .data.local_commands
                0x2000080c       0x18 build/obj/shell.o
                0x20000824                . = ALIGN (0x4)
 *(.ramtext)
                0x20000824                . = ALIGN (0x4)
                0x20000824                PROVIDE (_edata, .)

.bss            0x20000828      0x6c4 load address 0x080043ec
                0x20000828                . = ALIGN (0x4)
                0x20000828                PROVIDE (_bss_start, .)
 *(.bss)
                0x20000828                . = ALIGN (0x4)
 *(.bss.*)
 .bss.mainthread.4697
                0x20000828       0x4c build/obj/chsys.o
 *fill*         0x20000874        0x4 00
 .bss._idle_thread_wa
                0x20000878       0xc0 build/obj/chsys.o
                0x20000878                _idle_thread_wa
 .bss.dbg_isr_cnt
                0x20000938        0x4 build/obj/chdebug.o
                0x20000938                dbg_isr_cnt
 .bss.dbg_trace_buffer
                0x2000093c      0x408 build/obj/chdebug.o
                0x2000093c                dbg_trace_buffer
 .bss.dbg_lock_cnt
                0x20000d44        0x4 build/obj/chdebug.o
                0x20000d44                dbg_lock_cnt
 .bss.dbg_panic_msg
                0x20000d48        0x4 build/obj/chdebug.o
                0x20000d48                dbg_panic_msg
 .bss.vtlist    0x20000d4c       0x10 build/obj/chvt.o
                0x20000d4c                vtlist
 .bss.rlist     0x20000d5c       0x20 build/obj/chschd.o
                0x20000d5c                rlist
 .bss.endmem    0x20000d7c        0x4 build/obj/chmemcore.o
 .bss.nextmem   0x20000d80        0x4 build/obj/chmemcore.o
 *fill*         0x20000d84        0x4 00
 .bss.default_heap
                0x20000d88       0x20 build/obj/chheap.o
 .bss.measurement_offset
                0x20000da8        0x4 build/obj/tm.o
 .bss.USBD1     0x20000dac       0x50 build/obj/usb_lld.o
                0x20000dac                USBD1
 .bss.ep0_state
                0x20000dfc       0x10 build/obj/usb_lld.o
 .bss.RTCD1     0x20000e0c        0x4 build/obj/rtc_lld.o
                0x20000e0c                RTCD1
 .bss.shell_terminated
                0x20000e10        0x4 build/obj/shell.o
                0x20000e10                shell_terminated
 .bss.SDU1      0x20000e14       0xd4 build/obj/usb_ctrl.o
 .bss.shelltp   0x20000ee8        0x4 build/obj/usb_ctrl.o
                0x20000eec                . = ALIGN (0x4)
 *(COMMON)
                0x20000eec                . = ALIGN (0x4)
                0x20000eec                PROVIDE (_bss_end, .)
                0x20000eec                PROVIDE (end, .)
                0x20000eec                _end = .
                0x20000eec                __heap_base__ = _end
                0x20005000                __heap_end__ = __ram_end__
OUTPUT(build/ch.elf elf32-littlearm)

.debug_abbrev   0x00000000     0x504d
 .debug_abbrev  0x00000000      0x121 build/obj/crt0.o
 .debug_abbrev  0x00000121       0x74 build/obj/vectors.o
 .debug_abbrev  0x00000195       0x41 build/obj/chcore.o
 .debug_abbrev  0x000001d6      0x18d build/obj/chcore_v7m.o
 .debug_abbrev  0x00000363       0xec build/obj/nvic.o
 .debug_abbrev  0x0000044f      0x17c build/obj/chsys.o
 .debug_abbrev  0x000005cb      0x1dc build/obj/chdebug.o
 .debug_abbrev  0x000007a7      0x163 build/obj/chlists.o
 .debug_abbrev  0x0000090a      0x13d build/obj/chvt.o
 .debug_abbrev  0x00000a47      0x1eb build/obj/chschd.o
 .debug_abbrev  0x00000c32      0x27e build/obj/chthreads.o
 .debug_abbrev  0x00000eb0      0x172 build/obj/chdynamic.o
 .debug_abbrev  0x00001022      0x111 build/obj/chregistry.o
 .debug_abbrev  0x00001133      0x1a4 build/obj/chsem.o
 .debug_abbrev  0x000012d7      0x195 build/obj/chmtx.o
 .debug_abbrev  0x0000146c      0x17d build/obj/chcond.o
 .debug_abbrev  0x000015e9      0x1a4 build/obj/chevents.o
 .debug_abbrev  0x0000178d      0x128 build/obj/chmsg.o
 .debug_abbrev  0x000018b5      0x183 build/obj/chmboxes.o
 .debug_abbrev  0x00001a38      0x20d build/obj/chqueues.o
 .debug_abbrev  0x00001c45       0xdc build/obj/chmemcore.o
 .debug_abbrev  0x00001d21      0x1a3 build/obj/chheap.o
 .debug_abbrev  0x00001ec4      0x107 build/obj/chmempools.o
 .debug_abbrev  0x00001fcb      0x174 build/obj/hal.o
 .debug_abbrev  0x0000213f       0x4f build/obj/adc.o
 .debug_abbrev  0x0000218e       0x4f build/obj/can.o
 .debug_abbrev  0x000021dd       0x4f build/obj/ext.o
 .debug_abbrev  0x0000222c       0x4f build/obj/gpt.o
 .debug_abbrev  0x0000227b       0x4f build/obj/i2c.o
 .debug_abbrev  0x000022ca       0x4f build/obj/icu.o
 .debug_abbrev  0x00002319       0x4f build/obj/mac.o
 .debug_abbrev  0x00002368       0xfc build/obj/pal.o
 .debug_abbrev  0x00002464       0x4f build/obj/pwm.o
 .debug_abbrev  0x000024b3       0x4f build/obj/sdc.o
 .debug_abbrev  0x00002502       0x4f build/obj/serial.o
 .debug_abbrev  0x00002551       0x4f build/obj/spi.o
 .debug_abbrev  0x000025a0       0x4f build/obj/uart.o
 .debug_abbrev  0x000025ef      0x23d build/obj/usb.o
 .debug_abbrev  0x0000282c      0x169 build/obj/tm.o
 .debug_abbrev  0x00002995       0x4f build/obj/mmc_spi.o
 .debug_abbrev  0x000029e4      0x2d7 build/obj/serial_usb.o
 .debug_abbrev  0x00002cbb       0xe0 build/obj/rtc.o
 .debug_abbrev  0x00002d9b       0x4f build/obj/stm32_dma.o
 .debug_abbrev  0x00002dea       0xf6 build/obj/hal_lld.o
 .debug_abbrev  0x00002ee0       0x4f build/obj/adc_lld.o
 .debug_abbrev  0x00002f2f       0x4f build/obj/can_lld.o
 .debug_abbrev  0x00002f7e       0x4f build/obj/ext_lld.o
 .debug_abbrev  0x00002fcd       0x4f build/obj/gpt_lld.o
 .debug_abbrev  0x0000301c       0x4f build/obj/i2c_lld.o
 .debug_abbrev  0x0000306b       0x4f build/obj/icu_lld.o
 .debug_abbrev  0x000030ba       0x4f build/obj/mac_lld.o
 .debug_abbrev  0x00003109       0x4f build/obj/pwm_lld.o
 .debug_abbrev  0x00003158       0x4f build/obj/serial_lld.o
 .debug_abbrev  0x000031a7       0x4f build/obj/sdc_lld.o
 .debug_abbrev  0x000031f6       0x4f build/obj/spi_lld.o
 .debug_abbrev  0x00003245       0x4f build/obj/uart_lld.o
 .debug_abbrev  0x00003294      0x129 build/obj/pal_lld.o
 .debug_abbrev  0x000033bd      0x390 build/obj/usb_lld.o
 .debug_abbrev  0x0000374d      0x1d9 build/obj/rtc_lld.o
 .debug_abbrev  0x00003926       0xa9 build/obj/board.o
 .debug_abbrev  0x000039cf      0x138 build/obj/evtimer.o
 .debug_abbrev  0x00003b07      0x1b5 build/obj/syscalls.o
 .debug_abbrev  0x00003cbc      0x2ea build/obj/shell.o
 .debug_abbrev  0x00003fa6      0x153 build/obj/chprintf.o
 .debug_abbrev  0x000040f9      0x1e5 build/obj/stm32f10x_flash.o
 .debug_abbrev  0x000042de       0x68 build/obj/main.o
 .debug_abbrev  0x00004346      0x221 build/obj/usb_ctrl.o
 .debug_abbrev  0x00004567      0x17b build/obj/conf_ctrl.o
 .debug_abbrev  0x000046e2      0x30d build/obj/amx.o
 .debug_abbrev  0x000049ef      0x382 build/obj/amxcore.o
 .debug_abbrev  0x00004d71      0x2dc build/obj/pawn_ctrl.o

.debug_info     0x00000000    0x15227
 .debug_info    0x00000000      0x37b build/obj/crt0.o
 .debug_info    0x0000037b       0xb5 build/obj/vectors.o
 .debug_info    0x00000430       0x8b build/obj/chcore.o
 .debug_info    0x000004bb      0x7ba build/obj/chcore_v7m.o
 .debug_info    0x00000c75      0x439 build/obj/nvic.o
 .debug_info    0x000010ae      0x67a build/obj/chsys.o
 .debug_info    0x00001728      0x92e build/obj/chdebug.o
 .debug_info    0x00002056      0x55c build/obj/chlists.o
 .debug_info    0x000025b2      0x280 build/obj/chvt.o
 .debug_info    0x00002832      0x702 build/obj/chschd.o
 .debug_info    0x00002f34      0x934 build/obj/chthreads.o
 .debug_info    0x00003868      0x698 build/obj/chdynamic.o
 .debug_info    0x00003f00      0x4db build/obj/chregistry.o
 .debug_info    0x000043db      0x750 build/obj/chsem.o
 .debug_info    0x00004b2b      0x6c1 build/obj/chmtx.o
 .debug_info    0x000051ec      0x6a2 build/obj/chcond.o
 .debug_info    0x0000588e      0x852 build/obj/chevents.o
 .debug_info    0x000060e0      0x521 build/obj/chmsg.o
 .debug_info    0x00006601      0x7d6 build/obj/chmboxes.o
 .debug_info    0x00006dd7      0x8ac build/obj/chqueues.o
 .debug_info    0x00007683      0x19b build/obj/chmemcore.o
 .debug_info    0x0000781e      0x64d build/obj/chheap.o
 .debug_info    0x00007e6b      0x23f build/obj/chmempools.o
 .debug_info    0x000080aa      0x2f6 build/obj/hal.o
 .debug_info    0x000083a0       0x9f build/obj/adc.o
 .debug_info    0x0000843f       0x9f build/obj/can.o
 .debug_info    0x000084de       0x9f build/obj/ext.o
 .debug_info    0x0000857d       0x9f build/obj/gpt.o
 .debug_info    0x0000861c       0x9f build/obj/i2c.o
 .debug_info    0x000086bb       0x9f build/obj/icu.o
 .debug_info    0x0000875a       0x9f build/obj/mac.o
 .debug_info    0x000087f9      0x245 build/obj/pal.o
 .debug_info    0x00008a3e       0x9f build/obj/pwm.o
 .debug_info    0x00008add       0x9f build/obj/sdc.o
 .debug_info    0x00008b7c       0x9f build/obj/serial.o
 .debug_info    0x00008c1b       0x9f build/obj/spi.o
 .debug_info    0x00008cba       0x9f build/obj/uart.o
 .debug_info    0x00008d59      0x93c build/obj/usb.o
 .debug_info    0x00009695      0x2a2 build/obj/tm.o
 .debug_info    0x00009937       0x9f build/obj/mmc_spi.o
 .debug_info    0x000099d6     0x1205 build/obj/serial_usb.o
 .debug_info    0x0000abdb      0x2f3 build/obj/rtc.o
 .debug_info    0x0000aece       0x9f build/obj/stm32_dma.o
 .debug_info    0x0000af6d      0x3b2 build/obj/hal_lld.o
 .debug_info    0x0000b31f       0x9f build/obj/adc_lld.o
 .debug_info    0x0000b3be       0x9f build/obj/can_lld.o
 .debug_info    0x0000b45d       0x9f build/obj/ext_lld.o
 .debug_info    0x0000b4fc       0x9f build/obj/gpt_lld.o
 .debug_info    0x0000b59b       0x9f build/obj/i2c_lld.o
 .debug_info    0x0000b63a       0x9f build/obj/icu_lld.o
 .debug_info    0x0000b6d9       0x9f build/obj/mac_lld.o
 .debug_info    0x0000b778       0x9f build/obj/pwm_lld.o
 .debug_info    0x0000b817       0x9f build/obj/serial_lld.o
 .debug_info    0x0000b8b6       0x9f build/obj/sdc_lld.o
 .debug_info    0x0000b955       0x9f build/obj/spi_lld.o
 .debug_info    0x0000b9f4       0x9f build/obj/uart_lld.o
 .debug_info    0x0000ba93      0x39a build/obj/pal_lld.o
 .debug_info    0x0000be2d      0xebe build/obj/usb_lld.o
 .debug_info    0x0000cceb      0x5e4 build/obj/rtc_lld.o
 .debug_info    0x0000d2cf      0x185 build/obj/board.o
 .debug_info    0x0000d454      0x58f build/obj/evtimer.o
 .debug_info    0x0000d9e3      0xc31 build/obj/syscalls.o
 .debug_info    0x0000e614      0xcc2 build/obj/shell.o
 .debug_info    0x0000f2d6      0x3fc build/obj/chprintf.o
 .debug_info    0x0000f6d2      0x85e build/obj/stm32f10x_flash.o
 .debug_info    0x0000ff30       0xd2 build/obj/main.o
 .debug_info    0x00010002     0x112b build/obj/usb_ctrl.o
 .debug_info    0x0001112d      0x2c3 build/obj/conf_ctrl.o
 .debug_info    0x000113f0     0x2290 build/obj/amx.o
 .debug_info    0x00013680      0xf34 build/obj/amxcore.o
 .debug_info    0x000145b4      0xc73 build/obj/pawn_ctrl.o

.debug_line     0x00000000     0x975e
 .debug_line    0x00000000      0x15b build/obj/crt0.o
 .debug_line    0x0000015b       0x63 build/obj/vectors.o
 .debug_line    0x000001be       0x58 build/obj/chcore.o
 .debug_line    0x00000216      0x23d build/obj/chcore_v7m.o
 .debug_line    0x00000453      0x11c build/obj/nvic.o
 .debug_line    0x0000056f      0x1b8 build/obj/chsys.o
 .debug_line    0x00000727      0x338 build/obj/chdebug.o
 .debug_line    0x00000a5f      0x1de build/obj/chlists.o
 .debug_line    0x00000c3d      0x1a8 build/obj/chvt.o
 .debug_line    0x00000de5      0x29e build/obj/chschd.o
 .debug_line    0x00001083      0x3a9 build/obj/chthreads.o
 .debug_line    0x0000142c      0x279 build/obj/chdynamic.o
 .debug_line    0x000016a5      0x18b build/obj/chregistry.o
 .debug_line    0x00001830      0x38d build/obj/chsem.o
 .debug_line    0x00001bbd      0x2dc build/obj/chmtx.o
 .debug_line    0x00001e99      0x26d build/obj/chcond.o
 .debug_line    0x00002106      0x308 build/obj/chevents.o
 .debug_line    0x0000240e      0x1aa build/obj/chmsg.o
 .debug_line    0x000025b8      0x2e7 build/obj/chmboxes.o
 .debug_line    0x0000289f      0x38e build/obj/chqueues.o
 .debug_line    0x00002c2d      0x17c build/obj/chmemcore.o
 .debug_line    0x00002da9      0x2cf build/obj/chheap.o
 .debug_line    0x00003078      0x178 build/obj/chmempools.o
 .debug_line    0x000031f0      0x21e build/obj/hal.o
 .debug_line    0x0000340e       0xd8 build/obj/adc.o
 .debug_line    0x000034e6       0xd8 build/obj/can.o
 .debug_line    0x000035be       0xd8 build/obj/ext.o
 .debug_line    0x00003696       0xd8 build/obj/gpt.o
 .debug_line    0x0000376e       0xd8 build/obj/i2c.o
 .debug_line    0x00003846       0xd8 build/obj/icu.o
 .debug_line    0x0000391e       0xd8 build/obj/mac.o
 .debug_line    0x000039f6      0x1e7 build/obj/pal.o
 .debug_line    0x00003bdd       0xd8 build/obj/pwm.o
 .debug_line    0x00003cb5       0xd8 build/obj/sdc.o
 .debug_line    0x00003d8d       0xd8 build/obj/serial.o
 .debug_line    0x00003e65       0xd8 build/obj/spi.o
 .debug_line    0x00003f3d       0xd8 build/obj/uart.o
 .debug_line    0x00004015      0x4d9 build/obj/usb.o
 .debug_line    0x000044ee      0x1ef build/obj/tm.o
 .debug_line    0x000046dd       0xd8 build/obj/mmc_spi.o
 .debug_line    0x000047b5      0x47d build/obj/serial_usb.o
 .debug_line    0x00004c32      0x210 build/obj/rtc.o
 .debug_line    0x00004e42       0xd8 build/obj/stm32_dma.o
 .debug_line    0x00004f1a      0x1c8 build/obj/hal_lld.o
 .debug_line    0x000050e2       0xd8 build/obj/adc_lld.o
 .debug_line    0x000051ba       0xd8 build/obj/can_lld.o
 .debug_line    0x00005292       0xd8 build/obj/ext_lld.o
 .debug_line    0x0000536a       0xd8 build/obj/gpt_lld.o
 .debug_line    0x00005442       0xd8 build/obj/i2c_lld.o
 .debug_line    0x0000551a       0xd8 build/obj/icu_lld.o
 .debug_line    0x000055f2       0xd8 build/obj/mac_lld.o
 .debug_line    0x000056ca       0xd8 build/obj/pwm_lld.o
 .debug_line    0x000057a2       0xd8 build/obj/serial_lld.o
 .debug_line    0x0000587a       0xd8 build/obj/sdc_lld.o
 .debug_line    0x00005952       0xd8 build/obj/spi_lld.o
 .debug_line    0x00005a2a       0xd8 build/obj/uart_lld.o
 .debug_line    0x00005b02      0x215 build/obj/pal_lld.o
 .debug_line    0x00005d17      0x532 build/obj/usb_lld.o
 .debug_line    0x00006249      0x2f5 build/obj/rtc_lld.o
 .debug_line    0x0000653e      0x142 build/obj/board.o
 .debug_line    0x00006680      0x1a4 build/obj/evtimer.o
 .debug_line    0x00006824      0x1e8 build/obj/syscalls.o
 .debug_line    0x00006a0c      0x39d build/obj/shell.o
 .debug_line    0x00006da9      0x32b build/obj/chprintf.o
 .debug_line    0x000070d4      0x4be build/obj/stm32f10x_flash.o
 .debug_line    0x00007592      0x12a build/obj/main.o
 .debug_line    0x000076bc      0x34c build/obj/usb_ctrl.o
 .debug_line    0x00007a08      0x1d1 build/obj/conf_ctrl.o
 .debug_line    0x00007bd9     0x14b3 build/obj/amx.o
 .debug_line    0x0000908c      0x37c build/obj/amxcore.o
 .debug_line    0x00009408      0x356 build/obj/pawn_ctrl.o

.debug_loc      0x00000000     0xcbba
 .debug_loc     0x00000000       0x72 build/obj/crt0.o
 .debug_loc     0x00000072      0x10f build/obj/chcore_v7m.o
 .debug_loc     0x00000181      0x10a build/obj/nvic.o
 .debug_loc     0x0000028b       0xbc build/obj/chsys.o
 .debug_loc     0x00000347      0x1ae build/obj/chdebug.o
 .debug_loc     0x000004f5       0xcc build/obj/chlists.o
 .debug_loc     0x000005c1      0x14e build/obj/chvt.o
 .debug_loc     0x0000070f      0x277 build/obj/chschd.o
 .debug_loc     0x00000986      0x505 build/obj/chthreads.o
 .debug_loc     0x00000e8b      0x276 build/obj/chdynamic.o
 .debug_loc     0x00001101       0xa7 build/obj/chregistry.o
 .debug_loc     0x000011a8      0x479 build/obj/chsem.o
 .debug_loc     0x00001621      0x353 build/obj/chmtx.o
 .debug_loc     0x00001974      0x348 build/obj/chcond.o
 .debug_loc     0x00001cbc      0x5cf build/obj/chevents.o
 .debug_loc     0x0000228b      0x136 build/obj/chmsg.o
 .debug_loc     0x000023c1      0x57d build/obj/chmboxes.o
 .debug_loc     0x0000293e      0x520 build/obj/chqueues.o
 .debug_loc     0x00002e5e       0xc7 build/obj/chmemcore.o
 .debug_loc     0x00002f25      0x2d3 build/obj/chheap.o
 .debug_loc     0x000031f8      0x216 build/obj/chmempools.o
 .debug_loc     0x0000340e       0x5c build/obj/hal.o
 .debug_loc     0x0000346a       0xf6 build/obj/pal.o
 .debug_loc     0x00003560      0x52b build/obj/usb.o
 .debug_loc     0x00003a8b       0x77 build/obj/tm.o
 .debug_loc     0x00003b02      0x47b build/obj/serial_usb.o
 .debug_loc     0x00003f7d      0x208 build/obj/rtc.o
 .debug_loc     0x00004185       0x20 build/obj/hal_lld.o
 .debug_loc     0x000041a5      0x511 build/obj/pal_lld.o
 .debug_loc     0x000046b6      0x8a5 build/obj/usb_lld.o
 .debug_loc     0x00004f5b      0x15b build/obj/rtc_lld.o
 .debug_loc     0x000050b6       0xd8 build/obj/evtimer.o
 .debug_loc     0x0000518e      0x15b build/obj/syscalls.o
 .debug_loc     0x000052e9      0x6d2 build/obj/shell.o
 .debug_loc     0x000059bb      0x779 build/obj/chprintf.o
 .debug_loc     0x00006134      0x876 build/obj/stm32f10x_flash.o
 .debug_loc     0x000069aa       0x20 build/obj/main.o
 .debug_loc     0x000069ca      0x238 build/obj/usb_ctrl.o
 .debug_loc     0x00006c02      0x537 build/obj/conf_ctrl.o
 .debug_loc     0x00007139     0x4b68 build/obj/amx.o
 .debug_loc     0x0000bca1      0xbb0 build/obj/amxcore.o
 .debug_loc     0x0000c851      0x369 build/obj/pawn_ctrl.o

.debug_pubnames
                0x00000000     0x1bbf
 .debug_pubnames
                0x00000000       0x56 build/obj/crt0.o
 .debug_pubnames
                0x00000056       0x38 build/obj/vectors.o
 .debug_pubnames
                0x0000008e       0x20 build/obj/chcore.o
 .debug_pubnames
                0x000000ae       0xbd build/obj/chcore_v7m.o
 .debug_pubnames
                0x0000016b       0x5e build/obj/nvic.o
 .debug_pubnames
                0x000001c9       0x5c build/obj/chsys.o
 .debug_pubnames
                0x00000225      0x184 build/obj/chdebug.o
 .debug_pubnames
                0x000003a9       0x7f build/obj/chlists.o
 .debug_pubnames
                0x00000428       0x59 build/obj/chvt.o
 .debug_pubnames
                0x00000481       0xa7 build/obj/chschd.o
 .debug_pubnames
                0x00000528       0xf3 build/obj/chthreads.o
 .debug_pubnames
                0x0000061b       0x69 build/obj/chdynamic.o
 .debug_pubnames
                0x00000684       0x3b build/obj/chregistry.o
 .debug_pubnames
                0x000006bf       0xd1 build/obj/chsem.o
 .debug_pubnames
                0x00000790       0x94 build/obj/chmtx.o
 .debug_pubnames
                0x00000824       0xb9 build/obj/chcond.o
 .debug_pubnames
                0x000008dd      0x118 build/obj/chevents.o
 .debug_pubnames
                0x000009f5       0x3f build/obj/chmsg.o
 .debug_pubnames
                0x00000a34       0xba build/obj/chmboxes.o
 .debug_pubnames
                0x00000aee       0xb3 build/obj/chqueues.o
 .debug_pubnames
                0x00000ba1       0x53 build/obj/chmemcore.o
 .debug_pubnames
                0x00000bf4       0x60 build/obj/chheap.o
 .debug_pubnames
                0x00000c54       0x61 build/obj/chmempools.o
 .debug_pubnames
                0x00000cb5       0x48 build/obj/hal.o
 .debug_pubnames
                0x00000cfd       0x43 build/obj/pal.o
 .debug_pubnames
                0x00000d40      0x10d build/obj/usb.o
 .debug_pubnames
                0x00000e4d       0x2e build/obj/tm.o
 .debug_pubnames
                0x00000e7b       0xa4 build/obj/serial_usb.o
 .debug_pubnames
                0x00000f1f       0x6f build/obj/rtc.o
 .debug_pubnames
                0x00000f8e       0x38 build/obj/hal_lld.o
 .debug_pubnames
                0x00000fc6       0x3e build/obj/pal_lld.o
 .debug_pubnames
                0x00001004      0x211 build/obj/usb_lld.o
 .debug_pubnames
                0x00001215       0xa9 build/obj/rtc_lld.o
 .debug_pubnames
                0x000012be       0x48 build/obj/board.o
 .debug_pubnames
                0x00001306       0x2b build/obj/evtimer.o
 .debug_pubnames
                0x00001331       0x6c build/obj/syscalls.o
 .debug_pubnames
                0x0000139d       0x6c build/obj/shell.o
 .debug_pubnames
                0x00001409       0x1f build/obj/chprintf.o
 .debug_pubnames
                0x00001428      0x2f2 build/obj/stm32f10x_flash.o
 .debug_pubnames
                0x0000171a       0x1b build/obj/main.o
 .debug_pubnames
                0x00001735       0x3c build/obj/usb_ctrl.o
 .debug_pubnames
                0x00001771       0x2c build/obj/conf_ctrl.o
 .debug_pubnames
                0x0000179d      0x317 build/obj/amx.o
 .debug_pubnames
                0x00001ab4       0x59 build/obj/amxcore.o
 .debug_pubnames
                0x00001b0d       0xb2 build/obj/pawn_ctrl.o

.debug_pubtypes
                0x00000000     0x3545
 .debug_pubtypes
                0x00000000       0x44 build/obj/crt0.o
 .debug_pubtypes
                0x00000044       0x12 build/obj/vectors.o
 .debug_pubtypes
                0x00000056       0x12 build/obj/chcore.o
 .debug_pubtypes
                0x00000068      0x14a build/obj/chcore_v7m.o
 .debug_pubtypes
                0x000001b2       0x38 build/obj/nvic.o
 .debug_pubtypes
                0x000001ea      0x179 build/obj/chsys.o
 .debug_pubtypes
                0x00000363      0x196 build/obj/chdebug.o
 .debug_pubtypes
                0x000004f9      0x11b build/obj/chlists.o
 .debug_pubtypes
                0x00000614       0x7e build/obj/chvt.o
 .debug_pubtypes
                0x00000692      0x17e build/obj/chschd.o
 .debug_pubtypes
                0x00000810      0x184 build/obj/chthreads.o
 .debug_pubtypes
                0x00000994      0x191 build/obj/chdynamic.o
 .debug_pubtypes
                0x00000b25      0x133 build/obj/chregistry.o
 .debug_pubtypes
                0x00000c58      0x14f build/obj/chsem.o
 .debug_pubtypes
                0x00000da7      0x13e build/obj/chmtx.o
 .debug_pubtypes
                0x00000ee5      0x14b build/obj/chcond.o
 .debug_pubtypes
                0x00001030      0x195 build/obj/chevents.o
 .debug_pubtypes
                0x000011c5      0x133 build/obj/chmsg.o
 .debug_pubtypes
                0x000012f8      0x14d build/obj/chmboxes.o
 .debug_pubtypes
                0x00001445      0x198 build/obj/chqueues.o
 .debug_pubtypes
                0x000015dd       0x29 build/obj/chmemcore.o
 .debug_pubtypes
                0x00001606      0x166 build/obj/chheap.o
 .debug_pubtypes
                0x0000176c       0x4d build/obj/chmempools.o
 .debug_pubtypes
                0x000017b9       0x76 build/obj/hal.o
 .debug_pubtypes
                0x0000182f       0x1e build/obj/adc.o
 .debug_pubtypes
                0x0000184d       0x1e build/obj/can.o
 .debug_pubtypes
                0x0000186b       0x1e build/obj/ext.o
 .debug_pubtypes
                0x00001889       0x1e build/obj/gpt.o
 .debug_pubtypes
                0x000018a7       0x1e build/obj/i2c.o
 .debug_pubtypes
                0x000018c5       0x1e build/obj/icu.o
 .debug_pubtypes
                0x000018e3       0x1e build/obj/mac.o
 .debug_pubtypes
                0x00001901       0x84 build/obj/pal.o
 .debug_pubtypes
                0x00001985       0x1e build/obj/pwm.o
 .debug_pubtypes
                0x000019a3       0x1e build/obj/sdc.o
 .debug_pubtypes
                0x000019c1       0x1e build/obj/serial.o
 .debug_pubtypes
                0x000019df       0x1e build/obj/spi.o
 .debug_pubtypes
                0x000019fd       0x1e build/obj/uart.o
 .debug_pubtypes
                0x00001a1b      0x179 build/obj/usb.o
 .debug_pubtypes
                0x00001b94       0x6e build/obj/tm.o
 .debug_pubtypes
                0x00001c02       0x1e build/obj/mmc_spi.o
 .debug_pubtypes
                0x00001c20      0x3c2 build/obj/serial_usb.o
 .debug_pubtypes
                0x00001fe2       0xa3 build/obj/rtc.o
 .debug_pubtypes
                0x00002085       0x1e build/obj/stm32_dma.o
 .debug_pubtypes
                0x000020a3       0x93 build/obj/hal_lld.o
 .debug_pubtypes
                0x00002136       0x1e build/obj/adc_lld.o
 .debug_pubtypes
                0x00002154       0x1e build/obj/can_lld.o
 .debug_pubtypes
                0x00002172       0x1e build/obj/ext_lld.o
 .debug_pubtypes
                0x00002190       0x1e build/obj/gpt_lld.o
 .debug_pubtypes
                0x000021ae       0x1e build/obj/i2c_lld.o
 .debug_pubtypes
                0x000021cc       0x1e build/obj/icu_lld.o
 .debug_pubtypes
                0x000021ea       0x1e build/obj/mac_lld.o
 .debug_pubtypes
                0x00002208       0x1e build/obj/pwm_lld.o
 .debug_pubtypes
                0x00002226       0x1e build/obj/serial_lld.o
 .debug_pubtypes
                0x00002244       0x1e build/obj/sdc_lld.o
 .debug_pubtypes
                0x00002262       0x1e build/obj/spi_lld.o
 .debug_pubtypes
                0x00002280       0x1e build/obj/uart_lld.o
 .debug_pubtypes
                0x0000229e       0xaa build/obj/pal_lld.o
 .debug_pubtypes
                0x00002348      0x1c6 build/obj/usb_lld.o
 .debug_pubtypes
                0x0000250e       0xd5 build/obj/rtc_lld.o
 .debug_pubtypes
                0x000025e3       0x50 build/obj/board.o
 .debug_pubtypes
                0x00002633      0x19a build/obj/evtimer.o
 .debug_pubtypes
                0x000027cd      0x19b build/obj/syscalls.o
 .debug_pubtypes
                0x00002968      0x21a build/obj/shell.o
 .debug_pubtypes
                0x00002b82       0xb5 build/obj/chprintf.o
 .debug_pubtypes
                0x00002c37       0x99 build/obj/stm32f10x_flash.o
 .debug_pubtypes
                0x00002cd0       0x39 build/obj/main.o
 .debug_pubtypes
                0x00002d09      0x3c5 build/obj/usb_ctrl.o
 .debug_pubtypes
                0x000030ce       0x48 build/obj/conf_ctrl.o
 .debug_pubtypes
                0x00003116      0x144 build/obj/amx.o
 .debug_pubtypes
                0x0000325a      0x107 build/obj/amxcore.o
 .debug_pubtypes
                0x00003361      0x1e4 build/obj/pawn_ctrl.o

.debug_aranges  0x00000000      0xff8
 .debug_aranges
                0x00000000       0x38 build/obj/crt0.o
 .debug_aranges
                0x00000038       0x20 build/obj/vectors.o
 .debug_aranges
                0x00000058       0x20 build/obj/chcore.o
 .debug_aranges
                0x00000078       0x60 build/obj/chcore_v7m.o
 .debug_aranges
                0x000000d8       0x30 build/obj/nvic.o
 .debug_aranges
                0x00000108       0x30 build/obj/chsys.o
 .debug_aranges
                0x00000138       0x88 build/obj/chdebug.o
 .debug_aranges
                0x000001c0       0x50 build/obj/chlists.o
 .debug_aranges
                0x00000210       0x38 build/obj/chvt.o
 .debug_aranges
                0x00000248       0x58 build/obj/chschd.o
 .debug_aranges
                0x000002a0       0x80 build/obj/chthreads.o
 .debug_aranges
                0x00000320       0x38 build/obj/chdynamic.o
 .debug_aranges
                0x00000358       0x28 build/obj/chregistry.o
 .debug_aranges
                0x00000380       0x70 build/obj/chsem.o
 .debug_aranges
                0x000003f0       0x58 build/obj/chmtx.o
 .debug_aranges
                0x00000448       0x60 build/obj/chcond.o
 .debug_aranges
                0x000004a8       0x78 build/obj/chevents.o
 .debug_aranges
                0x00000520       0x30 build/obj/chmsg.o
 .debug_aranges
                0x00000550       0x70 build/obj/chmboxes.o
 .debug_aranges
                0x000005c0       0x70 build/obj/chqueues.o
 .debug_aranges
                0x00000630       0x38 build/obj/chmemcore.o
 .debug_aranges
                0x00000668       0x40 build/obj/chheap.o
 .debug_aranges
                0x000006a8       0x40 build/obj/chmempools.o
 .debug_aranges
                0x000006e8       0x30 build/obj/hal.o
 .debug_aranges
                0x00000718       0x30 build/obj/pal.o
 .debug_aranges
                0x00000748       0x90 build/obj/usb.o
 .debug_aranges
                0x000007d8       0x38 build/obj/tm.o
 .debug_aranges
                0x00000810       0xb0 build/obj/serial_usb.o
 .debug_aranges
                0x000008c0       0x48 build/obj/rtc.o
 .debug_aranges
                0x00000908       0x28 build/obj/hal_lld.o
 .debug_aranges
                0x00000930       0x28 build/obj/pal_lld.o
 .debug_aranges
                0x00000958       0xc8 build/obj/usb_lld.o
 .debug_aranges
                0x00000a20       0x50 build/obj/rtc_lld.o
 .debug_aranges
                0x00000a70       0x28 build/obj/board.o
 .debug_aranges
                0x00000a98       0x30 build/obj/evtimer.o
 .debug_aranges
                0x00000ac8       0x50 build/obj/syscalls.o
 .debug_aranges
                0x00000b18       0x68 build/obj/shell.o
 .debug_aranges
                0x00000b80       0x28 build/obj/chprintf.o
 .debug_aranges
                0x00000ba8       0xf8 build/obj/stm32f10x_flash.o
 .debug_aranges
                0x00000ca0       0x20 build/obj/main.o
 .debug_aranges
                0x00000cc0       0x50 build/obj/usb_ctrl.o
 .debug_aranges
                0x00000d10       0x28 build/obj/conf_ctrl.o
 .debug_aranges
                0x00000d38      0x188 build/obj/amx.o
 .debug_aranges
                0x00000ec0       0xc0 build/obj/amxcore.o
 .debug_aranges
                0x00000f80       0x78 build/obj/pawn_ctrl.o

.debug_ranges   0x00000000     0x1450
 .debug_ranges  0x00000000       0x58 build/obj/crt0.o
 .debug_ranges  0x00000058       0x10 build/obj/vectors.o
 .debug_ranges  0x00000068       0x10 build/obj/chcore.o
 .debug_ranges  0x00000078       0x68 build/obj/chcore_v7m.o
 .debug_ranges  0x000000e0       0x20 build/obj/nvic.o
 .debug_ranges  0x00000100       0x20 build/obj/chsys.o
 .debug_ranges  0x00000120       0xf0 build/obj/chdebug.o
 .debug_ranges  0x00000210       0x40 build/obj/chlists.o
 .debug_ranges  0x00000250       0x28 build/obj/chvt.o
 .debug_ranges  0x00000278       0xb8 build/obj/chschd.o
 .debug_ranges  0x00000330       0x88 build/obj/chthreads.o
 .debug_ranges  0x000003b8       0x28 build/obj/chdynamic.o
 .debug_ranges  0x000003e0       0x18 build/obj/chregistry.o
 .debug_ranges  0x000003f8       0x78 build/obj/chsem.o
 .debug_ranges  0x00000470       0x80 build/obj/chmtx.o
 .debug_ranges  0x000004f0       0x50 build/obj/chcond.o
 .debug_ranges  0x00000540       0x68 build/obj/chevents.o
 .debug_ranges  0x000005a8       0x20 build/obj/chmsg.o
 .debug_ranges  0x000005c8       0x60 build/obj/chmboxes.o
 .debug_ranges  0x00000628       0x90 build/obj/chqueues.o
 .debug_ranges  0x000006b8       0x28 build/obj/chmemcore.o
 .debug_ranges  0x000006e0       0x30 build/obj/chheap.o
 .debug_ranges  0x00000710       0x30 build/obj/chmempools.o
 .debug_ranges  0x00000740       0x20 build/obj/hal.o
 .debug_ranges  0x00000760       0x20 build/obj/pal.o
 .debug_ranges  0x00000780       0xb0 build/obj/usb.o
 .debug_ranges  0x00000830       0x50 build/obj/tm.o
 .debug_ranges  0x00000880       0xa0 build/obj/serial_usb.o
 .debug_ranges  0x00000920       0x38 build/obj/rtc.o
 .debug_ranges  0x00000958       0x30 build/obj/hal_lld.o
 .debug_ranges  0x00000988       0x18 build/obj/pal_lld.o
 .debug_ranges  0x000009a0      0x1a8 build/obj/usb_lld.o
 .debug_ranges  0x00000b48       0x40 build/obj/rtc_lld.o
 .debug_ranges  0x00000b88       0x18 build/obj/board.o
 .debug_ranges  0x00000ba0       0x20 build/obj/evtimer.o
 .debug_ranges  0x00000bc0       0x40 build/obj/syscalls.o
 .debug_ranges  0x00000c00       0xa8 build/obj/shell.o
 .debug_ranges  0x00000ca8       0x18 build/obj/chprintf.o
 .debug_ranges  0x00000cc0      0x118 build/obj/stm32f10x_flash.o
 .debug_ranges  0x00000dd8       0x10 build/obj/main.o
 .debug_ranges  0x00000de8       0x40 build/obj/usb_ctrl.o
 .debug_ranges  0x00000e28       0x68 build/obj/conf_ctrl.o
 .debug_ranges  0x00000e90      0x420 build/obj/amx.o
 .debug_ranges  0x000012b0       0xf8 build/obj/amxcore.o
 .debug_ranges  0x000013a8       0xa8 build/obj/pawn_ctrl.o

.debug_str      0x00000000     0x4551
 .debug_str     0x00000000      0x1dd build/obj/crt0.o
                                0x222 (size before relaxing)
 .debug_str     0x000001dd       0x51 build/obj/vectors.o
                                0x11c (size before relaxing)
 .debug_str     0x0000022e       0x32 build/obj/chcore.o
                                 0xfd (size before relaxing)
 .debug_str     0x00000260      0x2bc build/obj/chcore_v7m.o
                                0x3bb (size before relaxing)
 .debug_str     0x0000051c       0xb8 build/obj/nvic.o
                                0x1f4 (size before relaxing)
 .debug_str     0x000005d4       0xd7 build/obj/chsys.o
                                0x374 (size before relaxing)
 .debug_str     0x000006ab      0x1a8 build/obj/chdebug.o
                                0x493 (size before relaxing)
 .debug_str     0x00000853       0x74 build/obj/chlists.o
                                0x2ba (size before relaxing)
 .debug_str     0x000008c7       0x5a build/obj/chvt.o
                                0x1a1 (size before relaxing)
 .debug_str     0x00000921       0xaf build/obj/chschd.o
                                0x390 (size before relaxing)
 .debug_str     0x000009d0       0xf5 build/obj/chthreads.o
                                0x3f7 (size before relaxing)
 .debug_str     0x00000ac5       0xf1 build/obj/chdynamic.o
                                0x370 (size before relaxing)
 .debug_str     0x00000bb6       0x47 build/obj/chregistry.o
                                0x2dc (size before relaxing)
 .debug_str     0x00000bfd       0xb4 build/obj/chsem.o
                                0x366 (size before relaxing)
 .debug_str     0x00000cb1       0x83 build/obj/chmtx.o
                                0x327 (size before relaxing)
 .debug_str     0x00000d34       0xb5 build/obj/chcond.o
                                0x34f (size before relaxing)
 .debug_str     0x00000de9      0x157 build/obj/chevents.o
                                0x3f6 (size before relaxing)
 .debug_str     0x00000f40       0x42 build/obj/chmsg.o
                                0x2d7 (size before relaxing)
 .debug_str     0x00000f82       0xe7 build/obj/chmboxes.o
                                0x350 (size before relaxing)
 .debug_str     0x00001069      0x117 build/obj/chqueues.o
                                0x3c4 (size before relaxing)
 .debug_str     0x00001180       0x80 build/obj/chmemcore.o
                                0x15f (size before relaxing)
 .debug_str     0x00001200       0x6f build/obj/chheap.o
                                0x31f (size before relaxing)
 .debug_str     0x0000126f       0x61 build/obj/chmempools.o
                                0x195 (size before relaxing)
 .debug_str     0x000012d0       0xf9 build/obj/hal.o
                                0x1e7 (size before relaxing)
 .debug_str     0x000013c9       0x1c build/obj/adc.o
                                 0xfc (size before relaxing)
 .debug_str     0x000013e5       0x1c build/obj/can.o
                                 0xfc (size before relaxing)
 .debug_str     0x00001401       0x1c build/obj/ext.o
                                 0xfc (size before relaxing)
 .debug_str     0x0000141d       0x1c build/obj/gpt.o
                                 0xfc (size before relaxing)
 .debug_str     0x00001439       0x1c build/obj/i2c.o
                                 0xfc (size before relaxing)
 .debug_str     0x00001455       0x1c build/obj/icu.o
                                 0xfc (size before relaxing)
 .debug_str     0x00001471       0x1c build/obj/mac.o
                                 0xfc (size before relaxing)
 .debug_str     0x0000148d       0x98 build/obj/pal.o
                                0x192 (size before relaxing)
 .debug_str     0x00001525       0x1c build/obj/pwm.o
                                 0xfc (size before relaxing)
 .debug_str     0x00001541       0x1c build/obj/sdc.o
                                 0xfc (size before relaxing)
 .debug_str     0x0000155d       0x1f build/obj/serial.o
                                 0xff (size before relaxing)
 .debug_str     0x0000157c       0x1c build/obj/spi.o
                                 0xfc (size before relaxing)
 .debug_str     0x00001598       0x1d build/obj/uart.o
                                 0xfd (size before relaxing)
 .debug_str     0x000015b5      0x430 build/obj/usb.o
                                0x571 (size before relaxing)
 .debug_str     0x000019e5       0x6e build/obj/tm.o
                                0x1b1 (size before relaxing)
 .debug_str     0x00001a53       0x20 build/obj/mmc_spi.o
                                0x100 (size before relaxing)
 .debug_str     0x00001a73      0x1f5 build/obj/serial_usb.o
                                0x841 (size before relaxing)
 .debug_str     0x00001c68       0xf5 build/obj/rtc.o
                                0x1ed (size before relaxing)
 .debug_str     0x00001d5d       0x32 build/obj/stm32_dma.o
                                0x112 (size before relaxing)
 .debug_str     0x00001d8f      0x110 build/obj/hal_lld.o
                                0x246 (size before relaxing)
 .debug_str     0x00001e9f       0x30 build/obj/adc_lld.o
                                0x110 (size before relaxing)
 .debug_str     0x00001ecf       0x2c build/obj/can_lld.o
                                0x10c (size before relaxing)
 .debug_str     0x00001efb       0x2c build/obj/ext_lld.o
                                0x10c (size before relaxing)
 .debug_str     0x00001f27       0x2c build/obj/gpt_lld.o
                                0x10c (size before relaxing)
 .debug_str     0x00001f53       0x2c build/obj/i2c_lld.o
                                0x10c (size before relaxing)
 .debug_str     0x00001f7f       0x2c build/obj/icu_lld.o
                                0x10c (size before relaxing)
 .debug_str     0x00001fab       0x2c build/obj/mac_lld.o
                                0x10c (size before relaxing)
 .debug_str     0x00001fd7       0x2c build/obj/pwm_lld.o
                                0x10c (size before relaxing)
 .debug_str     0x00002003       0x2f build/obj/serial_lld.o
                                0x10f (size before relaxing)
 .debug_str     0x00002032       0x2c build/obj/sdc_lld.o
                                0x10c (size before relaxing)
 .debug_str     0x0000205e       0x2c build/obj/spi_lld.o
                                0x10c (size before relaxing)
 .debug_str     0x0000208a       0x2d build/obj/uart_lld.o
                                0x10d (size before relaxing)
 .debug_str     0x000020b7       0x63 build/obj/pal_lld.o
                                0x21c (size before relaxing)
 .debug_str     0x0000211a      0x293 build/obj/usb_lld.o
                                0x730 (size before relaxing)
 .debug_str     0x000023ad      0x413 build/obj/rtc_lld.o
                                0x5bb (size before relaxing)
 .debug_str     0x000027c0       0x1a build/obj/board.o
                                0x163 (size before relaxing)
 .debug_str     0x000027da       0x57 build/obj/evtimer.o
                                0x318 (size before relaxing)
 .debug_str     0x00002831      0x49d build/obj/syscalls.o
                                0x5d7 (size before relaxing)
 .debug_str     0x00002cce      0x14b build/obj/shell.o
                                0x4d7 (size before relaxing)
 .debug_str     0x00002e19       0x8d build/obj/chprintf.o
                                0x1ed (size before relaxing)
 .debug_str     0x00002ea6      0x407 build/obj/stm32f10x_flash.o
                                0x552 (size before relaxing)
 .debug_str     0x000032ad        0xc build/obj/main.o
                                 0xff (size before relaxing)
 .debug_str     0x000032b9      0x163 build/obj/usb_ctrl.o
                                0x8e6 (size before relaxing)
 .debug_str     0x0000341c       0x53 build/obj/conf_ctrl.o
                                0x19d (size before relaxing)
 .debug_str     0x0000346f      0xe78 build/obj/amx.o
                               0x1019 (size before relaxing)
 .debug_str     0x000042e7      0x17b build/obj/amxcore.o
                                0x5a4 (size before relaxing)
 .debug_str     0x00004462       0xef build/obj/pawn_ctrl.o
                                0x690 (size before relaxing)

.comment        0x00000000       0x2a
 .comment       0x00000000       0x2a build/obj/crt0.o
                                 0x2b (size before relaxing)
 .comment       0x00000000       0x2b build/obj/vectors.o
 .comment       0x00000000       0x2b build/obj/chcore.o
 .comment       0x00000000       0x2b build/obj/chcore_v7m.o
 .comment       0x00000000       0x2b build/obj/nvic.o
 .comment       0x00000000       0x2b build/obj/chsys.o
 .comment       0x00000000       0x2b build/obj/chdebug.o
 .comment       0x00000000       0x2b build/obj/chlists.o
 .comment       0x00000000       0x2b build/obj/chvt.o
 .comment       0x00000000       0x2b build/obj/chschd.o
 .comment       0x00000000       0x2b build/obj/chthreads.o
 .comment       0x00000000       0x2b build/obj/chdynamic.o
 .comment       0x00000000       0x2b build/obj/chregistry.o
 .comment       0x00000000       0x2b build/obj/chsem.o
 .comment       0x00000000       0x2b build/obj/chmtx.o
 .comment       0x00000000       0x2b build/obj/chcond.o
 .comment       0x00000000       0x2b build/obj/chevents.o
 .comment       0x00000000       0x2b build/obj/chmsg.o
 .comment       0x00000000       0x2b build/obj/chmboxes.o
 .comment       0x00000000       0x2b build/obj/chqueues.o
 .comment       0x00000000       0x2b build/obj/chmemcore.o
 .comment       0x00000000       0x2b build/obj/chheap.o
 .comment       0x00000000       0x2b build/obj/chmempools.o
 .comment       0x00000000       0x2b build/obj/hal.o
 .comment       0x00000000       0x2b build/obj/adc.o
 .comment       0x00000000       0x2b build/obj/can.o
 .comment       0x00000000       0x2b build/obj/ext.o
 .comment       0x00000000       0x2b build/obj/gpt.o
 .comment       0x00000000       0x2b build/obj/i2c.o
 .comment       0x00000000       0x2b build/obj/icu.o
 .comment       0x00000000       0x2b build/obj/mac.o
 .comment       0x00000000       0x2b build/obj/pal.o
 .comment       0x00000000       0x2b build/obj/pwm.o
 .comment       0x00000000       0x2b build/obj/sdc.o
 .comment       0x00000000       0x2b build/obj/serial.o
 .comment       0x00000000       0x2b build/obj/spi.o
 .comment       0x00000000       0x2b build/obj/uart.o
 .comment       0x00000000       0x2b build/obj/usb.o
 .comment       0x00000000       0x2b build/obj/tm.o
 .comment       0x00000000       0x2b build/obj/mmc_spi.o
 .comment       0x00000000       0x2b build/obj/serial_usb.o
 .comment       0x00000000       0x2b build/obj/rtc.o
 .comment       0x00000000       0x2b build/obj/stm32_dma.o
 .comment       0x00000000       0x2b build/obj/hal_lld.o
 .comment       0x00000000       0x2b build/obj/adc_lld.o
 .comment       0x00000000       0x2b build/obj/can_lld.o
 .comment       0x00000000       0x2b build/obj/ext_lld.o
 .comment       0x00000000       0x2b build/obj/gpt_lld.o
 .comment       0x00000000       0x2b build/obj/i2c_lld.o
 .comment       0x00000000       0x2b build/obj/icu_lld.o
 .comment       0x00000000       0x2b build/obj/mac_lld.o
 .comment       0x00000000       0x2b build/obj/pwm_lld.o
 .comment       0x00000000       0x2b build/obj/serial_lld.o
 .comment       0x00000000       0x2b build/obj/sdc_lld.o
 .comment       0x00000000       0x2b build/obj/spi_lld.o
 .comment       0x00000000       0x2b build/obj/uart_lld.o
 .comment       0x00000000       0x2b build/obj/pal_lld.o
 .comment       0x00000000       0x2b build/obj/usb_lld.o
 .comment       0x00000000       0x2b build/obj/rtc_lld.o
 .comment       0x00000000       0x2b build/obj/board.o
 .comment       0x00000000       0x2b build/obj/evtimer.o
 .comment       0x00000000       0x2b build/obj/syscalls.o
 .comment       0x00000000       0x2b build/obj/shell.o
 .comment       0x00000000       0x2b build/obj/chprintf.o
 .comment       0x00000000       0x2b build/obj/stm32f10x_flash.o
 .comment       0x00000000       0x2b build/obj/main.o
 .comment       0x00000000       0x2b build/obj/usb_ctrl.o
 .comment       0x00000000       0x2b build/obj/conf_ctrl.o
 .comment       0x00000000       0x2b build/obj/amx.o
 .comment       0x00000000       0x2b build/obj/amxcore.o
 .comment       0x00000000       0x2b build/obj/pawn_ctrl.o

.ARM.attributes
                0x00000000       0x31
 .ARM.attributes
                0x00000000       0x31 build/obj/crt0.o
 .ARM.attributes
                0x00000031       0x31 build/obj/vectors.o
 .ARM.attributes
                0x00000062       0x31 build/obj/chcore.o
 .ARM.attributes
                0x00000093       0x31 build/obj/chcore_v7m.o
 .ARM.attributes
                0x000000c4       0x31 build/obj/nvic.o
 .ARM.attributes
                0x000000f5       0x31 build/obj/chsys.o
 .ARM.attributes
                0x00000126       0x31 build/obj/chdebug.o
 .ARM.attributes
                0x00000157       0x31 build/obj/chlists.o
 .ARM.attributes
                0x00000188       0x31 build/obj/chvt.o
 .ARM.attributes
                0x000001b9       0x31 build/obj/chschd.o
 .ARM.attributes
                0x000001ea       0x31 build/obj/chthreads.o
 .ARM.attributes
                0x0000021b       0x31 build/obj/chdynamic.o
 .ARM.attributes
                0x0000024c       0x31 build/obj/chregistry.o
 .ARM.attributes
                0x0000027d       0x31 build/obj/chsem.o
 .ARM.attributes
                0x000002ae       0x31 build/obj/chmtx.o
 .ARM.attributes
                0x000002df       0x31 build/obj/chcond.o
 .ARM.attributes
                0x00000310       0x31 build/obj/chevents.o
 .ARM.attributes
                0x00000341       0x31 build/obj/chmsg.o
 .ARM.attributes
                0x00000372       0x31 build/obj/chmboxes.o
 .ARM.attributes
                0x000003a3       0x31 build/obj/chqueues.o
 .ARM.attributes
                0x000003d4       0x31 build/obj/chmemcore.o
 .ARM.attributes
                0x00000405       0x31 build/obj/chheap.o
 .ARM.attributes
                0x00000436       0x31 build/obj/chmempools.o
 .ARM.attributes
                0x00000467       0x31 build/obj/hal.o
 .ARM.attributes
                0x00000498       0x31 build/obj/adc.o
 .ARM.attributes
                0x000004c9       0x31 build/obj/can.o
 .ARM.attributes
                0x000004fa       0x31 build/obj/ext.o
 .ARM.attributes
                0x0000052b       0x31 build/obj/gpt.o
 .ARM.attributes
                0x0000055c       0x31 build/obj/i2c.o
 .ARM.attributes
                0x0000058d       0x31 build/obj/icu.o
 .ARM.attributes
                0x000005be       0x31 build/obj/mac.o
 .ARM.attributes
                0x000005ef       0x31 build/obj/pal.o
 .ARM.attributes
                0x00000620       0x31 build/obj/pwm.o
 .ARM.attributes
                0x00000651       0x31 build/obj/sdc.o
 .ARM.attributes
                0x00000682       0x31 build/obj/serial.o
 .ARM.attributes
                0x000006b3       0x31 build/obj/spi.o
 .ARM.attributes
                0x000006e4       0x31 build/obj/uart.o
 .ARM.attributes
                0x00000715       0x31 build/obj/usb.o
 .ARM.attributes
                0x00000746       0x31 build/obj/tm.o
 .ARM.attributes
                0x00000777       0x31 build/obj/mmc_spi.o
 .ARM.attributes
                0x000007a8       0x31 build/obj/serial_usb.o
 .ARM.attributes
                0x000007d9       0x31 build/obj/rtc.o
 .ARM.attributes
                0x0000080a       0x31 build/obj/stm32_dma.o
 .ARM.attributes
                0x0000083b       0x31 build/obj/hal_lld.o
 .ARM.attributes
                0x0000086c       0x31 build/obj/adc_lld.o
 .ARM.attributes
                0x0000089d       0x31 build/obj/can_lld.o
 .ARM.attributes
                0x000008ce       0x31 build/obj/ext_lld.o
 .ARM.attributes
                0x000008ff       0x31 build/obj/gpt_lld.o
 .ARM.attributes
                0x00000930       0x31 build/obj/i2c_lld.o
 .ARM.attributes
                0x00000961       0x31 build/obj/icu_lld.o
 .ARM.attributes
                0x00000992       0x31 build/obj/mac_lld.o
 .ARM.attributes
                0x000009c3       0x31 build/obj/pwm_lld.o
 .ARM.attributes
                0x000009f4       0x31 build/obj/serial_lld.o
 .ARM.attributes
                0x00000a25       0x31 build/obj/sdc_lld.o
 .ARM.attributes
                0x00000a56       0x31 build/obj/spi_lld.o
 .ARM.attributes
                0x00000a87       0x31 build/obj/uart_lld.o
 .ARM.attributes
                0x00000ab8       0x31 build/obj/pal_lld.o
 .ARM.attributes
                0x00000ae9       0x31 build/obj/usb_lld.o
 .ARM.attributes
                0x00000b1a       0x31 build/obj/rtc_lld.o
 .ARM.attributes
                0x00000b4b       0x31 build/obj/board.o
 .ARM.attributes
                0x00000b7c       0x31 build/obj/evtimer.o
 .ARM.attributes
                0x00000bad       0x31 build/obj/syscalls.o
 .ARM.attributes
                0x00000bde       0x31 build/obj/shell.o
 .ARM.attributes
                0x00000c0f       0x31 build/obj/chprintf.o
 .ARM.attributes
                0x00000c40       0x31 build/obj/stm32f10x_flash.o
 .ARM.attributes
                0x00000c71       0x31 build/obj/main.o
 .ARM.attributes
                0x00000ca2       0x31 build/obj/usb_ctrl.o
 .ARM.attributes
                0x00000cd3       0x31 build/obj/conf_ctrl.o
 .ARM.attributes
                0x00000d04       0x31 build/obj/amx.o
 .ARM.attributes
                0x00000d35       0x31 build/obj/amxcore.o
 .ARM.attributes
                0x00000d66       0x31 build/obj/pawn_ctrl.o
 .ARM.attributes
                0x00000d97       0x29 /home/z80/programs/code-sourcery/2011.03-42/bin/../lib/gcc/arm-none-eabi/4.5.2/../../../../arm-none-eabi/lib/thumb2/libc.a(lib_a-malloc.o)
 .ARM.attributes
                0x00000dc0       0x29 /home/z80/programs/code-sourcery/2011.03-42/bin/../lib/gcc/arm-none-eabi/4.5.2/../../../../arm-none-eabi/lib/thumb2/libc.a(lib_a-mallocr.o)
 .ARM.attributes
                0x00000de9       0x29 /home/z80/programs/code-sourcery/2011.03-42/bin/../lib/gcc/arm-none-eabi/4.5.2/../../../../arm-none-eabi/lib/thumb2/libc.a(lib_a-memcmp.o)
 .ARM.attributes
                0x00000e12       0x29 /home/z80/programs/code-sourcery/2011.03-42/bin/../lib/gcc/arm-none-eabi/4.5.2/../../../../arm-none-eabi/lib/thumb2/libc.a(lib_a-memcpy.o)
 .ARM.attributes
                0x00000e3b       0x29 /home/z80/programs/code-sourcery/2011.03-42/bin/../lib/gcc/arm-none-eabi/4.5.2/../../../../arm-none-eabi/lib/thumb2/libc.a(lib_a-memset.o)
 .ARM.attributes
                0x00000e64       0x29 /home/z80/programs/code-sourcery/2011.03-42/bin/../lib/gcc/arm-none-eabi/4.5.2/../../../../arm-none-eabi/lib/thumb2/libc.a(lib_a-mlock.o)
 .ARM.attributes
                0x00000e8d       0x29 /home/z80/programs/code-sourcery/2011.03-42/bin/../lib/gcc/arm-none-eabi/4.5.2/../../../../arm-none-eabi/lib/thumb2/libc.a(lib_a-strcasecmp.o)
 .ARM.attributes
                0x00000eb6       0x29 /home/z80/programs/code-sourcery/2011.03-42/bin/../lib/gcc/arm-none-eabi/4.5.2/../../../../arm-none-eabi/lib/thumb2/libc.a(lib_a-strchr.o)
 .ARM.attributes
                0x00000edf       0x29 /home/z80/programs/code-sourcery/2011.03-42/bin/../lib/gcc/arm-none-eabi/4.5.2/../../../../arm-none-eabi/lib/thumb2/libc.a(lib_a-strcmp.o)
 .ARM.attributes
                0x00000f08       0x29 /home/z80/programs/code-sourcery/2011.03-42/bin/../lib/gcc/arm-none-eabi/4.5.2/../../../../arm-none-eabi/lib/thumb2/libc.a(lib_a-strcpy.o)
 .ARM.attributes
                0x00000f31       0x29 /home/z80/programs/code-sourcery/2011.03-42/bin/../lib/gcc/arm-none-eabi/4.5.2/../../../../arm-none-eabi/lib/thumb2/libc.a(lib_a-strlen.o)
 .ARM.attributes
                0x00000f5a       0x29 /home/z80/programs/code-sourcery/2011.03-42/bin/../lib/gcc/arm-none-eabi/4.5.2/../../../../arm-none-eabi/lib/thumb2/libc.a(lib_a-strspn.o)
 .ARM.attributes
                0x00000f83       0x29 /home/z80/programs/code-sourcery/2011.03-42/bin/../lib/gcc/arm-none-eabi/4.5.2/../../../../arm-none-eabi/lib/thumb2/libc.a(lib_a-time.o)
 .ARM.attributes
                0x00000fac       0x29 /home/z80/programs/code-sourcery/2011.03-42/bin/../lib/gcc/arm-none-eabi/4.5.2/../../../../arm-none-eabi/lib/thumb2/libc.a(lib_a-wcslen.o)
 .ARM.attributes
                0x00000fd5       0x29 /home/z80/programs/code-sourcery/2011.03-42/bin/../lib/gcc/arm-none-eabi/4.5.2/../../../../arm-none-eabi/lib/thumb2/libc.a(lib_a-ctype_.o)
 .ARM.attributes
                0x00000ffe       0x29 /home/z80/programs/code-sourcery/2011.03-42/bin/../lib/gcc/arm-none-eabi/4.5.2/../../../../arm-none-eabi/lib/thumb2/libc.a(lib_a-freer.o)
 .ARM.attributes
                0x00001027       0x29 /home/z80/programs/code-sourcery/2011.03-42/bin/../lib/gcc/arm-none-eabi/4.5.2/../../../../arm-none-eabi/lib/thumb2/libc.a(lib_a-gettimeofdayr.o)
 .ARM.attributes
                0x00001050       0x29 /home/z80/programs/code-sourcery/2011.03-42/bin/../lib/gcc/arm-none-eabi/4.5.2/../../../../arm-none-eabi/lib/thumb2/libc.a(lib_a-impure.o)
 .ARM.attributes
                0x00001079       0x29 /home/z80/programs/code-sourcery/2011.03-42/bin/../lib/gcc/arm-none-eabi/4.5.2/../../../../arm-none-eabi/lib/thumb2/libc.a(lib_a-reent.o)

.debug_frame    0x00000000     0x2e20
 .debug_frame   0x00000000       0x50 build/obj/crt0.o
 .debug_frame   0x00000050       0x20 build/obj/vectors.o
 .debug_frame   0x00000070       0x20 build/obj/chcore.o
 .debug_frame   0x00000090       0xd4 build/obj/chcore_v7m.o
 .debug_frame   0x00000164       0x60 build/obj/nvic.o
 .debug_frame   0x000001c4       0x60 build/obj/chsys.o
 .debug_frame   0x00000224      0x140 build/obj/chdebug.o
 .debug_frame   0x00000364       0x88 build/obj/chlists.o
 .debug_frame   0x000003ec       0x74 build/obj/chvt.o
 .debug_frame   0x00000460       0xf8 build/obj/chschd.o
 .debug_frame   0x00000558      0x198 build/obj/chthreads.o
 .debug_frame   0x000006f0       0xa0 build/obj/chdynamic.o
 .debug_frame   0x00000790       0x4c build/obj/chregistry.o
 .debug_frame   0x000007dc      0x174 build/obj/chsem.o
 .debug_frame   0x00000950      0x100 build/obj/chmtx.o
 .debug_frame   0x00000a50      0x124 build/obj/chcond.o
 .debug_frame   0x00000b74      0x1a4 build/obj/chevents.o
 .debug_frame   0x00000d18       0x6c build/obj/chmsg.o
 .debug_frame   0x00000d84      0x16c build/obj/chmboxes.o
 .debug_frame   0x00000ef0      0x17c build/obj/chqueues.o
 .debug_frame   0x0000106c       0x68 build/obj/chmemcore.o
 .debug_frame   0x000010d4       0xb0 build/obj/chheap.o
 .debug_frame   0x00001184       0xa8 build/obj/chmempools.o
 .debug_frame   0x0000122c       0x4c build/obj/hal.o
 .debug_frame   0x00001278       0x6c build/obj/pal.o
 .debug_frame   0x000012e4      0x1cc build/obj/usb.o
 .debug_frame   0x000014b0       0x5c build/obj/tm.o
 .debug_frame   0x0000150c      0x1dc build/obj/serial_usb.o
 .debug_frame   0x000016e8       0xc0 build/obj/rtc.o
 .debug_frame   0x000017a8       0x3c build/obj/hal_lld.o
 .debug_frame   0x000017e4       0x4c build/obj/pal_lld.o
 .debug_frame   0x00001830      0x210 build/obj/usb_lld.o
 .debug_frame   0x00001a40       0xa4 build/obj/rtc_lld.o
 .debug_frame   0x00001ae4       0x30 build/obj/board.o
 .debug_frame   0x00001b14       0x64 build/obj/evtimer.o
 .debug_frame   0x00001b78       0x9c build/obj/syscalls.o
 .debug_frame   0x00001c14      0x144 build/obj/shell.o
 .debug_frame   0x00001d58       0x6c build/obj/chprintf.o
 .debug_frame   0x00001dc4      0x28c build/obj/stm32f10x_flash.o
 .debug_frame   0x00002050       0x2c build/obj/main.o
 .debug_frame   0x0000207c       0xd0 build/obj/usb_ctrl.o
 .debug_frame   0x0000214c       0x60 build/obj/conf_ctrl.o
 .debug_frame   0x000021ac      0x5a0 build/obj/amx.o
 .debug_frame   0x0000274c      0x228 build/obj/amxcore.o
 .debug_frame   0x00002974      0x164 build/obj/pawn_ctrl.o
 .debug_frame   0x00002ad8       0x30 /home/z80/programs/code-sourcery/2011.03-42/bin/../lib/gcc/arm-none-eabi/4.5.2/../../../../arm-none-eabi/lib/thumb2/libc.a(lib_a-malloc.o)
 .debug_frame   0x00002b08       0x3c /home/z80/programs/code-sourcery/2011.03-42/bin/../lib/gcc/arm-none-eabi/4.5.2/../../../../arm-none-eabi/lib/thumb2/libc.a(lib_a-mallocr.o)
 .debug_frame   0x00002b44       0x2c /home/z80/programs/code-sourcery/2011.03-42/bin/../lib/gcc/arm-none-eabi/4.5.2/../../../../arm-none-eabi/lib/thumb2/libc.a(lib_a-memcmp.o)
 .debug_frame   0x00002b70       0x30 /home/z80/programs/code-sourcery/2011.03-42/bin/../lib/gcc/arm-none-eabi/4.5.2/../../../../arm-none-eabi/lib/thumb2/libc.a(lib_a-memcpy.o)
 .debug_frame   0x00002ba0       0x2c /home/z80/programs/code-sourcery/2011.03-42/bin/../lib/gcc/arm-none-eabi/4.5.2/../../../../arm-none-eabi/lib/thumb2/libc.a(lib_a-memset.o)
 .debug_frame   0x00002bcc       0x30 /home/z80/programs/code-sourcery/2011.03-42/bin/../lib/gcc/arm-none-eabi/4.5.2/../../../../arm-none-eabi/lib/thumb2/libc.a(lib_a-mlock.o)
 .debug_frame   0x00002bfc       0x2c /home/z80/programs/code-sourcery/2011.03-42/bin/../lib/gcc/arm-none-eabi/4.5.2/../../../../arm-none-eabi/lib/thumb2/libc.a(lib_a-strcasecmp.o)
 .debug_frame   0x00002c28       0x2c /home/z80/programs/code-sourcery/2011.03-42/bin/../lib/gcc/arm-none-eabi/4.5.2/../../../../arm-none-eabi/lib/thumb2/libc.a(lib_a-strchr.o)
 .debug_frame   0x00002c54       0x30 /home/z80/programs/code-sourcery/2011.03-42/bin/../lib/gcc/arm-none-eabi/4.5.2/../../../../arm-none-eabi/lib/thumb2/libc.a(lib_a-strcmp.o)
 .debug_frame   0x00002c84       0x20 /home/z80/programs/code-sourcery/2011.03-42/bin/../lib/gcc/arm-none-eabi/4.5.2/../../../../arm-none-eabi/lib/thumb2/libc.a(lib_a-strcpy.o)
 .debug_frame   0x00002ca4       0x20 /home/z80/programs/code-sourcery/2011.03-42/bin/../lib/gcc/arm-none-eabi/4.5.2/../../../../arm-none-eabi/lib/thumb2/libc.a(lib_a-strlen.o)
 .debug_frame   0x00002cc4       0x2c /home/z80/programs/code-sourcery/2011.03-42/bin/../lib/gcc/arm-none-eabi/4.5.2/../../../../arm-none-eabi/lib/thumb2/libc.a(lib_a-strspn.o)
 .debug_frame   0x00002cf0       0x2c /home/z80/programs/code-sourcery/2011.03-42/bin/../lib/gcc/arm-none-eabi/4.5.2/../../../../arm-none-eabi/lib/thumb2/libc.a(lib_a-time.o)
 .debug_frame   0x00002d1c       0x20 /home/z80/programs/code-sourcery/2011.03-42/bin/../lib/gcc/arm-none-eabi/4.5.2/../../../../arm-none-eabi/lib/thumb2/libc.a(lib_a-wcslen.o)
 .debug_frame   0x00002d3c       0x50 /home/z80/programs/code-sourcery/2011.03-42/bin/../lib/gcc/arm-none-eabi/4.5.2/../../../../arm-none-eabi/lib/thumb2/libc.a(lib_a-freer.o)
 .debug_frame   0x00002d8c       0x2c /home/z80/programs/code-sourcery/2011.03-42/bin/../lib/gcc/arm-none-eabi/4.5.2/../../../../arm-none-eabi/lib/thumb2/libc.a(lib_a-gettimeofdayr.o)
 .debug_frame   0x00002db8       0x68 /home/z80/programs/code-sourcery/2011.03-42/bin/../lib/gcc/arm-none-eabi/4.5.2/../../../../arm-none-eabi/lib/thumb2/libc.a(lib_a-reent.o)

Cross Reference Table

Symbol                                            File
BusFaultVector                                    build/obj/vectors.o
DebugMonitorVector                                build/obj/vectors.o
FLASH_ClearFlag                                   build/obj/stm32f10x_flash.o
FLASH_EnableWriteProtection                       build/obj/stm32f10x_flash.o