Archive member included because of file (symbol)

/home/z80/programs/code-sourcery/2011.03-42/bin/../lib/gcc/arm-none-eabi/4.5.2/../../../../arm-none-eabi/lib/thumb2/libc.a(lib_a-assert.o)
                              target/pawn/amx.o (__assert_func)
/home/z80/programs/code-sourcery/2011.03-42/bin/../lib/gcc/arm-none-eabi/4.5.2/../../../../arm-none-eabi/lib/thumb2/libc.a(lib_a-fiprintf.o)
                              /home/z80/programs/code-sourcery/2011.03-42/bin/../lib/gcc/arm-none-eabi/4.5.2/../../../../arm-none-eabi/lib/thumb2/libc.a(lib_a-assert.o) (fiprintf)
/home/z80/programs/code-sourcery/2011.03-42/bin/../lib/gcc/arm-none-eabi/4.5.2/../../../../arm-none-eabi/lib/thumb2/libc.a(lib_a-impure.o)
                              /home/z80/programs/code-sourcery/2011.03-42/bin/../lib/gcc/arm-none-eabi/4.5.2/../../../../arm-none-eabi/lib/thumb2/libc.a(lib_a-assert.o) (_impure_ptr)
/home/z80/programs/code-sourcery/2011.03-42/bin/../lib/gcc/arm-none-eabi/4.5.2/../../../../arm-none-eabi/lib/thumb2/libc.a(lib_a-memcmp.o)
                              target/freertos/tasks.o (memcmp)
/home/z80/programs/code-sourcery/2011.03-42/bin/../lib/gcc/arm-none-eabi/4.5.2/../../../../arm-none-eabi/lib/thumb2/libc.a(lib_a-memcpy.o)
                              target/freertos/queue.o (memcpy)
/home/z80/programs/code-sourcery/2011.03-42/bin/../lib/gcc/arm-none-eabi/4.5.2/../../../../arm-none-eabi/lib/thumb2/libc.a(lib_a-memset.o)
                              target/freertos/tasks.o (memset)
/home/z80/programs/code-sourcery/2011.03-42/bin/../lib/gcc/arm-none-eabi/4.5.2/../../../../arm-none-eabi/lib/thumb2/libc.a(lib_a-puts.o)
                              target/src/main.o (puts)
/home/z80/programs/code-sourcery/2011.03-42/bin/../lib/gcc/arm-none-eabi/4.5.2/../../../../arm-none-eabi/lib/thumb2/libc.a(lib_a-reent.o)
                              target/src/usb_related/newlib_stubs.o (errno)
/home/z80/programs/code-sourcery/2011.03-42/bin/../lib/gcc/arm-none-eabi/4.5.2/../../../../arm-none-eabi/lib/thumb2/libc.a(lib_a-sprintf.o)
                              target/src/task_plot.o (sprintf)
/home/z80/programs/code-sourcery/2011.03-42/bin/../lib/gcc/arm-none-eabi/4.5.2/../../../../arm-none-eabi/lib/thumb2/libc.a(lib_a-strcmp.o)
                              target/pawn/amx.o (strcmp)
/home/z80/programs/code-sourcery/2011.03-42/bin/../lib/gcc/arm-none-eabi/4.5.2/../../../../arm-none-eabi/lib/thumb2/libc.a(lib_a-strcpy.o)
                              target/pawn/amx.o (strcpy)
/home/z80/programs/code-sourcery/2011.03-42/bin/../lib/gcc/arm-none-eabi/4.5.2/../../../../arm-none-eabi/lib/thumb2/libc.a(lib_a-strlen.o)
                              target/pawn/amx.o (strlen)
/home/z80/programs/code-sourcery/2011.03-42/bin/../lib/gcc/arm-none-eabi/4.5.2/../../../../arm-none-eabi/lib/thumb2/libc.a(lib_a-strncpy.o)
                              target/freertos/tasks.o (strncpy)
/home/z80/programs/code-sourcery/2011.03-42/bin/../lib/gcc/arm-none-eabi/4.5.2/../../../../arm-none-eabi/lib/thumb2/libc.a(lib_a-svfprintf.o)
                              /home/z80/programs/code-sourcery/2011.03-42/bin/../lib/gcc/arm-none-eabi/4.5.2/../../../../arm-none-eabi/lib/thumb2/libc.a(lib_a-sprintf.o) (_svfprintf_r)
/home/z80/programs/code-sourcery/2011.03-42/bin/../lib/gcc/arm-none-eabi/4.5.2/../../../../arm-none-eabi/lib/thumb2/libc.a(lib_a-vfiprintf.o)
                              /home/z80/programs/code-sourcery/2011.03-42/bin/../lib/gcc/arm-none-eabi/4.5.2/../../../../arm-none-eabi/lib/thumb2/libc.a(lib_a-fiprintf.o) (_vfiprintf_r)
/home/z80/programs/code-sourcery/2011.03-42/bin/../lib/gcc/arm-none-eabi/4.5.2/../../../../arm-none-eabi/lib/thumb2/libc.a(lib_a-wcslen.o)
                              target/pawn/amx.o (wcslen)
/home/z80/programs/code-sourcery/2011.03-42/bin/../lib/gcc/arm-none-eabi/4.5.2/../../../../arm-none-eabi/lib/thumb2/libc.a(lib_a-wsetup.o)
                              /home/z80/programs/code-sourcery/2011.03-42/bin/../lib/gcc/arm-none-eabi/4.5.2/../../../../arm-none-eabi/lib/thumb2/libc.a(lib_a-vfiprintf.o) (__swsetup_r)
/home/z80/programs/code-sourcery/2011.03-42/bin/../lib/gcc/arm-none-eabi/4.5.2/../../../../arm-none-eabi/lib/thumb2/libc.a(lib_a-abort.o)
                              /home/z80/programs/code-sourcery/2011.03-42/bin/../lib/gcc/arm-none-eabi/4.5.2/../../../../arm-none-eabi/lib/thumb2/libc.a(lib_a-assert.o) (abort)
/home/z80/programs/code-sourcery/2011.03-42/bin/../lib/gcc/arm-none-eabi/4.5.2/../../../../arm-none-eabi/lib/thumb2/libc.a(lib_a-dtoa.o)
                              /home/z80/programs/code-sourcery/2011.03-42/bin/../lib/gcc/arm-none-eabi/4.5.2/../../../../arm-none-eabi/lib/thumb2/libc.a(lib_a-svfprintf.o) (_dtoa_r)
/home/z80/programs/code-sourcery/2011.03-42/bin/../lib/gcc/arm-none-eabi/4.5.2/../../../../arm-none-eabi/lib/thumb2/libc.a(lib_a-fflush.o)
[...]
Memory Configuration

Name             Origin             Length             Attributes
FLASH            0x08005000         0x00010000         xr
RAM              0x20000000         0x00002800         xrw
MEMORY_B1        0x60000000         0x00000000         xr
*default*        0x00000000         0xffffffff

Linker script and memory map

LOAD /home/z80/programs/code-sourcery/2011.03-42/bin/../lib/gcc/arm-none-eabi/4.5.2/thumb2/crti.o
LOAD /home/z80/programs/code-sourcery/2011.03-42/bin/../lib/gcc/arm-none-eabi/4.5.2/thumb2/crtbegin.o
LOAD target/cmsis/src/core_cm3.o
LOAD target/freertos/cm3/port.o
LOAD target/freertos/memmang/heap_1.o
LOAD target/src/routines/cr_funcs.o
LOAD target/src/routines/cr_usbio.o
LOAD target/src/routines/gpio.o
LOAD target/src/usb_related/hw_config.o
LOAD target/src/usb_related/newlib_stubs.o
LOAD target/src/usb_related/usb_desc.o
LOAD target/src/usb_related/usb_endp.o
LOAD target/src/usb_related/usb_istr.o
LOAD target/src/usb_related/usb_prop.o
LOAD target/src/usb_related/usb_pwr.o
LOAD target/3310/3310-backend.o
LOAD target/3310/3310.o
LOAD target/fatfs/ff.o
LOAD target/fatfs/sd_spi_stm32.o
LOAD target/freertos/croutine.o
LOAD target/freertos/list.o
LOAD target/freertos/queue.o
LOAD target/freertos/tasks.o
LOAD target/freertos/timers.o
LOAD target/pawn/amx.o
LOAD target/pawn/amxpool.o
LOAD target/pawn/pawn_loader.o
LOAD target/src/data_struct.o
LOAD target/src/main.o
LOAD target/src/stm32f10x_it.o
LOAD target/src/system_stm32f10x.o
LOAD target/src/task_adc.o
LOAD target/src/task_plot.o
LOAD target/stdperiph/misc.o
LOAD target/stdperiph/stm32f10x_adc.o
LOAD target/stdperiph/stm32f10x_bkp.o
LOAD target/stdperiph/stm32f10x_can.o
LOAD target/stdperiph/stm32f10x_cec.o
LOAD target/stdperiph/stm32f10x_crc.o
LOAD target/stdperiph/stm32f10x_dac.o
LOAD target/stdperiph/stm32f10x_dbgmcu.o
LOAD target/stdperiph/stm32f10x_dma.o
LOAD target/stdperiph/stm32f10x_exti.o
LOAD target/stdperiph/stm32f10x_flash.o
LOAD target/stdperiph/stm32f10x_fsmc.o
LOAD target/stdperiph/stm32f10x_gpio.o
LOAD target/stdperiph/stm32f10x_i2c.o
LOAD target/stdperiph/stm32f10x_iwdg.o
LOAD target/stdperiph/stm32f10x_pwr.o
LOAD target/stdperiph/stm32f10x_rcc.o
LOAD target/stdperiph/stm32f10x_rtc.o
LOAD target/stdperiph/stm32f10x_sdio.o
LOAD target/stdperiph/stm32f10x_spi.o
LOAD target/stdperiph/stm32f10x_tim.o
LOAD target/stdperiph/stm32f10x_usart.o
LOAD target/stdperiph/stm32f10x_wwdg.o
LOAD target/usb/usb_core.o
LOAD target/usb/usb_init.o
LOAD target/usb/usb_int.o
LOAD target/usb/usb_mem.o
LOAD target/usb/usb_regs.o
LOAD target/usb/usb_sil.o
LOAD target/cmsis/startup/startup_stm32f10x_md.o
LOAD /home/z80/programs/code-sourcery/2011.03-42/bin/../lib/gcc/arm-none-eabi/4.5.2/../../../../arm-none-eabi/lib/thumb2/libm.a
                0x00001000                malloc_getpagesize_P = 0x1000
START GROUP
LOAD /home/z80/programs/code-sourcery/2011.03-42/bin/../lib/gcc/arm-none-eabi/4.5.2/thumb2/libgcc.a
LOAD /home/z80/programs/code-sourcery/2011.03-42/bin/../lib/gcc/arm-none-eabi/4.5.2/../../../../arm-none-eabi/lib/thumb2/libc.a
END GROUP
LOAD /home/z80/programs/code-sourcery/2011.03-42/bin/../lib/gcc/arm-none-eabi/4.5.2/thumb2/crtend.o
LOAD /home/z80/programs/code-sourcery/2011.03-42/bin/../lib/gcc/arm-none-eabi/4.5.2/thumb2/crtn.o
                0x20002800                _estack = 0x20002800
                0x00000000                _Min_Heap_Size = 0x0
                0x00000080                _Min_Stack_Size = 0x80

.isr_vector     0x08005000      0x10c
                0x08005000                . = ALIGN (0x4)
 *(.isr_vector)
 .isr_vector    0x08005000      0x10c target/cmsis/startup/startup_stm32f10x_md.o
                0x08005000                g_pfnVectors
                0x0800510c                . = ALIGN (0x4)

.text           0x0800510c     0x52f4
                0x0800510c                . = ALIGN (0x4)
 *(.text)
 .text          0x0800510c       0x30 /home/z80/programs/code-sourcery/2011.03-42/bin/../lib/gcc/arm-none-eabi/4.5.2/thumb2/crtbegin.o
 .text          0x0800513c       0x64 /home/z80/programs/code-sourcery/2011.03-42/bin/../lib/gcc/arm-none-eabi/4.5.2/../../../../arm-none-eabi/lib/thumb2/libc.a(lib_a-memcmp.o)
                0x0800513c                memcmp
 .text          0x080051a0      0x150 /home/z80/programs/code-sourcery/2011.03-42/bin/../lib/gcc/arm-none-eabi/4.5.2/../../../../arm-none-eabi/lib/thumb2/libc.a(lib_a-memcpy.o)
                0x080051a0                memcpy
 .text          0x080052f0       0xb4 /home/z80/programs/code-sourcery/2011.03-42/bin/../lib/gcc/arm-none-eabi/4.5.2/../../../../arm-none-eabi/lib/thumb2/libc.a(lib_a-memset.o)
                0x080052f0                memset
 .text          0x080053a4       0x88 /home/z80/programs/code-sourcery/2011.03-42/bin/../lib/gcc/arm-none-eabi/4.5.2/../../../../arm-none-eabi/lib/thumb2/libc.a(lib_a-puts.o)
                0x080053a4                _puts_r
                0x0800541c                puts
 .text          0x0800542c       0x60 /home/z80/programs/code-sourcery/2011.03-42/bin/../lib/gcc/arm-none-eabi/4.5.2/../../../../arm-none-eabi/lib/thumb2/libc.a(lib_a-strlen.o)
                0x0800542c                strlen
 .text          0x0800548c      0x104 /home/z80/programs/code-sourcery/2011.03-42/bin/../lib/gcc/arm-none-eabi/4.5.2/../../../../arm-none-eabi/lib/thumb2/libc.a(lib_a-wsetup.o)
                0x0800548c                __swsetup_r
 .text          0x08005590      0x1ec /home/z80/programs/code-sourcery/2011.03-42/bin/../lib/gcc/arm-none-eabi/4.5.2/../../../../arm-none-eabi/lib/thumb2/libc.a(lib_a-fflush.o)
                0x08005590                _fflush_r
                0x08005754                fflush
 .text          0x0800577c      0x220 /home/z80/programs/code-sourcery/2011.03-42/bin/../lib/gcc/arm-none-eabi/4.5.2/../../../../arm-none-eabi/lib/thumb2/libc.a(lib_a-findfp.o)
                0x08005784                _cleanup_r
                0x08005790                __sfmoreglue
                0x080057c0                _cleanup
                0x080057cc                __sinit
                0x080058d4                __sfp
                0x0800595c                __sfp_lock_acquire
                0x08005960                __sfp_lock_release
                0x08005964                __sinit_lock_acquire
                0x08005968                __sinit_lock_release
                0x0800596c                __fp_lock_all
                0x08005984                __fp_unlock_all
 .text          0x0800599c      0x240 /home/z80/programs/code-sourcery/2011.03-42/bin/../lib/gcc/arm-none-eabi/4.5.2/../../../../arm-none-eabi/lib/thumb2/libc.a(lib_a-freer.o)
                0x0800599c                _malloc_trim_r
                0x08005a44                _free_r
 .text          0x08005bdc      0x338 /home/z80/programs/code-sourcery/2011.03-42/bin/../lib/gcc/arm-none-eabi/4.5.2/../../../../arm-none-eabi/lib/thumb2/libc.a(lib_a-fvwrite.o)
                0x08005bdc                __sfvwrite_r
 .text          0x08005f14       0xac /home/z80/programs/code-sourcery/2011.03-42/bin/../lib/gcc/arm-none-eabi/4.5.2/../../../../arm-none-eabi/lib/thumb2/libc.a(lib_a-fwalk.o)
                0x08005f14                _fwalk
                0x08005f68                _fwalk_reent
 .text          0x08005fc0       0xec /home/z80/programs/code-sourcery/2011.03-42/bin/../lib/gcc/arm-none-eabi/4.5.2/../../../../arm-none-eabi/lib/thumb2/libc.a(lib_a-makebuf.o)
                0x08005fc0                __smakebuf_r
 .text          0x080060ac      0x57c /home/z80/programs/code-sourcery/2011.03-42/bin/../lib/gcc/arm-none-eabi/4.5.2/../../../../arm-none-eabi/lib/thumb2/libc.a(lib_a-mallocr.o)
                0x080060ac                _malloc_r
 .text          0x08006628       0x8c /home/z80/programs/code-sourcery/2011.03-42/bin/../lib/gcc/arm-none-eabi/4.5.2/../../../../arm-none-eabi/lib/thumb2/libc.a(lib_a-memchr.o)
                0x08006628                memchr
 .text          0x080066b4       0xb4 /home/z80/programs/code-sourcery/2011.03-42/bin/../lib/gcc/arm-none-eabi/4.5.2/../../../../arm-none-eabi/lib/thumb2/libc.a(lib_a-memmove.o)
                0x080066b4                memmove
 .text          0x08006768        0x8 /home/z80/programs/code-sourcery/2011.03-42/bin/../lib/gcc/arm-none-eabi/4.5.2/../../../../arm-none-eabi/lib/thumb2/libc.a(lib_a-mlock.o)
                0x08006768                __malloc_lock
                0x0800676c                __malloc_unlock
 .text          0x08006770      0x41c /home/z80/programs/code-sourcery/2011.03-42/bin/../lib/gcc/arm-none-eabi/4.5.2/../../../../arm-none-eabi/lib/thumb2/libc.a(lib_a-reallocr.o)
                0x08006770                _realloc_r
 .text          0x08006b8c       0x28 /home/z80/programs/code-sourcery/2011.03-42/bin/../lib/gcc/arm-none-eabi/4.5.2/../../../../arm-none-eabi/lib/thumb2/libc.a(lib_a-sbrkr.o)
                0x08006b8c                _sbrk_r
 .text          0x08006bb4       0x94 /home/z80/programs/code-sourcery/2011.03-42/bin/../lib/gcc/arm-none-eabi/4.5.2/../../../../arm-none-eabi/lib/thumb2/libc.a(lib_a-stdio.o)
                0x08006bb4                __sread
                0x08006bd8                __seofread
                0x08006bdc                __swrite
                0x08006c18                __sseek
                0x08006c40                __sclose
 .text          0x08006c48       0x2c /home/z80/programs/code-sourcery/2011.03-42/bin/../lib/gcc/arm-none-eabi/4.5.2/../../../../arm-none-eabi/lib/thumb2/libc.a(lib_a-writer.o)
                0x08006c48                _write_r
 .text          0x08006c74       0x28 /home/z80/programs/code-sourcery/2011.03-42/bin/../lib/gcc/arm-none-eabi/4.5.2/../../../../arm-none-eabi/lib/thumb2/libc.a(lib_a-closer.o)
                0x08006c74                _close_r
 .text          0x08006c9c       0xc4 /home/z80/programs/code-sourcery/2011.03-42/bin/../lib/gcc/arm-none-eabi/4.5.2/../../../../arm-none-eabi/lib/thumb2/libc.a(lib_a-fclose.o)
                0x08006c9c                _fclose_r
                0x08006d50                fclose
 .text          0x08006d60       0x2c /home/z80/programs/code-sourcery/2011.03-42/bin/../lib/gcc/arm-none-eabi/4.5.2/../../../../arm-none-eabi/lib/thumb2/libc.a(lib_a-fstatr.o)
                0x08006d60                _fstat_r
 .text          0x08006d8c       0x28 /home/z80/programs/code-sourcery/2011.03-42/bin/../lib/gcc/arm-none-eabi/4.5.2/../../../../arm-none-eabi/lib/thumb2/libc.a(lib_a-isattyr.o)
                0x08006d8c                _isatty_r
 .text          0x08006db4       0x2c /home/z80/programs/code-sourcery/2011.03-42/bin/../lib/gcc/arm-none-eabi/4.5.2/../../../../arm-none-eabi/lib/thumb2/libc.a(lib_a-lseekr.o)
                0x08006db4                _lseek_r
 .text          0x08006de0       0x2c /home/z80/programs/code-sourcery/2011.03-42/bin/../lib/gcc/arm-none-eabi/4.5.2/../../../../arm-none-eabi/lib/thumb2/libc.a(lib_a-readr.o)
                0x08006de0                _read_r
 *(.text*)
 .text.__get_MSP
                0x08006e0c        0x8 target/cmsis/src/core_cm3.o
                0x08006e0c                __get_MSP
 .text.SVC_Handler
                0x08006e14       0x20 target/freertos/cm3/port.o
                0x08006e14                SVC_Handler
 .text.PendSV_Handler
                0x08006e34       0x3c target/freertos/cm3/port.o
                0x08006e34                PendSV_Handler
 .text.SysTick_Handler
                0x08006e70       0x24 target/freertos/cm3/port.o
                0x08006e70                SysTick_Handler
 .text.IntToUnicode
                0x08006e94       0x26 target/src/usb_related/hw_config.o
 .text.Set_USBClock
                0x08006eba       0x16 target/src/usb_related/hw_config.o
                0x08006eba                Set_USBClock
 .text.USB_Interrupts_Config
                0x08006ed0       0x28 target/src/usb_related/hw_config.o
                0x08006ed0                USB_Interrupts_Config
 .text.USB_Cable_Config
                0x08006ef8        0x2 target/src/usb_related/hw_config.o
                0x08006ef8                USB_Cable_Config
 *fill*         0x08006efa        0x2 00
 .text.Handle_USBAsynchXfer
                0x08006efc       0x88 target/src/usb_related/hw_config.o
                0x08006efc                Handle_USBAsynchXfer
 .text.USB_Send_Data
                0x08006f84       0x20 target/src/usb_related/hw_config.o
                0x08006f84                USB_Send_Data
 .text.Get_SerialNum
                0x08006fa4       0x38 target/src/usb_related/hw_config.o
                0x08006fa4                Get_SerialNum
 .text.USB_SetLeds
                0x08006fdc        0x2 target/src/usb_related/hw_config.o
                0x08006fdc                USB_SetLeds
 .text._close   0x08006fde        0x6 target/src/usb_related/newlib_stubs.o
                0x08006fde                _close
 .text._fstat   0x08006fe4        0xa target/src/usb_related/newlib_stubs.o
                0x08006fe4                _fstat
 *fill*         0x08006fee        0x2 00
 .text._isatty  0x08006ff0       0x18 target/src/usb_related/newlib_stubs.o
                0x08006ff0                _isatty
 .text._lseek   0x08007008        0x4 target/src/usb_related/newlib_stubs.o
                0x08007008                _lseek
 .text._read    0x0800700c       0x40 target/src/usb_related/newlib_stubs.o
                0x0800700c                _read
 .text._write   0x0800704c       0x44 target/src/usb_related/newlib_stubs.o
                0x0800704c                _write
 .text._sbrk    0x08007090       0x4c target/src/usb_related/newlib_stubs.o
                0x08007090                _sbrk
 .text.EP1_IN_Callback
                0x080070dc        0x4 target/src/usb_related/usb_endp.o
                0x080070dc                EP1_IN_Callback
 .text.EP3_OUT_Callback
                0x080070e0       0x34 target/src/usb_related/usb_endp.o
                0x080070e0                EP3_OUT_Callback
 .text.SOF_Callback
                0x08007114       0x28 target/src/usb_related/usb_endp.o
                0x08007114                SOF_Callback
 .text.USB_Istr
                0x0800713c       0x74 target/src/usb_related/usb_istr.o
                0x0800713c                USB_Istr
 .text.Virtual_Com_Port_SetConfiguration
                0x080071b0       0x18 target/src/usb_related/usb_prop.o
                0x080071b0                Virtual_Com_Port_SetConfiguration
 .text.Virtual_Com_Port_SetDeviceAddress
                0x080071c8        0xc target/src/usb_related/usb_prop.o
                0x080071c8                Virtual_Com_Port_SetDeviceAddress
 .text.Virtual_Com_Port_Status_In
                0x080071d4       0x14 target/src/usb_related/usb_prop.o
                0x080071d4                Virtual_Com_Port_Status_In
 .text.Virtual_Com_Port_Status_Out
                0x080071e8        0x2 target/src/usb_related/usb_prop.o
                0x080071e8                Virtual_Com_Port_Status_Out
 *fill*         0x080071ea        0x2 00
 .text.Virtual_Com_Port_Data_Setup
                0x080071ec       0x64 target/src/usb_related/usb_prop.o
                0x080071ec                Virtual_Com_Port_Data_Setup
 .text.Virtual_Com_Port_NoData_Setup
                0x08007250       0x28 target/src/usb_related/usb_prop.o
                0x08007250                Virtual_Com_Port_NoData_Setup
 .text.Virtual_Com_Port_Get_Interface_Setting
                0x08007278       0x10 target/src/usb_related/usb_prop.o
                0x08007278                Virtual_Com_Port_Get_Interface_Setting
 .text.Virtual_Com_Port_GetLineCoding
                0x08007288       0x18 target/src/usb_related/usb_prop.o
                0x08007288                Virtual_Com_Port_GetLineCoding
 .text.Virtual_Com_Port_SetLineCoding
                0x080072a0       0x18 target/src/usb_related/usb_prop.o
                0x080072a0                Virtual_Com_Port_SetLineCoding
 .text.Virtual_Com_Port_GetStringDescriptor
                0x080072b8       0x20 target/src/usb_related/usb_prop.o
                0x080072b8                Virtual_Com_Port_GetStringDescriptor
 .text.Virtual_Com_Port_GetConfigDescriptor
                0x080072d8        0xc target/src/usb_related/usb_prop.o
                0x080072d8                Virtual_Com_Port_GetConfigDescriptor
 .text.Virtual_Com_Port_GetDeviceDescriptor
                0x080072e4        0xc target/src/usb_related/usb_prop.o
                0x080072e4                Virtual_Com_Port_GetDeviceDescriptor
 .text.Virtual_Com_Port_Reset
                0x080072f0       0xe0 target/src/usb_related/usb_prop.o
                0x080072f0                Virtual_Com_Port_Reset
 .text.Virtual_Com_Port_init
                0x080073d0       0x24 target/src/usb_related/usb_prop.o
                0x080073d0                Virtual_Com_Port_init
 .text.PowerOn  0x080073f4       0x30 target/src/usb_related/usb_pwr.o
                0x080073f4                PowerOn
 .text.mem_cpy  0x08007424       0x10 target/fatfs/ff.o
 .text.mem_set  0x08007434        0xc target/fatfs/ff.o
 .text.validate
                0x08007440       0x26 target/fatfs/ff.o
 *fill*         0x08007466        0x2 00
 .text.check_fs
                0x08007468       0x88 target/fatfs/ff.o
 .text.chk_mounted
                0x080074f0      0x328 target/fatfs/ff.o
 .text.move_window
                0x08007818       0x7c target/fatfs/ff.o
 .text.sync     0x08007894       0xb2 target/fatfs/ff.o
 .text.clust2sect
                0x08007946       0x18 target/fatfs/ff.o
                0x08007946                clust2sect
 .text.get_fat  0x0800795e       0xd0 target/fatfs/ff.o
                0x0800795e                get_fat
 .text.dir_sdi  0x08007a2e       0x8a target/fatfs/ff.o
 .text.put_fat  0x08007ab8       0xf2 target/fatfs/ff.o
                0x08007ab8                put_fat
 .text.create_chain
                0x08007baa       0x9e target/fatfs/ff.o
 .text.dir_next
                0x08007c48      0x108 target/fatfs/ff.o
 .text.follow_path
                0x08007d50      0x1a4 target/fatfs/ff.o
 .text.dir_register
                0x08007ef4       0x5e target/fatfs/ff.o
 .text.remove_chain
                0x08007f52       0x5a target/fatfs/ff.o
 .text.f_mount  0x08007fac       0x20 target/fatfs/ff.o
                0x08007fac                f_mount
 .text.f_open   0x08007fcc      0x140 target/fatfs/ff.o
                0x08007fcc                f_open
 .text.f_read   0x0800810c      0x174 target/fatfs/ff.o
                0x0800810c                f_read
 .text.f_write  0x08008280      0x1a6 target/fatfs/ff.o
                0x08008280                f_write
 .text.f_sync   0x08008426       0xa4 target/fatfs/ff.o
                0x08008426                f_sync
 .text.f_close  0x080084ca        0xe target/fatfs/ff.o
                0x080084ca                f_close
 .text.f_lseek  0x080084d8      0x15c target/fatfs/ff.o
                0x080084d8                f_lseek
 .text.interface_speed
                0x08008634       0x20 target/fatfs/sd_spi_stm32.o
 .text.power_on
                0x08008654       0xf4 target/fatfs/sd_spi_stm32.o
 .text.stm32_spi_rw
                0x08008748       0x24 target/fatfs/sd_spi_stm32.o
 .text.rcvr_spi
                0x0800876c        0x6 target/fatfs/sd_spi_stm32.o
 *fill*         0x08008772        0x2 00
 .text.wait_ready
                0x08008774       0x20 target/fatfs/sd_spi_stm32.o
 .text.release_spi
                0x08008794       0x18 target/fatfs/sd_spi_stm32.o
 .text.power_off
                0x080087ac       0x64 target/fatfs/sd_spi_stm32.o
 .text.send_cmd
                0x08008810       0x94 target/fatfs/sd_spi_stm32.o
 .text.rcvr_datablock
                0x080088a4       0x5c target/fatfs/sd_spi_stm32.o
 .text.xmit_datablock
                0x08008900       0x58 target/fatfs/sd_spi_stm32.o
 .text.disk_initialize
                0x08008958      0x128 target/fatfs/sd_spi_stm32.o
                0x08008958                disk_initialize
 .text.disk_status
                0x08008a80       0x10 target/fatfs/sd_spi_stm32.o
                0x08008a80                disk_status
 .text.disk_read
                0x08008a90       0x8c target/fatfs/sd_spi_stm32.o
                0x08008a90                disk_read
 .text.disk_write
                0x08008b1c       0xac target/fatfs/sd_spi_stm32.o
                0x08008b1c                disk_write
 .text.disk_ioctl
                0x08008bc8      0x220 target/fatfs/sd_spi_stm32.o
                0x08008bc8                disk_ioctl
 .text.vListInsertEnd
                0x08008de8       0x1a target/freertos/list.o
                0x08008de8                vListInsertEnd
 .text.vListRemove
                0x08008e02       0x20 target/freertos/list.o
                0x08008e02                vListRemove
 *fill*         0x08008e22        0x2 00
 .text.vTaskIncrementTick
                0x08008e24       0xdc target/freertos/tasks.o
                0x08008e24                vTaskIncrementTick
 .text.vTaskSwitchContext
                0x08008f00       0xa8 target/freertos/tasks.o
                0x08008f00                vTaskSwitchContext
 .text.USB_LP_CAN1_RX0_IRQHandler
                0x08008fa8        0x4 target/src/main.o
                0x08008fa8                USB_LP_CAN1_RX0_IRQHandler
 .text.get_fattime
                0x08008fac       0x10 target/src/main.o
                0x08008fac                get_fattime
 .text.main     0x08008fbc       0xd0 target/src/main.o
                0x08008fbc                main
 .text.vApplicationStackOverflowHook
                0x0800908c       0x10 target/src/main.o
                0x0800908c                vApplicationStackOverflowHook
 .text.NMI_Handler
                0x0800909c        0x2 target/src/stm32f10x_it.o
                0x0800909c                NMI_Handler
 .text.HardFault_Handler
                0x0800909e        0x2 target/src/stm32f10x_it.o
                0x0800909e                HardFault_Handler
 .text.MemManage_Handler
                0x080090a0        0x2 target/src/stm32f10x_it.o
                0x080090a0                MemManage_Handler
 .text.BusFault_Handler
                0x080090a2        0x2 target/src/stm32f10x_it.o
                0x080090a2                BusFault_Handler
 .text.UsageFault_Handler
                0x080090a4        0x2 target/src/stm32f10x_it.o
                0x080090a4                UsageFault_Handler
 .text.DebugMon_Handler
                0x080090a6        0x2 target/src/stm32f10x_it.o
                0x080090a6                DebugMon_Handler
 .text.SystemInit
                0x080090a8       0xfc target/src/system_stm32f10x.o
                0x080090a8                SystemInit
 .text.NVIC_PriorityGroupConfig
                0x080091a4       0x14 target/stdperiph/misc.o
                0x080091a4                NVIC_PriorityGroupConfig
 .text.NVIC_Init
                0x080091b8       0x60 target/stdperiph/misc.o
                0x080091b8                NVIC_Init
 .text.NVIC_SetVectorTable
                0x08009218       0x14 target/stdperiph/misc.o
                0x08009218                NVIC_SetVectorTable
 .text.GPIO_Init
                0x0800922c       0x9e target/stdperiph/stm32f10x_gpio.o
                0x0800922c                GPIO_Init
 .text.GPIO_SetBits
                0x080092ca        0x4 target/stdperiph/stm32f10x_gpio.o
                0x080092ca                GPIO_SetBits
 .text.GPIO_ResetBits
                0x080092ce        0x4 target/stdperiph/stm32f10x_gpio.o
                0x080092ce                GPIO_ResetBits
 *fill*         0x080092d2        0x2 00
 .text.RCC_USBCLKConfig
                0x080092d4        0xc target/stdperiph/stm32f10x_rcc.o
                0x080092d4                RCC_USBCLKConfig
 .text.RCC_APB2PeriphClockCmd
                0x080092e0       0x18 target/stdperiph/stm32f10x_rcc.o
                0x080092e0                RCC_APB2PeriphClockCmd
 .text.RCC_APB1PeriphClockCmd
                0x080092f8       0x18 target/stdperiph/stm32f10x_rcc.o
                0x080092f8                RCC_APB1PeriphClockCmd
 .text.RCC_APB2PeriphResetCmd
                0x08009310       0x18 target/stdperiph/stm32f10x_rcc.o
                0x08009310                RCC_APB2PeriphResetCmd
 .text.RCC_APB1PeriphResetCmd
                0x08009328       0x18 target/stdperiph/stm32f10x_rcc.o
                0x08009328                RCC_APB1PeriphResetCmd
 .text.SPI_I2S_DeInit
                0x08009340       0x64 target/stdperiph/stm32f10x_spi.o
                0x08009340                SPI_I2S_DeInit
 .text.SPI_Init
                0x080093a4       0x40 target/stdperiph/stm32f10x_spi.o
                0x080093a4                SPI_Init
 .text.SPI_Cmd  0x080093e4       0x1a target/stdperiph/stm32f10x_spi.o
                0x080093e4                SPI_Cmd
 .text.SPI_I2S_SendData
                0x080093fe        0x4 target/stdperiph/stm32f10x_spi.o
                0x080093fe                SPI_I2S_SendData
 .text.SPI_I2S_ReceiveData
                0x08009402        0x6 target/stdperiph/stm32f10x_spi.o
                0x08009402                SPI_I2S_ReceiveData
 .text.SPI_CalculateCRC
                0x08009408       0x1a target/stdperiph/stm32f10x_spi.o
                0x08009408                SPI_CalculateCRC
 .text.SPI_I2S_GetFlagStatus
                0x08009422        0xc target/stdperiph/stm32f10x_spi.o
                0x08009422                SPI_I2S_GetFlagStatus
 .text.USART_ReceiveData
                0x0800942e        0x8 target/stdperiph/stm32f10x_usart.o
                0x0800942e                USART_ReceiveData
 .text.USART_GetFlagStatus
                0x08009436        0xc target/stdperiph/stm32f10x_usart.o
                0x08009436                USART_GetFlagStatus
 *fill*         0x08009442        0x2 00
 .text.Standard_GetConfiguration
                0x08009444       0x24 target/usb/usb_core.o
                0x08009444                Standard_GetConfiguration
 .text.Standard_GetInterface
                0x08009468       0x24 target/usb/usb_core.o
                0x08009468                Standard_GetInterface
 .text.Standard_GetStatus
                0x0800948c       0xa8 target/usb/usb_core.o
                0x0800948c                Standard_GetStatus
 .text.DataStageIn
                0x08009534       0xa8 target/usb/usb_core.o
 .text.Standard_SetConfiguration
                0x080095dc       0x3c target/usb/usb_core.o
                0x080095dc                Standard_SetConfiguration
 .text.Standard_SetInterface
                0x08009618       0x4c target/usb/usb_core.o
                0x08009618                Standard_SetInterface
 .text.Standard_ClearFeature
                0x08009664       0xec target/usb/usb_core.o
                0x08009664                Standard_ClearFeature
 .text.Standard_SetEndPointFeature
                0x08009750       0x9c target/usb/usb_core.o
                0x08009750                Standard_SetEndPointFeature
 .text.Standard_SetDeviceFeature
                0x080097ec       0x24 target/usb/usb_core.o
                0x080097ec                Standard_SetDeviceFeature
 .text.Standard_GetDescriptorData
                0x08009810       0x1c target/usb/usb_core.o
                0x08009810                Standard_GetDescriptorData
 .text.Post0_Process
                0x0800982c       0x44 target/usb/usb_core.o
                0x0800982c                Post0_Process
 .text.Out0_Process
                0x08009870       0xd0 target/usb/usb_core.o
                0x08009870                Out0_Process
 .text.Setup0_Process
                0x08009940      0x2f0 target/usb/usb_core.o
                0x08009940                Setup0_Process
 .text.SetDeviceAddress
                0x08009c30       0x48 target/usb/usb_core.o
                0x08009c30                SetDeviceAddress
 .text.In0_Process
                0x08009c78       0x5c target/usb/usb_core.o
                0x08009c78                In0_Process
 .text.NOP_Process
                0x08009cd4        0x2 target/usb/usb_core.o
                0x08009cd4                NOP_Process
 *fill*         0x08009cd6        0x2 00
 .text.USB_Init
                0x08009cd8       0x38 target/usb/usb_init.o
                0x08009cd8                USB_Init
 .text.CTR_LP   0x08009d10      0x18c target/usb/usb_int.o
                0x08009d10                CTR_LP
 .text.UserToPMABufferCopy
                0x08009e9c       0x2e target/usb/usb_mem.o
                0x08009e9c                UserToPMABufferCopy
 .text.PMAToUserBufferCopy
                0x08009eca       0x20 target/usb/usb_mem.o
                0x08009eca                PMAToUserBufferCopy
 *fill*         0x08009eea        0x2 00
 .text.SetBTABLE
                0x08009eec       0x14 target/usb/usb_regs.o
                0x08009eec                SetBTABLE
 .text.SetEPType
                0x08009f00       0x1a target/usb/usb_regs.o
                0x08009f00                SetEPType
 .text.SetEPTxStatus
                0x08009f1a       0x38 target/usb/usb_regs.o
                0x08009f1a                SetEPTxStatus
 .text.SetEPRxStatus
                0x08009f52       0x38 target/usb/usb_regs.o
                0x08009f52                SetEPRxStatus
 .text.SetEPTxValid
                0x08009f8a       0x24 target/usb/usb_regs.o
                0x08009f8a                SetEPTxValid
 .text.SetEPRxValid
                0x08009fae       0x24 target/usb/usb_regs.o
                0x08009fae                SetEPRxValid
 .text.Clear_Status_Out
                0x08009fd2       0x20 target/usb/usb_regs.o
                0x08009fd2                Clear_Status_Out
 .text.ClearDTOG_RX
                0x08009ff2       0x28 target/usb/usb_regs.o
                0x08009ff2                ClearDTOG_RX
 .text.ClearDTOG_TX
                0x0800a01a       0x28 target/usb/usb_regs.o
                0x0800a01a                ClearDTOG_TX
 *fill*         0x0800a042        0x2 00
 .text.SetEPTxAddr
                0x0800a044       0x24 target/usb/usb_regs.o
                0x0800a044                SetEPTxAddr
 .text.SetEPRxAddr
                0x0800a068       0x24 target/usb/usb_regs.o
                0x0800a068                SetEPRxAddr
 .text.GetEPTxAddr
                0x0800a08c       0x1c target/usb/usb_regs.o
                0x0800a08c                GetEPTxAddr
 .text.GetEPRxAddr
                0x0800a0a8       0x1c target/usb/usb_regs.o
                0x0800a0a8                GetEPRxAddr
 .text.SetEPTxCount
                0x0800a0c4       0x1c target/usb/usb_regs.o
                0x0800a0c4                SetEPTxCount
 .text.SetEPRxCount
                0x0800a0e0       0x40 target/usb/usb_regs.o
                0x0800a0e0                SetEPRxCount
 .text.GetEPRxCount
                0x0800a120       0x20 target/usb/usb_regs.o
                0x0800a120                GetEPRxCount
 .text.ByteSwap
                0x0800a140        0xa target/usb/usb_regs.o
                0x0800a140                ByteSwap
 *fill*         0x0800a14a        0x2 00
 .text.USB_SIL_Init
                0x0800a14c       0x20 target/usb/usb_sil.o
                0x0800a14c                USB_SIL_Init
 .text.USB_SIL_Read
                0x0800a16c       0x24 target/usb/usb_sil.o
                0x0800a16c                USB_SIL_Read
 .text.Reset_Handler
                0x0800a190       0x44 target/cmsis/startup/startup_stm32f10x_md.o
                0x0800a190                Reset_Handler
 .text.Default_Handler
                0x0800a1d4        0x2 target/cmsis/startup/startup_stm32f10x_md.o
                0x0800a1d4                EXTI2_IRQHandler
                0x0800a1d4                TIM1_CC_IRQHandler
                0x0800a1d4                PVD_IRQHandler
                0x0800a1d4                EXTI3_IRQHandler
                0x0800a1d4                EXTI0_IRQHandler
                0x0800a1d4                I2C2_EV_IRQHandler
                0x0800a1d4                ADC1_2_IRQHandler
                0x0800a1d4                SPI1_IRQHandler
                0x0800a1d4                TAMPER_IRQHandler
                0x0800a1d4                DMA1_Channel4_IRQHandler
                0x0800a1d4                USART3_IRQHandler
                0x0800a1d4                RTC_IRQHandler
                0x0800a1d4                DMA1_Channel7_IRQHandler
                0x0800a1d4                CAN1_RX1_IRQHandler
                0x0800a1d4                TIM4_IRQHandler
                0x0800a1d4                I2C1_EV_IRQHandler
                0x0800a1d4                DMA1_Channel6_IRQHandler
                0x0800a1d4                TIM3_IRQHandler
                0x0800a1d4                RCC_IRQHandler
                0x0800a1d4                TIM1_TRG_COM_IRQHandler
                0x0800a1d4                DMA1_Channel1_IRQHandler
                0x0800a1d4                Default_Handler
                0x0800a1d4                EXTI15_10_IRQHandler
                0x0800a1d4                EXTI9_5_IRQHandler
                0x0800a1d4                SPI2_IRQHandler
                0x0800a1d4                DMA1_Channel5_IRQHandler
                0x0800a1d4                EXTI4_IRQHandler
                0x0800a1d4                USB_HP_CAN1_TX_IRQHandler
                0x0800a1d4                DMA1_Channel3_IRQHandler
                0x0800a1d4                TIM1_UP_IRQHandler
                0x0800a1d4                WWDG_IRQHandler
                0x0800a1d4                TIM2_IRQHandler
                0x0800a1d4                TIM1_BRK_IRQHandler
                0x0800a1d4                EXTI1_IRQHandler
                0x0800a1d4                RTCAlarm_IRQHandler
                0x0800a1d4                USART2_IRQHandler
                0x0800a1d4                I2C2_ER_IRQHandler
                0x0800a1d4                DMA1_Channel2_IRQHandler
                0x0800a1d4                CAN1_SCE_IRQHandler
                0x0800a1d4                FLASH_IRQHandler
                0x0800a1d4                USART1_IRQHandler
                0x0800a1d4                I2C1_ER_IRQHandler
                0x0800a1d4                USBWakeUp_IRQHandler
 *(.rodata)
 *fill*         0x0800a1d6        0x2 00
 .rodata        0x0800a1d8        0x4 /home/z80/programs/code-sourcery/2011.03-42/bin/../lib/gcc/arm-none-eabi/4.5.2/../../../../arm-none-eabi/lib/thumb2/libc.a(lib_a-impure.o)
                0x0800a1d8                _global_impure_ptr
 .rodata        0x0800a1dc       0x60 /home/z80/programs/code-sourcery/2011.03-42/bin/../lib/gcc/arm-none-eabi/4.5.2/../../../../arm-none-eabi/lib/thumb2/libc.a(lib_a-findfp.o)
                0x0800a1dc                __sf_fake_stdin
                0x0800a1fc                __sf_fake_stdout
                0x0800a21c                __sf_fake_stderr
 *(.rodata*)
 .rodata.str1.1
                0x0800a23c       0x1a target/src/usb_related/newlib_stubs.o
 .rodata.Virtual_Com_Port_StringVendor
                0x0800a256       0x26 target/src/usb_related/usb_desc.o
                0x0800a256                Virtual_Com_Port_StringVendor
 .rodata.Virtual_Com_Port_DeviceDescriptor
                0x0800a27c       0x12 target/src/usb_related/usb_desc.o
                0x0800a27c                Virtual_Com_Port_DeviceDescriptor
 .rodata.Virtual_Com_Port_StringLangID
                0x0800a28e        0x4 target/src/usb_related/usb_desc.o
                0x0800a28e                Virtual_Com_Port_StringLangID
 .rodata.Virtual_Com_Port_StringProduct
                0x0800a292       0x32 target/src/usb_related/usb_desc.o
                0x0800a292                Virtual_Com_Port_StringProduct
 .rodata.Virtual_Com_Port_ConfigDescriptor
                0x0800a2c4       0x43 target/src/usb_related/usb_desc.o
                0x0800a2c4                Virtual_Com_Port_ConfigDescriptor
 .rodata.excvt.4282
                0x0800a307       0x80 target/fatfs/ff.o
 .rodata.str1.1
                0x0800a387        0xf target/fatfs/ff.o
 .rodata.ucExpectedStackBytes.5755
                0x0800a396       0x14 target/freertos/tasks.o
 .rodata.str1.1
                0x0800a3aa       0x34 target/src/main.o
 *fill*         0x0800a3de        0x2 00
 .rodata.str1.4
                0x0800a3e0        0x2 /home/z80/programs/code-sourcery/2011.03-42/bin/../lib/gcc/arm-none-eabi/4.5.2/../../../../arm-none-eabi/lib/thumb2/libc.a(lib_a-impure.o)
                                  0x4 (size before relaxing)
 *fill*         0x0800a3e2        0x2 00
 .rodata.str1.4
                0x0800a3e4        0x4 /home/z80/programs/code-sourcery/2011.03-42/bin/../lib/gcc/arm-none-eabi/4.5.2/../../../../arm-none-eabi/lib/thumb2/libc.a(lib_a-puts.o)
 *(.glue_7)
 .glue_7        0x00000000        0x0 linker stubs
 *(.glue_7t)
 .glue_7t       0x00000000        0x0 linker stubs
 *(.init)
 .init          0x0800a3e8        0x4 /home/z80/programs/code-sourcery/2011.03-42/bin/../lib/gcc/arm-none-eabi/4.5.2/thumb2/crti.o
                0x0800a3e8                _init
 .init          0x0800a3ec        0x8 /home/z80/programs/code-sourcery/2011.03-42/bin/../lib/gcc/arm-none-eabi/4.5.2/thumb2/crtn.o
 *(.fini)
 .fini          0x0800a3f4        0x4 /home/z80/programs/code-sourcery/2011.03-42/bin/../lib/gcc/arm-none-eabi/4.5.2/thumb2/crti.o
                0x0800a3f4                _fini
 .fini          0x0800a3f8        0x8 /home/z80/programs/code-sourcery/2011.03-42/bin/../lib/gcc/arm-none-eabi/4.5.2/thumb2/crtn.o
                0x0800a400                . = ALIGN (0x4)
                0x0800a400                _etext = .

.vfp11_veneer   0x0800a400        0x0
 .vfp11_veneer  0x00000000        0x0 linker stubs

.v4_bx          0x0800a400        0x0
 .v4_bx         0x00000000        0x0 linker stubs

.ARM.extab
 *(.ARM.extab* .gnu.linkonce.armextab.*)

.ARM            0x0800a400        0x0
                0x0800a400                __exidx_start = .
 *(.ARM.exidx*)
                0x0800a400                __exidx_end = .

.ARM.attributes
                0x0800a400       0x25
 *(.ARM.attributes)
 .ARM.attributes
                0x0800a400       0x19 /home/z80/programs/code-sourcery/2011.03-42/bin/../lib/gcc/arm-none-eabi/4.5.2/thumb2/crti.o
 .ARM.attributes
                0x0800a419       0x29 /home/z80/programs/code-sourcery/2011.03-42/bin/../lib/gcc/arm-none-eabi/4.5.2/thumb2/crtbegin.o
 .ARM.attributes
                0x0800a442       0x31 target/cmsis/src/core_cm3.o
 .ARM.attributes
                0x0800a473       0x31 target/freertos/cm3/port.o
 .ARM.attributes
                0x0800a4a4       0x31 target/freertos/memmang/heap_1.o
 .ARM.attributes
                0x0800a4d5       0x31 target/src/routines/cr_funcs.o
 .ARM.attributes
                0x0800a506       0x31 target/src/routines/cr_usbio.o
 .ARM.attributes
                0x0800a537       0x31 target/src/routines/gpio.o
 .ARM.attributes
                0x0800a568       0x31 target/src/usb_related/hw_config.o
 .ARM.attributes
                0x0800a599       0x31 target/src/usb_related/newlib_stubs.o
 .ARM.attributes
                0x0800a5ca       0x31 target/src/usb_related/usb_desc.o
 .ARM.attributes
                0x0800a5fb       0x31 target/src/usb_related/usb_endp.o
 .ARM.attributes
                0x0800a62c       0x31 target/src/usb_related/usb_istr.o
 .ARM.attributes
                0x0800a65d       0x31 target/src/usb_related/usb_prop.o
 .ARM.attributes
                0x0800a68e       0x31 target/src/usb_related/usb_pwr.o
 .ARM.attributes
                0x0800a6bf       0x31 target/3310/3310-backend.o
 .ARM.attributes
                0x0800a6f0       0x31 target/3310/3310.o
 .ARM.attributes
                0x0800a721       0x31 target/fatfs/ff.o
 .ARM.attributes
                0x0800a752       0x31 target/fatfs/sd_spi_stm32.o
 .ARM.attributes
                0x0800a783       0x31 target/freertos/croutine.o
 .ARM.attributes
                0x0800a7b4       0x31 target/freertos/list.o
 .ARM.attributes
                0x0800a7e5       0x31 target/freertos/queue.o
 .ARM.attributes
                0x0800a816       0x31 target/freertos/tasks.o
 .ARM.attributes
                0x0800a847       0x31 target/freertos/timers.o
 .ARM.attributes
                0x0800a878       0x31 target/pawn/amx.o
 .ARM.attributes
                0x0800a8a9       0x31 target/pawn/amxpool.o
 .ARM.attributes
                0x0800a8da       0x31 target/pawn/pawn_loader.o
 .ARM.attributes
                0x0800a90b       0x31 target/src/data_struct.o
 .ARM.attributes
                0x0800a93c       0x31 target/src/main.o
 .ARM.attributes
                0x0800a96d       0x31 target/src/stm32f10x_it.o
 .ARM.attributes
                0x0800a99e       0x31 target/src/system_stm32f10x.o
 .ARM.attributes
                0x0800a9cf       0x31 target/src/task_adc.o
 .ARM.attributes
                0x0800aa00       0x31 target/src/task_plot.o
 .ARM.attributes
                0x0800aa31       0x31 target/stdperiph/misc.o
 .ARM.attributes
                0x0800aa62       0x31 target/stdperiph/stm32f10x_adc.o
 .ARM.attributes
                0x0800aa93       0x31 target/stdperiph/stm32f10x_bkp.o
 .ARM.attributes
                0x0800aac4       0x31 target/stdperiph/stm32f10x_can.o
 .ARM.attributes
                0x0800aaf5       0x31 target/stdperiph/stm32f10x_cec.o
 .ARM.attributes
                0x0800ab26       0x31 target/stdperiph/stm32f10x_crc.o
 .ARM.attributes
                0x0800ab57       0x31 target/stdperiph/stm32f10x_dac.o
 .ARM.attributes
                0x0800ab88       0x31 target/stdperiph/stm32f10x_dbgmcu.o
 .ARM.attributes
                0x0800abb9       0x31 target/stdperiph/stm32f10x_dma.o
 .ARM.attributes
                0x0800abea       0x31 target/stdperiph/stm32f10x_exti.o
 .ARM.attributes
                0x0800ac1b       0x31 target/stdperiph/stm32f10x_flash.o
 .ARM.attributes
                0x0800ac4c       0x31 target/stdperiph/stm32f10x_fsmc.o
 .ARM.attributes
                0x0800ac7d       0x31 target/stdperiph/stm32f10x_gpio.o
 .ARM.attributes
                0x0800acae       0x31 target/stdperiph/stm32f10x_i2c.o
 .ARM.attributes
                0x0800acdf       0x31 target/stdperiph/stm32f10x_iwdg.o
 .ARM.attributes
                0x0800ad10       0x31 target/stdperiph/stm32f10x_pwr.o
 .ARM.attributes
                0x0800ad41       0x31 target/stdperiph/stm32f10x_rcc.o
 .ARM.attributes
                0x0800ad72       0x31 target/stdperiph/stm32f10x_rtc.o
 .ARM.attributes
                0x0800ada3       0x31 target/stdperiph/stm32f10x_sdio.o
 .ARM.attributes
                0x0800add4       0x31 target/stdperiph/stm32f10x_spi.o
 .ARM.attributes
                0x0800ae05       0x31 target/stdperiph/stm32f10x_tim.o
 .ARM.attributes
                0x0800ae36       0x31 target/stdperiph/stm32f10x_usart.o
 .ARM.attributes
                0x0800ae67       0x31 target/stdperiph/stm32f10x_wwdg.o
 .ARM.attributes
                0x0800ae98       0x31 target/usb/usb_core.o
 .ARM.attributes
                0x0800aec9       0x31 target/usb/usb_init.o
 .ARM.attributes
                0x0800aefa       0x31 target/usb/usb_int.o
 .ARM.attributes
                0x0800af2b       0x31 target/usb/usb_mem.o
 .ARM.attributes
                0x0800af5c       0x31 target/usb/usb_regs.o
 .ARM.attributes
                0x0800af8d       0x31 target/usb/usb_sil.o
 .ARM.attributes
                0x0800afbe       0x21 target/cmsis/startup/startup_stm32f10x_md.o
 .ARM.attributes
                0x0800afdf       0x29 /home/z80/programs/code-sourcery/2011.03-42/bin/../lib/gcc/arm-none-eabi/4.5.2/../../../../arm-none-eabi/lib/thumb2/libc.a(lib_a-assert.o)
 .ARM.attributes
                0x0800b008       0x29 /home/z80/programs/code-sourcery/2011.03-42/bin/../lib/gcc/arm-none-eabi/4.5.2/../../../../arm-none-eabi/lib/thumb2/libc.a(lib_a-fiprintf.o)
 .ARM.attributes
                0x0800b031       0x29 /home/z80/programs/code-sourcery/2011.03-42/bin/../lib/gcc/arm-none-eabi/4.5.2/../../../../arm-none-eabi/lib/thumb2/libc.a(lib_a-impure.o)
 .ARM.attributes
                0x0800b05a       0x29 /home/z80/programs/code-sourcery/2011.03-42/bin/../lib/gcc/arm-none-eabi/4.5.2/../../../../arm-none-eabi/lib/thumb2/libc.a(lib_a-memcmp.o)
 .ARM.attributes
                0x0800b083       0x29 /home/z80/programs/code-sourcery/2011.03-42/bin/../lib/gcc/arm-none-eabi/4.5.2/../../../../arm-none-eabi/lib/thumb2/libc.a(lib_a-memcpy.o)
 .ARM.attributes
                0x0800b0ac       0x29 /home/z80/programs/code-sourcery/2011.03-42/bin/../lib/gcc/arm-none-eabi/4.5.2/../../../../arm-none-eabi/lib/thumb2/libc.a(lib_a-memset.o)
 .ARM.attributes
                0x0800b0d5       0x29 /home/z80/programs/code-sourcery/2011.03-42/bin/../lib/gcc/arm-none-eabi/4.5.2/../../../../arm-none-eabi/lib/thumb2/libc.a(lib_a-puts.o)
 .ARM.attributes
                0x0800b0fe       0x29 /home/z80/programs/code-sourcery/2011.03-42/bin/../lib/gcc/arm-none-eabi/4.5.2/../../../../arm-none-eabi/lib/thumb2/libc.a(lib_a-reent.o)
 .ARM.attributes
                0x0800b127       0x29 /home/z80/programs/code-sourcery/2011.03-42/bin/../lib/gcc/arm-none-eabi/4.5.2/../../../../arm-none-eabi/lib/thumb2/libc.a(lib_a-sprintf.o)
 .ARM.attributes
                0x0800b150       0x29 /home/z80/programs/code-sourcery/2011.03-42/bin/../lib/gcc/arm-none-eabi/4.5.2/../../../../arm-none-eabi/lib/thumb2/libc.a(lib_a-strcmp.o)
 .ARM.attributes
                0x0800b179       0x29 /home/z80/programs/code-sourcery/2011.03-42/bin/../lib/gcc/arm-none-eabi/4.5.2/../../../../arm-none-eabi/lib/thumb2/libc.a(lib_a-strcpy.o)
 .ARM.attributes
                0x0800b1a2       0x29 /home/z80/programs/code-sourcery/2011.03-42/bin/../lib/gcc/arm-none-eabi/4.5.2/../../../../arm-none-eabi/lib/thumb2/libc.a(lib_a-strlen.o)
 .ARM.attributes
                0x0800b1cb       0x29 /home/z80/programs/code-sourcery/2011.03-42/bin/../lib/gcc/arm-none-eabi/4.5.2/../../../../arm-none-eabi/lib/thumb2/libc.a(lib_a-strncpy.o)
 .ARM.attributes
                0x0800b1f4       0x29 /home/z80/programs/code-sourcery/2011.03-42/bin/../lib/gcc/arm-none-eabi/4.5.2/../../../../arm-none-eabi/lib/thumb2/libc.a(lib_a-svfprintf.o)
 .ARM.attributes
                0x0800b21d       0x29 /home/z80/programs/code-sourcery/2011.03-42/bin/../lib/gcc/arm-none-eabi/4.5.2/../../../../arm-none-eabi/lib/thumb2/libc.a(lib_a-vfiprintf.o)
 .ARM.attributes
                0x0800b246       0x29 /home/z80/programs/code-sourcery/2011.03-42/bin/../lib/gcc/arm-none-eabi/4.5.2/../../../../arm-none-eabi/lib/thumb2/libc.a(lib_a-wcslen.o)
 .ARM.attributes
                0x0800b26f       0x29 /home/z80/programs/code-sourcery/2011.03-42/bin/../lib/gcc/arm-none-eabi/4.5.2/../../../../arm-none-eabi/lib/thumb2/libc.a(lib_a-wsetup.o)
 .ARM.attributes
                0x0800b298       0x29 /home/z80/programs/code-sourcery/2011.03-42/bin/../lib/gcc/arm-none-eabi/4.5.2/../../../../arm-none-eabi/lib/thumb2/libc.a(lib_a-abort.o)
 .ARM.attributes
                0x0800b2c1       0x29 /home/z80/programs/code-sourcery/2011.03-42/bin/../lib/gcc/arm-none-eabi/4.5.2/../../../../arm-none-eabi/lib/thumb2/libc.a(lib_a-dtoa.o)
 .ARM.attributes
                0x0800b2ea       0x29 /home/z80/programs/code-sourcery/2011.03-42/bin/../lib/gcc/arm-none-eabi/4.5.2/../../../../arm-none-eabi/lib/thumb2/libc.a(lib_a-fflush.o)
 .ARM.attributes
                0x0800b313       0x29 /home/z80/programs/code-sourcery/2011.03-42/bin/../lib/gcc/arm-none-eabi/4.5.2/../../../../arm-none-eabi/lib/thumb2/libc.a(lib_a-findfp.o)
 .ARM.attributes
                0x0800b33c       0x29 /home/z80/programs/code-sourcery/2011.03-42/bin/../lib/gcc/arm-none-eabi/4.5.2/../../../../arm-none-eabi/lib/thumb2/libc.a(lib_a-fputwc.o)
 .ARM.attributes
                0x0800b365       0x29 /home/z80/programs/code-sourcery/2011.03-42/bin/../lib/gcc/arm-none-eabi/4.5.2/../../../../arm-none-eabi/lib/thumb2/libc.a(lib_a-freer.o)
 .ARM.attributes
                0x0800b38e       0x29 /home/z80/programs/code-sourcery/2011.03-42/bin/../lib/gcc/arm-none-eabi/4.5.2/../../../../arm-none-eabi/lib/thumb2/libc.a(lib_a-fvwrite.o)
 .ARM.attributes
                0x0800b3b7       0x29 /home/z80/programs/code-sourcery/2011.03-42/bin/../lib/gcc/arm-none-eabi/4.5.2/../../../../arm-none-eabi/lib/thumb2/libc.a(lib_a-fwalk.o)
 .ARM.attributes
                0x0800b3e0       0x29 /home/z80/programs/code-sourcery/2011.03-42/bin/../lib/gcc/arm-none-eabi/4.5.2/../../../../arm-none-eabi/lib/thumb2/libc.a(lib_a-locale.o)
 .ARM.attributes
                0x0800b409       0x29 /home/z80/programs/code-sourcery/2011.03-42/bin/../lib/gcc/arm-none-eabi/4.5.2/../../../../arm-none-eabi/lib/thumb2/libc.a(lib_a-makebuf.o)
 .ARM.attributes
                0x0800b432       0x29 /home/z80/programs/code-sourcery/2011.03-42/bin/../lib/gcc/arm-none-eabi/4.5.2/../../../../arm-none-eabi/lib/thumb2/libc.a(lib_a-malloc.o)
 .ARM.attributes
                0x0800b45b       0x29 /home/z80/programs/code-sourcery/2011.03-42/bin/../lib/gcc/arm-none-eabi/4.5.2/../../../../arm-none-eabi/lib/thumb2/libc.a(lib_a-mallocr.o)
 .ARM.attributes
                0x0800b484       0x29 /home/z80/programs/code-sourcery/2011.03-42/bin/../lib/gcc/arm-none-eabi/4.5.2/../../../../arm-none-eabi/lib/thumb2/libc.a(lib_a-memchr.o)
 .ARM.attributes
                0x0800b4ad       0x29 /home/z80/programs/code-sourcery/2011.03-42/bin/../lib/gcc/arm-none-eabi/4.5.2/../../../../arm-none-eabi/lib/thumb2/libc.a(lib_a-memmove.o)
 .ARM.attributes
                0x0800b4d6       0x29 /home/z80/programs/code-sourcery/2011.03-42/bin/../lib/gcc/arm-none-eabi/4.5.2/../../../../arm-none-eabi/lib/thumb2/libc.a(lib_a-mlock.o)
 .ARM.attributes
                0x0800b4ff       0x29 /home/z80/programs/code-sourcery/2011.03-42/bin/../lib/gcc/arm-none-eabi/4.5.2/../../../../arm-none-eabi/lib/thumb2/libc.a(lib_a-mprec.o)
 .ARM.attributes
                0x0800b528       0x29 /home/z80/programs/code-sourcery/2011.03-42/bin/../lib/gcc/arm-none-eabi/4.5.2/../../../../arm-none-eabi/lib/thumb2/libc.a(lib_a-reallocr.o)
 .ARM.attributes
                0x0800b551       0x29 /home/z80/programs/code-sourcery/2011.03-42/bin/../lib/gcc/arm-none-eabi/4.5.2/../../../../arm-none-eabi/lib/thumb2/libc.a(lib_a-s_fpclassify.o)
 .ARM.attributes
                0x0800b57a       0x29 /home/z80/programs/code-sourcery/2011.03-42/bin/../lib/gcc/arm-none-eabi/4.5.2/../../../../arm-none-eabi/lib/thumb2/libc.a(lib_a-sbrkr.o)
 .ARM.attributes
                0x0800b5a3       0x29 /home/z80/programs/code-sourcery/2011.03-42/bin/../lib/gcc/arm-none-eabi/4.5.2/../../../../arm-none-eabi/lib/thumb2/libc.a(lib_a-signal.o)
 .ARM.attributes
                0x0800b5cc       0x29 /home/z80/programs/code-sourcery/2011.03-42/bin/../lib/gcc/arm-none-eabi/4.5.2/../../../../arm-none-eabi/lib/thumb2/libc.a(lib_a-signalr.o)
 .ARM.attributes
                0x0800b5f5       0x29 /home/z80/programs/code-sourcery/2011.03-42/bin/../lib/gcc/arm-none-eabi/4.5.2/../../../../arm-none-eabi/lib/thumb2/libc.a(lib_a-stdio.o)
 .ARM.attributes
                0x0800b61e       0x29 /home/z80/programs/code-sourcery/2011.03-42/bin/../lib/gcc/arm-none-eabi/4.5.2/../../../../arm-none-eabi/lib/thumb2/libc.a(lib_a-svfiprintf.o)
 .ARM.attributes
                0x0800b647       0x29 /home/z80/programs/code-sourcery/2011.03-42/bin/../lib/gcc/arm-none-eabi/4.5.2/../../../../arm-none-eabi/lib/thumb2/libc.a(lib_a-wbuf.o)
 .ARM.attributes
                0x0800b670       0x29 /home/z80/programs/code-sourcery/2011.03-42/bin/../lib/gcc/arm-none-eabi/4.5.2/../../../../arm-none-eabi/lib/thumb2/libc.a(lib_a-wcrtomb.o)
 .ARM.attributes
                0x0800b699       0x29 /home/z80/programs/code-sourcery/2011.03-42/bin/../lib/gcc/arm-none-eabi/4.5.2/../../../../arm-none-eabi/lib/thumb2/libc.a(lib_a-wctomb_r.o)
 .ARM.attributes
                0x0800b6c2       0x29 /home/z80/programs/code-sourcery/2011.03-42/bin/../lib/gcc/arm-none-eabi/4.5.2/../../../../arm-none-eabi/lib/thumb2/libc.a(lib_a-writer.o)
 .ARM.attributes
                0x0800b6eb       0x29 /home/z80/programs/code-sourcery/2011.03-42/bin/../lib/gcc/arm-none-eabi/4.5.2/../../../../arm-none-eabi/lib/thumb2/libc.a(lib_a-callocr.o)
 .ARM.attributes
                0x0800b714       0x29 /home/z80/programs/code-sourcery/2011.03-42/bin/../lib/gcc/arm-none-eabi/4.5.2/../../../../arm-none-eabi/lib/thumb2/libc.a(lib_a-closer.o)
 .ARM.attributes
                0x0800b73d       0x29 /home/z80/programs/code-sourcery/2011.03-42/bin/../lib/gcc/arm-none-eabi/4.5.2/../../../../arm-none-eabi/lib/thumb2/libc.a(lib_a-fclose.o)
 .ARM.attributes
                0x0800b766       0x29 /home/z80/programs/code-sourcery/2011.03-42/bin/../lib/gcc/arm-none-eabi/4.5.2/../../../../arm-none-eabi/lib/thumb2/libc.a(lib_a-fstatr.o)
 .ARM.attributes
                0x0800b78f       0x29 /home/z80/programs/code-sourcery/2011.03-42/bin/../lib/gcc/arm-none-eabi/4.5.2/../../../../arm-none-eabi/lib/thumb2/libc.a(lib_a-isattyr.o)
 .ARM.attributes
                0x0800b7b8       0x29 /home/z80/programs/code-sourcery/2011.03-42/bin/../lib/gcc/arm-none-eabi/4.5.2/../../../../arm-none-eabi/lib/thumb2/libc.a(lib_a-lseekr.o)
 .ARM.attributes
                0x0800b7e1       0x29 /home/z80/programs/code-sourcery/2011.03-42/bin/../lib/gcc/arm-none-eabi/4.5.2/../../../../arm-none-eabi/lib/thumb2/libc.a(lib_a-readr.o)
 .ARM.attributes
                0x0800b80a       0x1b /home/z80/programs/code-sourcery/2011.03-42/bin/../lib/gcc/arm-none-eabi/4.5.2/thumb2/libgcc.a(_udivsi3.o)
 .ARM.attributes
                0x0800b825       0x1b /home/z80/programs/code-sourcery/2011.03-42/bin/../lib/gcc/arm-none-eabi/4.5.2/thumb2/libgcc.a(_dvmd_tls.o)
 .ARM.attributes
                0x0800b840       0x1b /home/z80/programs/code-sourcery/2011.03-42/bin/../lib/gcc/arm-none-eabi/4.5.2/thumb2/libgcc.a(_arm_addsubdf3.o)
 .ARM.attributes
                0x0800b85b       0x1b /home/z80/programs/code-sourcery/2011.03-42/bin/../lib/gcc/arm-none-eabi/4.5.2/thumb2/libgcc.a(_arm_muldivdf3.o)
 .ARM.attributes
                0x0800b876       0x1b /home/z80/programs/code-sourcery/2011.03-42/bin/../lib/gcc/arm-none-eabi/4.5.2/thumb2/libgcc.a(_arm_cmpdf2.o)
 .ARM.attributes
                0x0800b891       0x1b /home/z80/programs/code-sourcery/2011.03-42/bin/../lib/gcc/arm-none-eabi/4.5.2/thumb2/libgcc.a(_arm_fixdfsi.o)
 .ARM.attributes
                0x0800b8ac       0x1b /home/z80/programs/code-sourcery/2011.03-42/bin/../lib/gcc/arm-none-eabi/4.5.2/thumb2/libgcc.a(_aeabi_uldivmod.o)
 .ARM.attributes
                0x0800b8c7       0x29 /home/z80/programs/code-sourcery/2011.03-42/bin/../lib/gcc/arm-none-eabi/4.5.2/thumb2/libgcc.a(bpabi.o)
 .ARM.attributes
                0x0800b8f0       0x29 /home/z80/programs/code-sourcery/2011.03-42/bin/../lib/gcc/arm-none-eabi/4.5.2/thumb2/libgcc.a(_divdi3.o)
 .ARM.attributes
                0x0800b919       0x29 /home/z80/programs/code-sourcery/2011.03-42/bin/../lib/gcc/arm-none-eabi/4.5.2/thumb2/libgcc.a(_udivdi3.o)
 .ARM.attributes
                0x0800b942       0x29 /home/z80/programs/code-sourcery/2011.03-42/bin/../lib/gcc/arm-none-eabi/4.5.2/thumb2/crtend.o
 .ARM.attributes
                0x0800b96b       0x19 /home/z80/programs/code-sourcery/2011.03-42/bin/../lib/gcc/arm-none-eabi/4.5.2/thumb2/crtn.o

.preinit_array  0x0800b984        0x0
                0x0800b984                PROVIDE (__preinit_array_start, .)
 *(.preinit_array*)
                0x0800b984                PROVIDE (__preinit_array_end, .)

.init_array     0x0800b984        0x4
                0x0800b984                PROVIDE (__init_array_start, .)
 *(SORT(.init_array.*))
 *(.init_array*)
 .init_array    0x0800b984        0x4 /home/z80/programs/code-sourcery/2011.03-42/bin/../lib/gcc/arm-none-eabi/4.5.2/thumb2/crtbegin.o
                0x0800b988                PROVIDE (__init_array_end, .)

.fini_array     0x0800b988        0x4
                0x0800b988                PROVIDE (__fini_array_start, .)
 *(.fini_array*)
 .fini_array    0x0800b988        0x4 /home/z80/programs/code-sourcery/2011.03-42/bin/../lib/gcc/arm-none-eabi/4.5.2/thumb2/crtbegin.o
 *(SORT(.fini_array.*))
                0x0800b98c                PROVIDE (__fini_array_end, .)
                0x0800b98c                _sidata = .

.data           0x20000000      0x5ec load address 0x0800b98c
                0x20000000                . = ALIGN (0x4)
                0x20000000                _sdata = .
 *(.data)
 .data          0x20000000       0xf4 /home/z80/programs/code-sourcery/2011.03-42/bin/../lib/gcc/arm-none-eabi/4.5.2/../../../../arm-none-eabi/lib/thumb2/libc.a(lib_a-impure.o)
                0x20000000                _impure_ptr
 .data          0x200000f4      0x410 /home/z80/programs/code-sourcery/2011.03-42/bin/../lib/gcc/arm-none-eabi/4.5.2/../../../../arm-none-eabi/lib/thumb2/libc.a(lib_a-mallocr.o)
                0x200000f4                __malloc_av_
                0x200004fc                __malloc_sbrk_base
                0x20000500                __malloc_trim_threshold
 *(.data*)
 .data.Virtual_Com_Port_StringSerial
                0x20000504       0x1a target/src/usb_related/usb_desc.o
                0x20000504                Virtual_Com_Port_StringSerial
 *fill*         0x2000051e        0x2 00
 .data.pEpInt_IN
                0x20000520       0x1c target/src/usb_related/usb_istr.o
                0x20000520                pEpInt_IN
 .data.pEpInt_OUT
                0x2000053c       0x1c target/src/usb_related/usb_istr.o
                0x2000053c                pEpInt_OUT
 .data.Config_Descriptor
                0x20000558        0x8 target/src/usb_related/usb_prop.o
                0x20000558                Config_Descriptor
 .data.Device_Property
                0x20000560       0x30 target/src/usb_related/usb_prop.o
                0x20000560                Device_Property
 .data.User_Standard_Requests
                0x20000590       0x24 target/src/usb_related/usb_prop.o
                0x20000590                User_Standard_Requests
 .data.Device_Descriptor
                0x200005b4        0x8 target/src/usb_related/usb_prop.o
                0x200005b4                Device_Descriptor
 .data.String_Descriptor
                0x200005bc       0x20 target/src/usb_related/usb_prop.o
                0x200005bc                String_Descriptor
 .data.linecoding
                0x200005dc        0x8 target/src/usb_related/usb_prop.o
                0x200005dc                linecoding
 .data.Device_Table
                0x200005e4        0x2 target/src/usb_related/usb_prop.o
                0x200005e4                Device_Table
 .data.Stat     0x200005e6        0x1 target/fatfs/sd_spi_stm32.o
 *fill*         0x200005e7        0x1 00
 .data.xNextTaskUnblockTime
                0x200005e8        0x4 target/freertos/tasks.o
                0x200005ec                . = ALIGN (0x4)
                0x200005ec                _edata = .

.jcr            0x200005ec        0x0 load address 0x0800bf78
 .jcr           0x200005ec        0x0 /home/z80/programs/code-sourcery/2011.03-42/bin/../lib/gcc/arm-none-eabi/4.5.2/thumb2/crtbegin.o
                0x200005ec                . = ALIGN (0x4)

.bss            0x200005ec      0x990 load address 0x0800bf78
                0x200005ec                _sbss = .
                0x200005ec                __bss_start__ = _sbss
 *(.bss)
 .bss           0x200005ec        0x1 /home/z80/programs/code-sourcery/2011.03-42/bin/../lib/gcc/arm-none-eabi/4.5.2/thumb2/crtbegin.o
 *fill*         0x200005ed        0x3 00
 .bss           0x200005f0       0x34 /home/z80/programs/code-sourcery/2011.03-42/bin/../lib/gcc/arm-none-eabi/4.5.2/../../../../arm-none-eabi/lib/thumb2/libc.a(lib_a-mallocr.o)
                0x200005f0                __malloc_top_pad
                0x200005f4                __malloc_current_mallinfo
                0x2000061c                __malloc_max_sbrked_mem
                0x20000620                __malloc_max_total_mem
 *(.bss*)
 .bss.USB_Tx_State
                0x20000624        0x1 target/src/usb_related/hw_config.o
                0x20000624                USB_Tx_State
 *fill*         0x20000625        0x3 00
 .bss.USART_Rx_ptr_in
                0x20000628        0x4 target/src/usb_related/hw_config.o
                0x20000628                USART_Rx_ptr_in
 .bss.USART_Rx_ptr_out
                0x2000062c        0x4 target/src/usb_related/hw_config.o
                0x2000062c                USART_Rx_ptr_out
 .bss.USART_Rx_length
                0x20000630        0x4 target/src/usb_related/hw_config.o
                0x20000630                USART_Rx_length
 .bss.heap_end.6867
                0x20000634        0x4 target/src/usb_related/newlib_stubs.o
 .bss.FrameCount.6726
                0x20000638        0x4 target/src/usb_related/usb_endp.o
 .bss.bIntPackSOF
                0x2000063c        0x1 target/src/usb_related/usb_istr.o
                0x2000063c                bIntPackSOF
 .bss.Request   0x2000063d        0x1 target/src/usb_related/usb_prop.o
                0x2000063d                Request
 *fill*         0x2000063e        0x2 00
 .bss.bDeviceState
                0x20000640        0x4 target/src/usb_related/usb_pwr.o
                0x20000640                bDeviceState
 .bss.Fsid      0x20000644        0x2 target/fatfs/ff.o
 *fill*         0x20000646        0x2 00
 .bss.FatFs     0x20000648        0x4 target/fatfs/ff.o
 .bss.Timer1    0x2000064c        0x4 target/fatfs/sd_spi_stm32.o
 .bss.Timer2    0x20000650        0x4 target/fatfs/sd_spi_stm32.o
 .bss.CardType  0x20000654        0x1 target/fatfs/sd_spi_stm32.o
 *fill*         0x20000655        0x3 00
 .bss.uxMissedTicks
                0x20000658        0x4 target/freertos/tasks.o
 .bss.pxDelayedTaskList
                0x2000065c        0x4 target/freertos/tasks.o
 .bss.pxReadyTasksLists
                0x20000660       0x64 target/freertos/tasks.o
 .bss.uxSchedulerSuspended
                0x200006c4        0x4 target/freertos/tasks.o
 .bss.xNumOfOverflows
                0x200006c8        0x4 target/freertos/tasks.o
 .bss.pxCurrentTCB
                0x200006cc        0x4 target/freertos/tasks.o
                0x200006cc                pxCurrentTCB
 .bss.xTickCount
                0x200006d0        0x4 target/freertos/tasks.o
 .bss.pxOverflowDelayedTaskList
                0x200006d4        0x4 target/freertos/tasks.o
 .bss.uxTopReadyPriority
                0x200006d8        0x4 target/freertos/tasks.o
 .bss.xMissedYield
                0x200006dc        0x4 target/freertos/tasks.o
 .bss.i.8189    0x200006e0        0x4 target/src/main.o
 .bss.Data_Mul_MaxPacketSize
                0x200006e4        0x1 target/usb/usb_core.o
                0x200006e4                Data_Mul_MaxPacketSize
 *(COMMON)
 *fill*         0x200006e5        0x3 00
 COMMON         0x200006e8      0x814 target/src/usb_related/hw_config.o
                0x200006e8                HSEStartUpStatus
                0x200006e9                USART_Rx_Buffer
                0x20000eec                USART_InitStructure
 COMMON         0x20000efc       0x40 target/src/usb_related/usb_endp.o
                0x20000efc                USB_Rx_Buffer
 COMMON         0x20000f3c        0x2 target/src/usb_related/usb_istr.o
                0x20000f3c                wIstr
 COMMON         0x20000f3e        0x2 target/usb/usb_core.o
                0x20000f3e                StatusInfo
 COMMON         0x20000f40       0x32 target/usb/usb_init.o
                0x20000f40                SaveState
                0x20000f44                pProperty
                0x20000f48                EPindex
                0x20000f4c                Device_Info
                0x20000f68                pUser_Standard_Requests
                0x20000f6c                pInformation
                0x20000f70                wInterrupt_Mask
 COMMON         0x20000f72        0x4 target/usb/usb_int.o
                0x20000f72                SaveRState
                0x20000f74                SaveTState
 *fill*         0x20000f76        0x2 00
 COMMON         0x20000f78        0x4 /home/z80/programs/code-sourcery/2011.03-42/bin/../lib/gcc/arm-none-eabi/4.5.2/../../../../arm-none-eabi/lib/thumb2/libc.a(lib_a-reent.o)
                0x20000f78                errno
                0x20000f7c                . = ALIGN (0x4)
                0x20000f7c                _ebss = .
                0x20000f7c                __bss_end__ = _ebss
                0x20000f7c                PROVIDE (end, _ebss)
                0x20000f7c                PROVIDE (_end, _ebss)

._user_heap_stack
                0x20000f7c       0x80 load address 0x0800c908
                0x20000f7c                . = ALIGN (0x4)
                0x20000f7c                . = (. + _Min_Heap_Size)
                0x20000ffc                . = (. + _Min_Stack_Size)
 *fill*         0x20000f7c       0x80 00
                0x20000ffc                . = ALIGN (0x4)

.memory_b1_text
 *(.mb1text)
 *(.mb1text*)
 *(.mb1rodata)
 *(.mb1rodata*)

/DISCARD/
 libc.a(*)
 libm.a(*)
 libgcc.a(*)
OUTPUT(target/target.elf elf32-littlearm)

.debug_abbrev   0x00000000     0x5d1b
 .debug_abbrev  0x00000000       0xb6 target/cmsis/src/core_cm3.o
 .debug_abbrev  0x000000b6      0x110 target/freertos/cm3/port.o
 .debug_abbrev  0x000001c6      0x127 target/freertos/memmang/heap_1.o
 .debug_abbrev  0x000002ed      0x10e target/src/routines/cr_funcs.o
 .debug_abbrev  0x000003fb      0x12d target/src/routines/cr_usbio.o
 .debug_abbrev  0x00000528       0xb4 target/src/routines/gpio.o
 .debug_abbrev  0x000005dc      0x238 target/src/usb_related/hw_config.o
 .debug_abbrev  0x00000814      0x1e9 target/src/usb_related/newlib_stubs.o
 .debug_abbrev  0x000009fd       0x79 target/src/usb_related/usb_desc.o
 .debug_abbrev  0x00000a76       0xfe target/src/usb_related/usb_endp.o
 .debug_abbrev  0x00000b74       0xf9 target/src/usb_related/usb_istr.o
 .debug_abbrev  0x00000c6d      0x1fb target/src/usb_related/usb_prop.o
 .debug_abbrev  0x00000e68      0x14c target/src/usb_related/usb_pwr.o
 .debug_abbrev  0x00000fb4      0x1b9 target/3310/3310-backend.o
 .debug_abbrev  0x0000116d      0x1ef target/3310/3310.o
 .debug_abbrev  0x0000135c      0x256 target/fatfs/ff.o
 .debug_abbrev  0x000015b2      0x2c9 target/fatfs/sd_spi_stm32.o
 .debug_abbrev  0x0000187b      0x1ed target/freertos/croutine.o
 .debug_abbrev  0x00001a68       0xed target/freertos/list.o
 .debug_abbrev  0x00001b55      0x171 target/freertos/queue.o
 .debug_abbrev  0x00001cc6      0x254 target/freertos/tasks.o
 .debug_abbrev  0x00001f1a      0x201 target/freertos/timers.o
 .debug_abbrev  0x0000211b      0x2b8 target/pawn/amx.o
 .debug_abbrev  0x000023d3      0x171 target/pawn/amxpool.o
 .debug_abbrev  0x00002544      0x228 target/pawn/pawn_loader.o
 .debug_abbrev  0x0000276c      0x11f target/src/data_struct.o
 .debug_abbrev  0x0000288b      0x213 target/src/main.o
 .debug_abbrev  0x00002a9e       0x59 target/src/stm32f10x_it.o
 .debug_abbrev  0x00002af7      0x1a8 target/src/system_stm32f10x.o
 .debug_abbrev  0x00002c9f      0x20c target/src/task_adc.o
 .debug_abbrev  0x00002eab      0x110 target/src/task_plot.o
 .debug_abbrev  0x00002fbb      0x15d target/stdperiph/misc.o
 .debug_abbrev  0x00003118      0x1d1 target/stdperiph/stm32f10x_adc.o
 .debug_abbrev  0x000032e9      0x17e target/stdperiph/stm32f10x_bkp.o
 .debug_abbrev  0x00003467      0x1fc target/stdperiph/stm32f10x_can.o
 .debug_abbrev  0x00003663      0x1c6 target/stdperiph/stm32f10x_cec.o
 .debug_abbrev  0x00003829      0x134 target/stdperiph/stm32f10x_crc.o
 .debug_abbrev  0x0000395d      0x1b7 target/stdperiph/stm32f10x_dac.o
 .debug_abbrev  0x00003b14       0xeb target/stdperiph/stm32f10x_dbgmcu.o
 .debug_abbrev  0x00003bff      0x176 target/stdperiph/stm32f10x_dma.o
 .debug_abbrev  0x00003d75      0x172 target/stdperiph/stm32f10x_exti.o
 .debug_abbrev  0x00003ee7      0x199 target/stdperiph/stm32f10x_flash.o
 .debug_abbrev  0x00004080      0x1b4 target/stdperiph/stm32f10x_fsmc.o
 .debug_abbrev  0x00004234      0x1db target/stdperiph/stm32f10x_gpio.o
 .debug_abbrev  0x0000440f      0x196 target/stdperiph/stm32f10x_i2c.o
 .debug_abbrev  0x000045a5      0x10b target/stdperiph/stm32f10x_iwdg.o
 .debug_abbrev  0x000046b0      0x1ec target/stdperiph/stm32f10x_pwr.o
 .debug_abbrev  0x0000489c      0x1d2 target/stdperiph/stm32f10x_rcc.o
 .debug_abbrev  0x00004a6e      0x19d target/stdperiph/stm32f10x_rtc.o
 .debug_abbrev  0x00004c0b      0x1fa target/stdperiph/stm32f10x_sdio.o
 .debug_abbrev  0x00004e05      0x1b2 target/stdperiph/stm32f10x_spi.o
 .debug_abbrev  0x00004fb7      0x23a target/stdperiph/stm32f10x_tim.o
 .debug_abbrev  0x000051f1      0x1ab target/stdperiph/stm32f10x_usart.o
 .debug_abbrev  0x0000539c      0x135 target/stdperiph/stm32f10x_wwdg.o
 .debug_abbrev  0x000054d1      0x2fa target/usb/usb_core.o
 .debug_abbrev  0x000057cb      0x11f target/usb/usb_init.o
 .debug_abbrev  0x000058ea       0xde target/usb/usb_int.o
 .debug_abbrev  0x000059c8       0xc2 target/usb/usb_mem.o
 .debug_abbrev  0x00005a8a      0x1c6 target/usb/usb_regs.o
 .debug_abbrev  0x00005c50       0xb9 target/usb/usb_sil.o
 .debug_abbrev  0x00005d09       0x12 target/cmsis/startup/startup_stm32f10x_md.o

.debug_info     0x00000000    0x1a6cd
 .debug_info    0x00000000      0x54f target/cmsis/src/core_cm3.o
 .debug_info    0x0000054f      0x1df target/freertos/cm3/port.o
 .debug_info    0x0000072e      0x188 target/freertos/memmang/heap_1.o
 .debug_info    0x000008b6      0x29c target/src/routines/cr_funcs.o
 .debug_info    0x00000b52      0x343 target/src/routines/cr_usbio.o
 .debug_info    0x00000e95      0x174 target/src/routines/gpio.o
 .debug_info    0x00001009      0x792 target/src/usb_related/hw_config.o
 .debug_info    0x0000179b      0x814 target/src/usb_related/newlib_stubs.o
 .debug_info    0x00001faf      0x17d target/src/usb_related/usb_desc.o
 .debug_info    0x0000212c      0x1a3 target/src/usb_related/usb_endp.o
 .debug_info    0x000022cf      0x2b4 target/src/usb_related/usb_istr.o
 .debug_info    0x00002583      0x985 target/src/usb_related/usb_prop.o
 .debug_info    0x00002f08      0x2f3 target/src/usb_related/usb_pwr.o
 .debug_info    0x000031fb      0x6fb target/3310/3310-backend.o
 .debug_info    0x000038f6      0x74d target/3310/3310.o
 .debug_info    0x00004043     0x189a target/fatfs/ff.o
 .debug_info    0x000058dd      0x9c4 target/fatfs/sd_spi_stm32.o
 .debug_info    0x000062a1      0x507 target/freertos/croutine.o
 .debug_info    0x000067a8      0x2a2 target/freertos/list.o
 .debug_info    0x00006a4a      0x81c target/freertos/queue.o
 .debug_info    0x00007266      0xeb3 target/freertos/tasks.o
 .debug_info    0x00008119      0x80c target/freertos/timers.o
 .debug_info    0x00008925     0x24b3 target/pawn/amx.o
 .debug_info    0x0000add8      0x477 target/pawn/amxpool.o
 .debug_info    0x0000b24f      0x9bf target/pawn/pawn_loader.o
 .debug_info    0x0000bc0e      0x20d target/src/data_struct.o
 .debug_info    0x0000be1b      0x70f target/src/main.o
 .debug_info    0x0000c52a      0x109 target/src/stm32f10x_it.o
 .debug_info    0x0000c633      0x4cb target/src/system_stm32f10x.o
 .debug_info    0x0000cafe      0x5fa target/src/task_adc.o
 .debug_info    0x0000d0f8      0x233 target/src/task_plot.o
 .debug_info    0x0000d32b      0x548 target/stdperiph/misc.o
 .debug_info    0x0000d873      0xbed target/stdperiph/stm32f10x_adc.o
 .debug_info    0x0000e460      0x872 target/stdperiph/stm32f10x_bkp.o
 .debug_info    0x0000ecd2      0xc4f target/stdperiph/stm32f10x_can.o
 .debug_info    0x0000f921      0x439 target/stdperiph/stm32f10x_cec.o
 .debug_info    0x0000fd5a      0x200 target/stdperiph/stm32f10x_crc.o
 .debug_info    0x0000ff5a      0x4db target/stdperiph/stm32f10x_dac.o
 .debug_info    0x00010435      0x15b target/stdperiph/stm32f10x_dbgmcu.o
 .debug_info    0x00010590      0x499 target/stdperiph/stm32f10x_dma.o
 .debug_info    0x00010a29      0x35f target/stdperiph/stm32f10x_exti.o
 .debug_info    0x00010d88      0x824 target/stdperiph/stm32f10x_flash.o
 .debug_info    0x000115ac      0x997 target/stdperiph/stm32f10x_fsmc.o
 .debug_info    0x00011f43      0x71d target/stdperiph/stm32f10x_gpio.o
 .debug_info    0x00012660      0xb72 target/stdperiph/stm32f10x_i2c.o
 .debug_info    0x000131d2      0x1fd target/stdperiph/stm32f10x_iwdg.o
 .debug_info    0x000133cf      0x45c target/stdperiph/stm32f10x_pwr.o
 .debug_info    0x0001382b      0x8e6 target/stdperiph/stm32f10x_rcc.o
 .debug_info    0x00014111      0x46a target/stdperiph/stm32f10x_rtc.o
 .debug_info    0x0001457b      0x874 target/stdperiph/stm32f10x_sdio.o
 .debug_info    0x00014def      0x95c target/stdperiph/stm32f10x_spi.o
 .debug_info    0x0001574b     0x1e16 target/stdperiph/stm32f10x_tim.o
 .debug_info    0x00017561      0xa4e target/stdperiph/stm32f10x_usart.o
 .debug_info    0x00017faf      0x237 target/stdperiph/stm32f10x_wwdg.o
 .debug_info    0x000181e6      0xcfe target/usb/usb_core.o
 .debug_info    0x00018ee4      0x4e2 target/usb/usb_init.o
 .debug_info    0x000193c6      0x1fe target/usb/usb_int.o
 .debug_info    0x000195c4      0x1b5 target/usb/usb_mem.o
 .debug_info    0x00019779      0xd55 target/usb/usb_regs.o
 .debug_info    0x0001a4ce      0x180 target/usb/usb_sil.o
 .debug_info    0x0001a64e       0x7f target/cmsis/startup/startup_stm32f10x_md.o

.debug_line     0x00000000     0xa94b
 .debug_line    0x00000000      0x246 target/cmsis/src/core_cm3.o
 .debug_line    0x00000246      0x127 target/freertos/cm3/port.o
 .debug_line    0x0000036d       0xfb target/freertos/memmang/heap_1.o
 .debug_line    0x00000468      0x16f target/src/routines/cr_funcs.o
 .debug_line    0x000005d7      0x1ba target/src/routines/cr_usbio.o
 .debug_line    0x00000791      0x105 target/src/routines/gpio.o
 .debug_line    0x00000896      0x250 target/src/usb_related/hw_config.o
 .debug_line    0x00000ae6      0x30d target/src/usb_related/newlib_stubs.o
 .debug_line    0x00000df3       0xd0 target/src/usb_related/usb_desc.o
 .debug_line    0x00000ec3      0x128 target/src/usb_related/usb_endp.o
 .debug_line    0x00000feb      0x11b target/src/usb_related/usb_istr.o
 .debug_line    0x00001106      0x282 target/src/usb_related/usb_prop.o
 .debug_line    0x00001388      0x19e target/src/usb_related/usb_pwr.o
 .debug_line    0x00001526      0x2cf target/3310/3310-backend.o
 .debug_line    0x000017f5      0x349 target/3310/3310.o
 .debug_line    0x00001b3e      0x9f5 target/fatfs/ff.o
 .debug_line    0x00002533      0x472 target/fatfs/sd_spi_stm32.o
 .debug_line    0x000029a5      0x139 target/freertos/croutine.o
 .debug_line    0x00002ade       0xe1 target/freertos/list.o
 .debug_line    0x00002bbf      0x3b5 target/freertos/queue.o
 .debug_line    0x00002f74      0x605 target/freertos/tasks.o
 .debug_line    0x00003579      0x1cd target/freertos/timers.o
 .debug_line    0x00003746     0x12c7 target/pawn/amx.o
 .debug_line    0x00004a0d      0x1f2 target/pawn/amxpool.o
 .debug_line    0x00004bff      0x23d target/pawn/pawn_loader.o
 .debug_line    0x00004e3c      0x1ba target/src/data_struct.o
 .debug_line    0x00004ff6      0x1f6 target/src/main.o
 .debug_line    0x000051ec       0xab target/src/stm32f10x_it.o
 .debug_line    0x00005297      0x150 target/src/system_stm32f10x.o
 .debug_line    0x000053e7      0x1ea target/src/task_adc.o
 .debug_line    0x000055d1      0x1a0 target/src/task_plot.o
 .debug_line    0x00005771      0x153 target/stdperiph/misc.o
 .debug_line    0x000058c4      0x42f target/stdperiph/stm32f10x_adc.o
 .debug_line    0x00005cf3      0x1c6 target/stdperiph/stm32f10x_bkp.o
 .debug_line    0x00005eb9      0x464 target/stdperiph/stm32f10x_can.o
 .debug_line    0x0000631d      0x21a target/stdperiph/stm32f10x_cec.o
 .debug_line    0x00006537      0x160 target/stdperiph/stm32f10x_crc.o
 .debug_line    0x00006697      0x1fa target/stdperiph/stm32f10x_dac.o
 .debug_line    0x00006891      0x118 target/stdperiph/stm32f10x_dbgmcu.o
 .debug_line    0x000069a9      0x208 target/stdperiph/stm32f10x_dma.o
 .debug_line    0x00006bb1      0x1a8 target/stdperiph/stm32f10x_exti.o
 .debug_line    0x00006d59      0x42c target/stdperiph/stm32f10x_flash.o
 .debug_line    0x00007185      0x35d target/stdperiph/stm32f10x_fsmc.o
 .debug_line    0x000074e2      0x2c3 target/stdperiph/stm32f10x_gpio.o
 .debug_line    0x000077a5      0x3fa target/stdperiph/stm32f10x_i2c.o
 .debug_line    0x00007b9f      0x14c target/stdperiph/stm32f10x_iwdg.o
 .debug_line    0x00007ceb      0x1c9 target/stdperiph/stm32f10x_pwr.o
 .debug_line    0x00007eb4      0x3aa target/stdperiph/stm32f10x_rcc.o
 .debug_line    0x0000825e      0x204 target/stdperiph/stm32f10x_rtc.o
 .debug_line    0x00008462      0x37e target/stdperiph/stm32f10x_sdio.o
 .debug_line    0x000087e0      0x357 target/stdperiph/stm32f10x_spi.o
 .debug_line    0x00008b37      0x9b8 target/stdperiph/stm32f10x_tim.o
 .debug_line    0x000094ef      0x3df target/stdperiph/stm32f10x_usart.o
 .debug_line    0x000098ce      0x17a target/stdperiph/stm32f10x_wwdg.o
 .debug_line    0x00009a48      0x3d9 target/usb/usb_core.o
 .debug_line    0x00009e21       0xf9 target/usb/usb_init.o
 .debug_line    0x00009f1a      0x17d target/usb/usb_int.o
 .debug_line    0x0000a097      0x121 target/usb/usb_mem.o
 .debug_line    0x0000a1b8      0x602 target/usb/usb_regs.o
 .debug_line    0x0000a7ba      0x118 target/usb/usb_sil.o
 .debug_line    0x0000a8d2       0x79 target/cmsis/startup/startup_stm32f10x_md.o

.debug_loc      0x00000000    0x12946
 .debug_loc     0x00000000      0x280 target/cmsis/src/core_cm3.o
 .debug_loc     0x00000280       0x9d target/freertos/cm3/port.o
 .debug_loc     0x0000031d       0x74 target/freertos/memmang/heap_1.o
 .debug_loc     0x00000391       0x73 target/src/routines/cr_funcs.o
 .debug_loc     0x00000404       0x51 target/src/routines/cr_usbio.o
 .debug_loc     0x00000455       0x13 target/src/routines/gpio.o
 .debug_loc     0x00000468      0x1a6 target/src/usb_related/hw_config.o
 .debug_loc     0x0000060e      0x309 target/src/usb_related/newlib_stubs.o
 .debug_loc     0x00000917       0x4a target/src/usb_related/usb_endp.o
 .debug_loc     0x00000961       0x20 target/src/usb_related/usb_istr.o
 .debug_loc     0x00000981      0x1b4 target/src/usb_related/usb_prop.o
 .debug_loc     0x00000b35      0x116 target/src/usb_related/usb_pwr.o
 .debug_loc     0x00000c4b      0x1b9 target/3310/3310-backend.o
 .debug_loc     0x00000e04      0x756 target/3310/3310.o
 .debug_loc     0x0000155a     0x28f4 target/fatfs/ff.o
 .debug_loc     0x00003e4e      0x8bf target/fatfs/sd_spi_stm32.o
 .debug_loc     0x0000470d      0x210 target/freertos/croutine.o
 .debug_loc     0x0000491d       0x73 target/freertos/list.o
 .debug_loc     0x00004990      0x7f9 target/freertos/queue.o
 .debug_loc     0x00005189      0xb11 target/freertos/tasks.o
 .debug_loc     0x00005c9a      0x589 target/freertos/timers.o
 .debug_loc     0x00006223     0x50b0 target/pawn/amx.o
 .debug_loc     0x0000b2d3      0x60e target/pawn/amxpool.o
 .debug_loc     0x0000b8e1      0x245 target/pawn/pawn_loader.o
 .debug_loc     0x0000bb26       0xa6 target/src/data_struct.o
 .debug_loc     0x0000bbcc      0x172 target/src/main.o
 .debug_loc     0x0000bd3e       0xb2 target/src/system_stm32f10x.o
 .debug_loc     0x0000bdf0       0xee target/src/task_adc.o
 .debug_loc     0x0000bede       0xdc target/src/task_plot.o
 .debug_loc     0x0000bfba      0x112 target/stdperiph/misc.o
 .debug_loc     0x0000c0cc      0x820 target/stdperiph/stm32f10x_adc.o
 .debug_loc     0x0000c8ec      0x11d target/stdperiph/stm32f10x_bkp.o
 .debug_loc     0x0000ca09      0x66c target/stdperiph/stm32f10x_can.o
 .debug_loc     0x0000d075      0x1f9 target/stdperiph/stm32f10x_cec.o
 .debug_loc     0x0000d26e       0x89 target/stdperiph/stm32f10x_crc.o
 .debug_loc     0x0000d2f7      0x2ae target/stdperiph/stm32f10x_dac.o
 .debug_loc     0x0000d5a5       0x1e target/stdperiph/stm32f10x_dbgmcu.o
 .debug_loc     0x0000d5c3      0x142 target/stdperiph/stm32f10x_dma.o
 .debug_loc     0x0000d705      0x12b target/stdperiph/stm32f10x_exti.o
 .debug_loc     0x0000d830      0x792 target/stdperiph/stm32f10x_flash.o
 .debug_loc     0x0000dfc2      0x356 target/stdperiph/stm32f10x_fsmc.o
 .debug_loc     0x0000e318      0x4bd target/stdperiph/stm32f10x_gpio.o
 .debug_loc     0x0000e7d5      0x5f4 target/stdperiph/stm32f10x_i2c.o
 .debug_loc     0x0000edc9       0x3d target/stdperiph/stm32f10x_iwdg.o
 .debug_loc     0x0000ee06      0x13d target/stdperiph/stm32f10x_pwr.o
 .debug_loc     0x0000ef43      0x49f target/stdperiph/stm32f10x_rcc.o
 .debug_loc     0x0000f3e2      0x1b4 target/stdperiph/stm32f10x_rtc.o
 .debug_loc     0x0000f596      0x236 target/stdperiph/stm32f10x_sdio.o
 .debug_loc     0x0000f7cc      0x432 target/stdperiph/stm32f10x_spi.o
 .debug_loc     0x0000fbfe     0x13a8 target/stdperiph/stm32f10x_tim.o
 .debug_loc     0x00010fa6      0x529 target/stdperiph/stm32f10x_usart.o
 .debug_loc     0x000114cf       0xe5 target/stdperiph/stm32f10x_wwdg.o
 .debug_loc     0x000115b4      0x93f target/usb/usb_core.o
 .debug_loc     0x00011ef3       0x20 target/usb/usb_init.o
 .debug_loc     0x00011f13       0xdd target/usb/usb_int.o
 .debug_loc     0x00011ff0      0x169 target/usb/usb_mem.o
 .debug_loc     0x00012159      0x703 target/usb/usb_regs.o
 .debug_loc     0x0001285c       0xea target/usb/usb_sil.o

.debug_pubnames
                0x00000000     0x4b92
 .debug_pubnames
                0x00000000      0x159 target/cmsis/src/core_cm3.o
 .debug_pubnames
                0x00000159      0x101 target/freertos/cm3/port.o
 .debug_pubnames
                0x0000025a       0x64 target/freertos/memmang/heap_1.o
 .debug_pubnames
                0x000002be       0x3a target/src/routines/cr_funcs.o
 .debug_pubnames
                0x000002f8       0x66 target/src/routines/cr_usbio.o
 .debug_pubnames
                0x0000035e       0x43 target/src/routines/gpio.o
 .debug_pubnames
                0x000003a1      0x16b target/src/usb_related/hw_config.o
 .debug_pubnames
                0x0000050c       0xdf target/src/usb_related/newlib_stubs.o
 .debug_pubnames
                0x000005eb       0xe7 target/src/usb_related/usb_desc.o
 .debug_pubnames
                0x000006d2       0x5e target/src/usb_related/usb_endp.o
 .debug_pubnames
                0x00000730       0x56 target/src/usb_related/usb_istr.o
 .debug_pubnames
                0x00000786      0x29d target/src/usb_related/usb_prop.o
 .debug_pubnames
                0x00000a23       0x83 target/src/usb_related/usb_pwr.o
 .debug_pubnames
                0x00000aa6      0x105 target/3310/3310-backend.o
 .debug_pubnames
                0x00000bab      0x111 target/3310/3310.o
 .debug_pubnames
                0x00000cbc      0x10c target/fatfs/ff.o
 .debug_pubnames
                0x00000dc8       0x75 target/fatfs/sd_spi_stm32.o
 .debug_pubnames
                0x00000e3d       0x96 target/freertos/croutine.o
 .debug_pubnames
                0x00000ed3       0x71 target/freertos/list.o
 .debug_pubnames
                0x00000f44      0x151 target/freertos/queue.o
 .debug_pubnames
                0x00001095      0x2ca target/freertos/tasks.o
 .debug_pubnames
                0x0000135f       0x84 target/freertos/timers.o
 .debug_pubnames
                0x000013e3      0x308 target/pawn/amx.o
 .debug_pubnames
                0x000016eb       0x6b target/pawn/amxpool.o
 .debug_pubnames
                0x00001756       0x49 target/pawn/pawn_loader.o
 .debug_pubnames
                0x0000179f       0x6b target/src/data_struct.o
 .debug_pubnames
                0x0000180a       0xc0 target/src/main.o
 .debug_pubnames
                0x000018ca       0x8f target/src/stm32f10x_it.o
 .debug_pubnames
                0x00001959       0x61 target/src/system_stm32f10x.o
 .debug_pubnames
                0x000019ba       0x3d target/src/task_adc.o
 .debug_pubnames
                0x000019f7       0x20 target/src/task_plot.o
 .debug_pubnames
                0x00001a17       0x89 target/stdperiph/misc.o
 .debug_pubnames
                0x00001aa0      0x401 target/stdperiph/stm32f10x_adc.o
 .debug_pubnames
                0x00001ea1      0x128 target/stdperiph/stm32f10x_bkp.o
 .debug_pubnames
                0x00001fc9      0x208 target/stdperiph/stm32f10x_can.o
 .debug_pubnames
                0x000021d1      0x12b target/stdperiph/stm32f10x_cec.o
 .debug_pubnames
                0x000022fc       0x82 target/stdperiph/stm32f10x_crc.o
 .debug_pubnames
                0x0000237e      0x116 target/stdperiph/stm32f10x_dac.o
 .debug_pubnames
                0x00002494       0x4c target/stdperiph/stm32f10x_dbgmcu.o
 .debug_pubnames
                0x000024e0       0xea target/stdperiph/stm32f10x_dma.o
 .debug_pubnames
                0x000025ca       0xbb target/stdperiph/stm32f10x_exti.o
 .debug_pubnames
                0x00002685      0x2f2 target/stdperiph/stm32f10x_flash.o
 .debug_pubnames
                0x00002977      0x1a3 target/stdperiph/stm32f10x_fsmc.o
 .debug_pubnames
                0x00002b1a      0x19d target/stdperiph/stm32f10x_gpio.o
 .debug_pubnames
                0x00002cb7      0x2cb target/stdperiph/stm32f10x_i2c.o
 .debug_pubnames
                0x00002f82       0x91 target/stdperiph/stm32f10x_iwdg.o
 .debug_pubnames
                0x00003013       0xcb target/stdperiph/stm32f10x_pwr.o
 .debug_pubnames
                0x000030de      0x2c4 target/stdperiph/stm32f10x_rcc.o
 .debug_pubnames
                0x000033a2      0x136 target/stdperiph/stm32f10x_rtc.o
 .debug_pubnames
                0x000034d8      0x2ac target/stdperiph/stm32f10x_sdio.o
 .debug_pubnames
                0x00003784      0x1f6 target/stdperiph/stm32f10x_spi.o
 .debug_pubnames
                0x0000397a      0x7b0 target/stdperiph/stm32f10x_tim.o
 .debug_pubnames
                0x0000412a      0x294 target/stdperiph/stm32f10x_usart.o
 .debug_pubnames
                0x000043be       0xb0 target/stdperiph/stm32f10x_wwdg.o
 .debug_pubnames
                0x0000446e      0x1a5 target/usb/usb_core.o
 .debug_pubnames
                0x00004613       0x98 target/usb/usb_init.o
 .debug_pubnames
                0x000046ab       0x46 target/usb/usb_int.o
 .debug_pubnames
                0x000046f1       0x42 target/usb/usb_mem.o
 .debug_pubnames
                0x00004733      0x419 target/usb/usb_regs.o
 .debug_pubnames
                0x00004b4c       0x46 target/usb/usb_sil.o

.debug_pubtypes
                0x00000000     0x25a6
 .debug_pubtypes
                0x00000000       0x50 target/cmsis/src/core_cm3.o
 .debug_pubtypes
                0x00000050       0x33 target/freertos/cm3/port.o
 .debug_pubtypes
                0x00000083       0x2c target/freertos/memmang/heap_1.o
 .debug_pubtypes
                0x000000af       0xbd target/src/routines/cr_funcs.o
 .debug_pubtypes
                0x0000016c       0xbd target/src/routines/cr_usbio.o
 .debug_pubtypes
                0x00000229       0x2b target/src/routines/gpio.o
 .debug_pubtypes
                0x00000254      0x104 target/src/usb_related/hw_config.o
 .debug_pubtypes
                0x00000358       0xf6 target/src/usb_related/newlib_stubs.o
 .debug_pubtypes
                0x0000044e       0x1e target/src/usb_related/usb_desc.o
 .debug_pubtypes
                0x0000046c       0x4a target/src/usb_related/usb_endp.o
 .debug_pubtypes
                0x000004b6       0x63 target/src/usb_related/usb_istr.o
 .debug_pubtypes
                0x00000519      0x17b target/src/usb_related/usb_prop.o
 .debug_pubtypes
                0x00000694       0x8d target/src/usb_related/usb_pwr.o
 .debug_pubtypes
                0x00000721       0xd6 target/3310/3310-backend.o
 .debug_pubtypes
                0x000007f7       0x8a target/3310/3310.o
 .debug_pubtypes
                0x00000881       0x7f target/fatfs/ff.o
 .debug_pubtypes
                0x00000900       0xf9 target/fatfs/sd_spi_stm32.o
 .debug_pubtypes
                0x000009f9       0xcd target/freertos/croutine.o
 .debug_pubtypes
                0x00000ac6       0x7a target/freertos/list.o
 .debug_pubtypes
                0x00000b40       0xd4 target/freertos/queue.o
 .debug_pubtypes
                0x00000c14      0x10c target/freertos/tasks.o
 .debug_pubtypes
                0x00000d20       0xfd target/freertos/timers.o
 .debug_pubtypes
                0x00000e1d      0x144 target/pawn/amx.o
 .debug_pubtypes
                0x00000f61       0x29 target/pawn/amxpool.o
 .debug_pubtypes
                0x00000f8a      0x13e target/pawn/pawn_loader.o
 .debug_pubtypes
                0x000010c8       0x78 target/src/data_struct.o
 .debug_pubtypes
                0x00001140       0xbf target/src/main.o
 .debug_pubtypes
                0x000011ff       0x12 target/src/stm32f10x_it.o
 .debug_pubtypes
                0x00001211       0x67 target/src/system_stm32f10x.o
 .debug_pubtypes
                0x00001278      0x10e target/src/task_adc.o
 .debug_pubtypes
                0x00001386       0x6b target/src/task_plot.o
 .debug_pubtypes
                0x000013f1       0x80 target/stdperiph/misc.o
 .debug_pubtypes
                0x00001471       0x8c target/stdperiph/stm32f10x_adc.o
 .debug_pubtypes
                0x000014fd       0x78 target/stdperiph/stm32f10x_bkp.o
 .debug_pubtypes
                0x00001575      0x115 target/stdperiph/stm32f10x_can.o
 .debug_pubtypes
                0x0000168a       0x8c target/stdperiph/stm32f10x_cec.o
 .debug_pubtypes
                0x00001716       0x48 target/stdperiph/stm32f10x_crc.o
 .debug_pubtypes
                0x0000175e       0x70 target/stdperiph/stm32f10x_dac.o
 .debug_pubtypes
                0x000017ce       0x46 target/stdperiph/stm32f10x_dbgmcu.o
 .debug_pubtypes
                0x00001814       0x98 target/stdperiph/stm32f10x_dma.o
 .debug_pubtypes
                0x000018ac       0xa2 target/stdperiph/stm32f10x_exti.o
 .debug_pubtypes
                0x0000194e       0x8d target/stdperiph/stm32f10x_flash.o
 .debug_pubtypes
                0x000019db      0x168 target/stdperiph/stm32f10x_fsmc.o
 .debug_pubtypes
                0x00001b43       0xc3 target/stdperiph/stm32f10x_gpio.o
 .debug_pubtypes
                0x00001c06       0xb2 target/stdperiph/stm32f10x_i2c.o
 .debug_pubtypes
                0x00001cb8       0x58 target/stdperiph/stm32f10x_iwdg.o
 .debug_pubtypes
                0x00001d10       0x78 target/stdperiph/stm32f10x_pwr.o
 .debug_pubtypes
                0x00001d88       0x9e target/stdperiph/stm32f10x_rcc.o
 .debug_pubtypes
                0x00001e26       0x78 target/stdperiph/stm32f10x_rtc.o
 .debug_pubtypes
                0x00001e9e       0xb2 target/stdperiph/stm32f10x_sdio.o
 .debug_pubtypes
                0x00001f50       0xb6 target/stdperiph/stm32f10x_spi.o
 .debug_pubtypes
                0x00002006       0xd8 target/stdperiph/stm32f10x_tim.o
 .debug_pubtypes
                0x000020de       0xc9 target/stdperiph/stm32f10x_usart.o
 .debug_pubtypes
                0x000021a7       0x4b target/stdperiph/stm32f10x_wwdg.o
 .debug_pubtypes
                0x000021f2      0x1b7 target/usb/usb_core.o
 .debug_pubtypes
                0x000023a9       0xfc target/usb/usb_init.o
 .debug_pubtypes
                0x000024a5       0x38 target/usb/usb_int.o
 .debug_pubtypes
                0x000024dd       0x38 target/usb/usb_mem.o
 .debug_pubtypes
                0x00002515       0x59 target/usb/usb_regs.o
 .debug_pubtypes
                0x0000256e       0x38 target/usb/usb_sil.o

.debug_aranges  0x00000000     0x2150
 .debug_aranges
                0x00000000       0xc8 target/cmsis/src/core_cm3.o
 .debug_aranges
                0x000000c8       0x68 target/freertos/cm3/port.o
 .debug_aranges
                0x00000130       0x38 target/freertos/memmang/heap_1.o
 .debug_aranges
                0x00000168       0x28 target/src/routines/cr_funcs.o
 .debug_aranges
                0x00000190       0x38 target/src/routines/cr_usbio.o
 .debug_aranges
                0x000001c8       0x38 target/src/routines/gpio.o
 .debug_aranges
                0x00000200       0x70 target/src/usb_related/hw_config.o
 .debug_aranges
                0x00000270       0xa0 target/src/usb_related/newlib_stubs.o
 .debug_aranges
                0x00000310       0x30 target/src/usb_related/usb_endp.o
 .debug_aranges
                0x00000340       0x20 target/src/usb_related/usb_istr.o
 .debug_aranges
                0x00000360       0x88 target/src/usb_related/usb_prop.o
 .debug_aranges
                0x000003e8       0x40 target/src/usb_related/usb_pwr.o
 .debug_aranges
                0x00000428       0x98 target/3310/3310-backend.o
 .debug_aranges
                0x000004c0       0xb8 target/3310/3310.o
 .debug_aranges
                0x00000578      0x138 target/fatfs/ff.o
 .debug_aranges
                0x000006b0       0x98 target/fatfs/sd_spi_stm32.o
 .debug_aranges
                0x00000748       0x38 target/freertos/croutine.o
 .debug_aranges
                0x00000780       0x40 target/freertos/list.o
 .debug_aranges
                0x000007c0       0x90 target/freertos/queue.o
 .debug_aranges
                0x00000850      0x110 target/freertos/tasks.o
 .debug_aranges
                0x00000960       0x60 target/freertos/timers.o
 .debug_aranges
                0x000009c0      0x188 target/pawn/amx.o
 .debug_aranges
                0x00000b48       0x50 target/pawn/amxpool.o
 .debug_aranges
                0x00000b98       0x40 target/pawn/pawn_loader.o
 .debug_aranges
                0x00000bd8       0x40 target/src/data_struct.o
 .debug_aranges
                0x00000c18       0x50 target/src/main.o
 .debug_aranges
                0x00000c68       0x48 target/src/stm32f10x_it.o
 .debug_aranges
                0x00000cb0       0x28 target/src/system_stm32f10x.o
 .debug_aranges
                0x00000cd8       0x28 target/src/task_adc.o
 .debug_aranges
                0x00000d00       0x20 target/src/task_plot.o
 .debug_aranges
                0x00000d20       0x40 target/stdperiph/misc.o
 .debug_aranges
                0x00000d60      0x138 target/stdperiph/stm32f10x_adc.o
 .debug_aranges
                0x00000e98       0x78 target/stdperiph/stm32f10x_bkp.o
 .debug_aranges
                0x00000f10       0xe0 target/stdperiph/stm32f10x_can.o
 .debug_aranges
                0x00000ff0       0x88 target/stdperiph/stm32f10x_cec.o
 .debug_aranges