Archive member included because of file (symbol)

/home/z80/programs/code-sourcery/2011.03-42/bin/../lib/gcc/arm-none-eabi/4.5.2/../../../../arm-none-eabi/lib/thumb2/libc.a(lib_a-memcmp.o)
                              target/freertos/tasks.o (memcmp)
/home/z80/programs/code-sourcery/2011.03-42/bin/../lib/gcc/arm-none-eabi/4.5.2/../../../../arm-none-eabi/lib/thumb2/libc.a(lib_a-memcpy.o)
                              target/freertos/queue.o (memcpy)
/home/z80/programs/code-sourcery/2011.03-42/bin/../lib/gcc/arm-none-eabi/4.5.2/../../../../arm-none-eabi/lib/thumb2/libc.a(lib_a-memset.o)
                              target/freertos/tasks.o (memset)
/home/z80/programs/code-sourcery/2011.03-42/bin/../lib/gcc/arm-none-eabi/4.5.2/../../../../arm-none-eabi/lib/thumb2/libc.a(lib_a-sprintf.o)
                              target/src/task_plot.o (sprintf)
/home/z80/programs/code-sourcery/2011.03-42/bin/../lib/gcc/arm-none-eabi/4.5.2/../../../../arm-none-eabi/lib/thumb2/libc.a(lib_a-strncpy.o)
                              target/freertos/tasks.o (strncpy)
/home/z80/programs/code-sourcery/2011.03-42/bin/../lib/gcc/arm-none-eabi/4.5.2/../../../../arm-none-eabi/lib/thumb2/libc.a(lib_a-svfprintf.o)
                              /home/z80/programs/code-sourcery/2011.03-42/bin/../lib/gcc/arm-none-eabi/4.5.2/../../../../arm-none-eabi/lib/thumb2/libc.a(lib_a-sprintf.o) (_svfprintf_r)
/home/z80/programs/code-sourcery/2011.03-42/bin/../lib/gcc/arm-none-eabi/4.5.2/../../../../arm-none-eabi/lib/thumb2/libc.a(lib_a-dtoa.o)
                              /home/z80/programs/code-sourcery/2011.03-42/bin/../lib/gcc/arm-none-eabi/4.5.2/../../../../arm-none-eabi/lib/thumb2/libc.a(lib_a-svfprintf.o) (_dtoa_r)
/home/z80/programs/code-sourcery/2011.03-42/bin/../lib/gcc/arm-none-eabi/4.5.2/../../../../arm-none-eabi/lib/thumb2/libc.a(lib_a-impure.o)
                              /home/z80/programs/code-sourcery/2011.03-42/bin/../lib/gcc/arm-none-eabi/4.5.2/../../../../arm-none-eabi/lib/thumb2/libc.a(lib_a-sprintf.o) (_impure_ptr)
/home/z80/programs/code-sourcery/2011.03-42/bin/../lib/gcc/arm-none-eabi/4.5.2/../../../../arm-none-eabi/lib/thumb2/libc.a(lib_a-locale.o)
                              /home/z80/programs/code-sourcery/2011.03-42/bin/../lib/gcc/arm-none-eabi/4.5.2/../../../../arm-none-eabi/lib/thumb2/libc.a(lib_a-svfprintf.o) (_localeconv_r)
/home/z80/programs/code-sourcery/2011.03-42/bin/../lib/gcc/arm-none-eabi/4.5.2/../../../../arm-none-eabi/lib/thumb2/libc.a(lib_a-malloc.o)
                              /home/z80/programs/code-sourcery/2011.03-42/bin/../lib/gcc/arm-none-eabi/4.5.2/../../../../arm-none-eabi/lib/thumb2/libc.a(lib_a-dtoa.o) (malloc)
/home/z80/programs/code-sourcery/2011.03-42/bin/../lib/gcc/arm-none-eabi/4.5.2/../../../../arm-none-eabi/lib/thumb2/libc.a(lib_a-mallocr.o)
                              /home/z80/programs/code-sourcery/2011.03-42/bin/../lib/gcc/arm-none-eabi/4.5.2/../../../../arm-none-eabi/lib/thumb2/libc.a(lib_a-svfprintf.o) (_malloc_r)
/home/z80/programs/code-sourcery/2011.03-42/bin/../lib/gcc/arm-none-eabi/4.5.2/../../../../arm-none-eabi/lib/thumb2/libc.a(lib_a-memchr.o)
                              /home/z80/programs/code-sourcery/2011.03-42/bin/../lib/gcc/arm-none-eabi/4.5.2/../../../../arm-none-eabi/lib/thumb2/libc.a(lib_a-svfprintf.o) (memchr)
/home/z80/programs/code-sourcery/2011.03-42/bin/../lib/gcc/arm-none-eabi/4.5.2/../../../../arm-none-eabi/lib/thumb2/libc.a(lib_a-mlock.o)
                              /home/z80/programs/code-sourcery/2011.03-42/bin/../lib/gcc/arm-none-eabi/4.5.2/../../../../arm-none-eabi/lib/thumb2/libc.a(lib_a-mallocr.o) (__malloc_lock)
/home/z80/programs/code-sourcery/2011.03-42/bin/../lib/gcc/arm-none-eabi/4.5.2/../../../../arm-none-eabi/lib/thumb2/libc.a(lib_a-mprec.o)
                              /home/z80/programs/code-sourcery/2011.03-42/bin/../lib/gcc/arm-none-eabi/4.5.2/../../../../arm-none-eabi/lib/thumb2/libc.a(lib_a-dtoa.o) (_Balloc)
/home/z80/programs/code-sourcery/2011.03-42/bin/../lib/gcc/arm-none-eabi/4.5.2/../../../../arm-none-eabi/lib/thumb2/libc.a(lib_a-s_fpclassify.o)
                              /home/z80/programs/code-sourcery/2011.03-42/bin/../lib/gcc/arm-none-eabi/4.5.2/../../../../arm-none-eabi/lib/thumb2/libc.a(lib_a-svfprintf.o) (__fpclassifyd)
/home/z80/programs/code-sourcery/2011.03-42/bin/../lib/gcc/arm-none-eabi/4.5.2/../../../../arm-none-eabi/lib/thumb2/libc.a(lib_a-sbrkr.o)
                              /home/z80/programs/code-sourcery/2011.03-42/bin/../lib/gcc/arm-none-eabi/4.5.2/../../../../arm-none-eabi/lib/thumb2/libc.a(lib_a-mallocr.o) (_sbrk_r)
/home/z80/programs/code-sourcery/2011.03-42/bin/../lib/gcc/arm-none-eabi/4.5.2/../../../../arm-none-eabi/lib/thumb2/libc.a(lib_a-strcmp.o)
                              /home/z80/programs/code-sourcery/2011.03-42/bin/../lib/gcc/arm-none-eabi/4.5.2/../../../../arm-none-eabi/lib/thumb2/libc.a(lib_a-locale.o) (strcmp)
[...]
Memory Configuration

Name             Origin             Length             Attributes
FLASH            0x08000000         0x00010000         xr
RAM              0x20000000         0x00002800         xrw
MEMORY_B1        0x60000000         0x00000000         xr
*default*        0x00000000         0xffffffff

Linker script and memory map

LOAD /home/z80/programs/code-sourcery/2011.03-42/bin/../lib/gcc/arm-none-eabi/4.5.2/thumb2/crti.o
LOAD /home/z80/programs/code-sourcery/2011.03-42/bin/../lib/gcc/arm-none-eabi/4.5.2/thumb2/crtbegin.o
LOAD target/cmsis/src/core_cm3.o
LOAD target/freertos/cm3/port.o
LOAD target/freertos/memmang/heap_1.o
LOAD target/3310/3310-backend.o
LOAD target/3310/3310.o
LOAD target/freertos/croutine.o
LOAD target/freertos/list.o
LOAD target/freertos/queue.o
LOAD target/freertos/tasks.o
LOAD target/freertos/timers.o
LOAD target/src/data_struct.o
LOAD target/src/main.o
LOAD target/src/stm32f10x_it.o
LOAD target/src/system_stm32f10x.o
LOAD target/src/task_adc.o
LOAD target/src/task_plot.o
LOAD target/stdperiph/misc.o
LOAD target/stdperiph/stm32f10x_adc.o
LOAD target/stdperiph/stm32f10x_bkp.o
LOAD target/stdperiph/stm32f10x_can.o
LOAD target/stdperiph/stm32f10x_cec.o
LOAD target/stdperiph/stm32f10x_crc.o
LOAD target/stdperiph/stm32f10x_dac.o
LOAD target/stdperiph/stm32f10x_dbgmcu.o
LOAD target/stdperiph/stm32f10x_dma.o
LOAD target/stdperiph/stm32f10x_exti.o
LOAD target/stdperiph/stm32f10x_flash.o
LOAD target/stdperiph/stm32f10x_fsmc.o
LOAD target/stdperiph/stm32f10x_gpio.o
LOAD target/stdperiph/stm32f10x_i2c.o
LOAD target/stdperiph/stm32f10x_iwdg.o
LOAD target/stdperiph/stm32f10x_pwr.o
LOAD target/stdperiph/stm32f10x_rcc.o
LOAD target/stdperiph/stm32f10x_rtc.o
LOAD target/stdperiph/stm32f10x_sdio.o
LOAD target/stdperiph/stm32f10x_spi.o
LOAD target/stdperiph/stm32f10x_tim.o
LOAD target/stdperiph/stm32f10x_usart.o
LOAD target/stdperiph/stm32f10x_wwdg.o
LOAD target/cmsis/startup/startup_stm32f10x_md.o
LOAD /home/z80/programs/code-sourcery/2011.03-42/bin/../lib/gcc/arm-none-eabi/4.5.2/../../../../arm-none-eabi/lib/thumb2/libm.a
                0x00001000                malloc_getpagesize_P = 0x1000
START GROUP
LOAD /home/z80/programs/code-sourcery/2011.03-42/bin/../lib/gcc/arm-none-eabi/4.5.2/thumb2/libgcc.a
LOAD /home/z80/programs/code-sourcery/2011.03-42/bin/../lib/gcc/arm-none-eabi/4.5.2/../../../../arm-none-eabi/lib/thumb2/libc.a
END GROUP
LOAD /home/z80/programs/code-sourcery/2011.03-42/bin/../lib/gcc/arm-none-eabi/4.5.2/thumb2/crtend.o
LOAD /home/z80/programs/code-sourcery/2011.03-42/bin/../lib/gcc/arm-none-eabi/4.5.2/thumb2/crtn.o
                0x20002800                _estack = 0x20002800
                0x00000000                _Min_Heap_Size = 0x0
                0x00000080                _Min_Stack_Size = 0x80

.isr_vector     0x08000000      0x10c
                0x08000000                . = ALIGN (0x4)
 *(.isr_vector)
 .isr_vector    0x08000000      0x10c target/cmsis/startup/startup_stm32f10x_md.o
                0x08000000                g_pfnVectors
                0x0800010c                . = ALIGN (0x4)

.text           0x08000110     0xa878
                0x08000110                . = ALIGN (0x4)
 *(.text)
 .text          0x08000110       0x30 /home/z80/programs/code-sourcery/2011.03-42/bin/../lib/gcc/arm-none-eabi/4.5.2/thumb2/crtbegin.o
 .text          0x08000140       0x64 /home/z80/programs/code-sourcery/2011.03-42/bin/../lib/gcc/arm-none-eabi/4.5.2/../../../../arm-none-eabi/lib/thumb2/libc.a(lib_a-memcmp.o)
                0x08000140                memcmp
 .text          0x080001a4      0x150 /home/z80/programs/code-sourcery/2011.03-42/bin/../lib/gcc/arm-none-eabi/4.5.2/../../../../arm-none-eabi/lib/thumb2/libc.a(lib_a-memcpy.o)
                0x080001a4                memcpy
 .text          0x080002f4       0xb4 /home/z80/programs/code-sourcery/2011.03-42/bin/../lib/gcc/arm-none-eabi/4.5.2/../../../../arm-none-eabi/lib/thumb2/libc.a(lib_a-memset.o)
                0x080002f4                memset
 .text          0x080003a8       0x94 /home/z80/programs/code-sourcery/2011.03-42/bin/../lib/gcc/arm-none-eabi/4.5.2/../../../../arm-none-eabi/lib/thumb2/libc.a(lib_a-sprintf.o)
                0x080003a8                _sprintf_r
                0x080003ec                sprintf
 .text          0x0800043c       0x78 /home/z80/programs/code-sourcery/2011.03-42/bin/../lib/gcc/arm-none-eabi/4.5.2/../../../../arm-none-eabi/lib/thumb2/libc.a(lib_a-strncpy.o)
                0x0800043c                strncpy
 .text          0x080004b4     0x1640 /home/z80/programs/code-sourcery/2011.03-42/bin/../lib/gcc/arm-none-eabi/4.5.2/../../../../arm-none-eabi/lib/thumb2/libc.a(lib_a-svfprintf.o)
                0x080004b4                _svfprintf_r
 *fill*         0x08001af4        0x4 00
 .text          0x08001af8      0xfe8 /home/z80/programs/code-sourcery/2011.03-42/bin/../lib/gcc/arm-none-eabi/4.5.2/../../../../arm-none-eabi/lib/thumb2/libc.a(lib_a-dtoa.o)
                0x08001c24                _dtoa_r
 .text          0x08002ae0       0xa0 /home/z80/programs/code-sourcery/2011.03-42/bin/../lib/gcc/arm-none-eabi/4.5.2/../../../../arm-none-eabi/lib/thumb2/libc.a(lib_a-locale.o)
                0x08002ae0                _setlocale_r
                0x08002b3c                __locale_charset
                0x08002b48                __locale_mb_cur_max
                0x08002b54                __locale_msgcharset
                0x08002b5c                __locale_cjk_lang
                0x08002b60                _localeconv_r
                0x08002b68                setlocale
                0x08002b78                localeconv
 .text          0x08002b80       0x20 /home/z80/programs/code-sourcery/2011.03-42/bin/../lib/gcc/arm-none-eabi/4.5.2/../../../../arm-none-eabi/lib/thumb2/libc.a(lib_a-malloc.o)
                0x08002b80                malloc
                0x08002b90                free
 .text          0x08002ba0      0x57c /home/z80/programs/code-sourcery/2011.03-42/bin/../lib/gcc/arm-none-eabi/4.5.2/../../../../arm-none-eabi/lib/thumb2/libc.a(lib_a-mallocr.o)
                0x08002ba0                _malloc_r
 .text          0x0800311c       0x8c /home/z80/programs/code-sourcery/2011.03-42/bin/../lib/gcc/arm-none-eabi/4.5.2/../../../../arm-none-eabi/lib/thumb2/libc.a(lib_a-memchr.o)
                0x0800311c                memchr
 .text          0x080031a8        0x8 /home/z80/programs/code-sourcery/2011.03-42/bin/../lib/gcc/arm-none-eabi/4.5.2/../../../../arm-none-eabi/lib/thumb2/libc.a(lib_a-mlock.o)
                0x080031a8                __malloc_lock
                0x080031ac                __malloc_unlock
 .text          0x080031b0      0x91c /home/z80/programs/code-sourcery/2011.03-42/bin/../lib/gcc/arm-none-eabi/4.5.2/../../../../arm-none-eabi/lib/thumb2/libc.a(lib_a-mprec.o)
                0x080031b0                _Balloc
                0x08003218                _Bfree
                0x08003250                __multadd
                0x080032d4                __s2b
                0x0800336c                __hi0bits
                0x080033ac                __lo0bits
                0x08003410                __i2b
                0x08003424                __multiply
                0x0800354c                __pow5mult
                0x080035f0                __lshift
                0x0800369c                __mcmp
                0x080036d8                __mdiff
                0x080037d0                __ulp
                0x08003818                __b2d
                0x080038c4                __d2b
                0x0800398c                __ratio
                0x080039f4                _mprec_log10
                0x08003a28                __copybits
                0x08003a70                __any_on
 .text          0x08003acc       0x90 /home/z80/programs/code-sourcery/2011.03-42/bin/../lib/gcc/arm-none-eabi/4.5.2/../../../../arm-none-eabi/lib/thumb2/libc.a(lib_a-s_fpclassify.o)
                0x08003acc                __fpclassifyd
 .text          0x08003b5c       0x28 /home/z80/programs/code-sourcery/2011.03-42/bin/../lib/gcc/arm-none-eabi/4.5.2/../../../../arm-none-eabi/lib/thumb2/libc.a(lib_a-sbrkr.o)
                0x08003b5c                _sbrk_r
 .text          0x08003b84      0x1dc /home/z80/programs/code-sourcery/2011.03-42/bin/../lib/gcc/arm-none-eabi/4.5.2/../../../../arm-none-eabi/lib/thumb2/libc.a(lib_a-strcmp.o)
                0x08003b84                strcmp
 .text          0x08003d60       0x60 /home/z80/programs/code-sourcery/2011.03-42/bin/../lib/gcc/arm-none-eabi/4.5.2/../../../../arm-none-eabi/lib/thumb2/libc.a(lib_a-strlen.o)
                0x08003d60                strlen
 .text          0x08003dc0      0xbe8 /home/z80/programs/code-sourcery/2011.03-42/bin/../lib/gcc/arm-none-eabi/4.5.2/../../../../arm-none-eabi/lib/thumb2/libc.a(lib_a-svfiprintf.o)
                0x08003dc0                __ssprint_r
                0x08003ec8                _svfiprintf_r
 .text          0x080049a8       0x5c /home/z80/programs/code-sourcery/2011.03-42/bin/../lib/gcc/arm-none-eabi/4.5.2/../../../../arm-none-eabi/lib/thumb2/libc.a(lib_a-callocr.o)
                0x080049a8                _calloc_r
 .text          0x08004a04      0x240 /home/z80/programs/code-sourcery/2011.03-42/bin/../lib/gcc/arm-none-eabi/4.5.2/../../../../arm-none-eabi/lib/thumb2/libc.a(lib_a-freer.o)
                0x08004a04                _malloc_trim_r
                0x08004aac                _free_r
 .text          0x08004c44       0xb4 /home/z80/programs/code-sourcery/2011.03-42/bin/../lib/gcc/arm-none-eabi/4.5.2/../../../../arm-none-eabi/lib/thumb2/libc.a(lib_a-memmove.o)
                0x08004c44                memmove
 .text          0x08004cf8      0x41c /home/z80/programs/code-sourcery/2011.03-42/bin/../lib/gcc/arm-none-eabi/4.5.2/../../../../arm-none-eabi/lib/thumb2/libc.a(lib_a-reallocr.o)
                0x08004cf8                _realloc_r
 *fill*         0x08005114        0x4 00
 .text          0x08005118      0x278 /home/z80/programs/code-sourcery/2011.03-42/bin/../lib/gcc/arm-none-eabi/4.5.2/thumb2/libgcc.a(_udivsi3.o)
                0x08005118                __udivsi3
                0x08005118                __aeabi_uidiv
                0x08005374                __aeabi_uidivmod
 .text          0x08005390        0x4 /home/z80/programs/code-sourcery/2011.03-42/bin/../lib/gcc/arm-none-eabi/4.5.2/thumb2/libgcc.a(_dvmd_tls.o)
                0x08005390                __aeabi_ldiv0
                0x08005390                __aeabi_idiv0
 .text          0x08005394      0x370 /home/z80/programs/code-sourcery/2011.03-42/bin/../lib/gcc/arm-none-eabi/4.5.2/thumb2/libgcc.a(_arm_addsubdf3.o)
                0x08005394                __aeabi_drsub
                0x0800539c                __aeabi_dsub
                0x0800539c                __subdf3
                0x080053a0                __adddf3
                0x080053a0                __aeabi_dadd
                0x08005618                __aeabi_ui2d
                0x08005618                __floatunsidf
                0x08005638                __floatsidf
                0x08005638                __aeabi_i2d
                0x0800565c                __extendsfdf2
                0x0800565c                __aeabi_f2d
                0x08005698                __aeabi_ul2d
                0x08005698                __floatundidf
                0x080056a8                __floatdidf
                0x080056a8                __aeabi_l2d
 .text          0x08005704      0x424 /home/z80/programs/code-sourcery/2011.03-42/bin/../lib/gcc/arm-none-eabi/4.5.2/thumb2/libgcc.a(_arm_muldivdf3.o)
                0x08005704                __aeabi_dmul
                0x08005704                __muldf3
                0x08005958                __aeabi_ddiv
                0x08005958                __divdf3
 .text          0x08005b28      0x110 /home/z80/programs/code-sourcery/2011.03-42/bin/../lib/gcc/arm-none-eabi/4.5.2/thumb2/libgcc.a(_arm_cmpdf2.o)
                0x08005b28                __gtdf2
                0x08005b28                __gedf2
                0x08005b30                __ltdf2
                0x08005b30                __ledf2
                0x08005b38                __cmpdf2
                0x08005b38                __eqdf2
                0x08005b38                __nedf2
                0x08005bb4                __aeabi_cdrcmple
                0x08005bc4                __aeabi_cdcmple
                0x08005bc4                __aeabi_cdcmpeq
                0x08005bd4                __aeabi_dcmpeq
                0x08005be8                __aeabi_dcmplt
                0x08005bfc                __aeabi_dcmple
                0x08005c10                __aeabi_dcmpge
                0x08005c24                __aeabi_dcmpgt
 .text          0x08005c38       0x50 /home/z80/programs/code-sourcery/2011.03-42/bin/../lib/gcc/arm-none-eabi/4.5.2/thumb2/libgcc.a(_arm_fixdfsi.o)
                0x08005c38                __fixdfsi
                0x08005c38                __aeabi_d2iz
 .text          0x08005c88       0x2c /home/z80/programs/code-sourcery/2011.03-42/bin/../lib/gcc/arm-none-eabi/4.5.2/thumb2/libgcc.a(_aeabi_uldivmod.o)
                0x08005c88                __aeabi_uldivmod
 .text          0x08005cb4       0x60 /home/z80/programs/code-sourcery/2011.03-42/bin/../lib/gcc/arm-none-eabi/4.5.2/thumb2/libgcc.a(bpabi.o)
                0x08005cb4                __gnu_ldivmod_helper
                0x08005ce4                __gnu_uldivmod_helper
 .text          0x08005d14      0x360 /home/z80/programs/code-sourcery/2011.03-42/bin/../lib/gcc/arm-none-eabi/4.5.2/thumb2/libgcc.a(_divdi3.o)
                0x08005d14                __divdi3
 .text          0x08006074      0x308 /home/z80/programs/code-sourcery/2011.03-42/bin/../lib/gcc/arm-none-eabi/4.5.2/thumb2/libgcc.a(_udivdi3.o)
                0x08006074                __udivdi3
 *(.text*)
 .text.pxPortInitialiseStack
                0x0800637c       0x60 target/freertos/cm3/port.o
                0x0800637c                pxPortInitialiseStack
 .text.SVC_Handler
                0x080063dc       0x20 target/freertos/cm3/port.o
                0x080063dc                SVC_Handler
 .text.vPortStartFirstTask
                0x080063fc       0x14 target/freertos/cm3/port.o
                0x080063fc                vPortStartFirstTask
 .text.xPortStartScheduler
                0x08006410       0x3c target/freertos/cm3/port.o
                0x08006410                xPortStartScheduler
 .text.vPortYieldFromISR
                0x0800644c       0x18 target/freertos/cm3/port.o
                0x0800644c                vPortYieldFromISR
 .text.vPortEnterCritical
                0x08006464       0x24 target/freertos/cm3/port.o
                0x08006464                vPortEnterCritical
 .text.vPortExitCritical
                0x08006488       0x2c target/freertos/cm3/port.o
                0x08006488                vPortExitCritical
 .text.PendSV_Handler
                0x080064b4       0x3c target/freertos/cm3/port.o
                0x080064b4                PendSV_Handler
 .text.SysTick_Handler
                0x080064f0       0x34 target/freertos/cm3/port.o
                0x080064f0                SysTick_Handler
 .text.prvSetupTimerInterrupt
                0x08006524       0x24 target/freertos/cm3/port.o
 .text.pvPortMalloc
                0x08006548       0x80 target/freertos/memmang/heap_1.o
                0x08006548                pvPortMalloc
 .text.vPortFree
                0x080065c8       0x14 target/freertos/memmang/heap_1.o
                0x080065c8                vPortFree
 .text.delay3310
                0x080065dc       0x2c target/3310/3310-backend.o
                0x080065dc                delay3310
 .text.init3310
                0x08006608      0x130 target/3310/3310-backend.o
                0x08006608                init3310
 .text.finit3310
                0x08006738       0x40 target/3310/3310-backend.o
                0x08006738                finit3310
 .text.sendByte3310
                0x08006778       0x34 target/3310/3310-backend.o
                0x08006778                sendByte3310
 .text.setModeCmd3310
                0x080067ac       0x2c target/3310/3310-backend.o
                0x080067ac                setModeCmd3310
 .text.setModeData3310
                0x080067d8       0x2c target/3310/3310-backend.o
                0x080067d8                setModeData3310
 .text.csLow    0x08006804       0x14 target/3310/3310-backend.o
                0x08006804                csLow
 .text.csHigh   0x08006818       0x14 target/3310/3310-backend.o
                0x08006818                csHigh
 .text.rstLow   0x0800682c       0x14 target/3310/3310-backend.o
                0x0800682c                rstLow
 .text.rstHigh  0x08006840       0x14 target/3310/3310-backend.o
                0x08006840                rstHigh
 .text.lcdPower
                0x08006854       0x24 target/3310/3310.o
                0x08006854                lcdPower
 .text.lcdInit  0x08006878       0x90 target/3310/3310.o
                0x08006878                lcdInit
 .text.lcdClear
                0x08006908       0x48 target/3310/3310.o
                0x08006908                lcdClear
 .text.lcdGotoXy
                0x08006950       0x44 target/3310/3310.o
                0x08006950                lcdGotoXy
 .text.lcdChr   0x08006994      0x33c target/3310/3310.o
                0x08006994                lcdChr
 .text.lcdStrConst
                0x08006cd0       0x34 target/3310/3310.o
                0x08006cd0                lcdStrConst
 .text.lcdPixel
                0x08006d04       0xe4 target/3310/3310.o
                0x08006d04                lcdPixel
 .text.lcdLine  0x08006de8      0x13c target/3310/3310.o
                0x08006de8                lcdLine
 .text.lcdUpdate
                0x08006f24       0x70 target/3310/3310.o
                0x08006f24                lcdUpdate
 .text.lcdCmd   0x08006f94       0x24 target/3310/3310.o
 .text.lcdFuncSet
                0x08006fb8       0x54 target/3310/3310.o
                0x08006fb8                lcdFuncSet
 .text.lcdDispCtrl
                0x0800700c       0x50 target/3310/3310.o
                0x0800700c                lcdDispCtrl
 .text.lcdYAddr
                0x0800705c       0x34 target/3310/3310.o
                0x0800705c                lcdYAddr
 .text.lcdXAddr
                0x08007090       0x34 target/3310/3310.o
                0x08007090                lcdXAddr
 .text.lcdTempCtrl
                0x080070c4       0x34 target/3310/3310.o
                0x080070c4                lcdTempCtrl
 .text.lcdBias  0x080070f8       0x34 target/3310/3310.o
                0x080070f8                lcdBias
 .text.lcdVop   0x0800712c       0x2c target/3310/3310.o
                0x0800712c                lcdVop
 .text.vListInitialise
                0x08007158       0x48 target/freertos/list.o
                0x08007158                vListInitialise
 .text.vListInitialiseItem
                0x080071a0       0x1c target/freertos/list.o
                0x080071a0                vListInitialiseItem
 .text.vListInsertEnd
                0x080071bc       0x50 target/freertos/list.o
                0x080071bc                vListInsertEnd
 .text.vListInsert
                0x0800720c       0x74 target/freertos/list.o
                0x0800720c                vListInsert
 .text.vListRemove
                0x08007280       0x54 target/freertos/list.o
                0x08007280                vListRemove
 .text.xQueueGenericCreate
                0x080072d4       0xe4 target/freertos/queue.o
                0x080072d4                xQueueGenericCreate
 .text.xQueueCreateMutex
                0x080073b8       0xac target/freertos/queue.o
                0x080073b8                xQueueCreateMutex
 .text.xQueueGenericSend
                0x08007464      0x154 target/freertos/queue.o
                0x08007464                xQueueGenericSend
 .text.xQueueGenericSendFromISR
                0x080075b8       0xd4 target/freertos/queue.o
                0x080075b8                xQueueGenericSendFromISR
 .text.xQueueGenericReceive
                0x0800768c      0x1bc target/freertos/queue.o
                0x0800768c                xQueueGenericReceive
 .text.prvCopyDataToQueue
                0x08007848       0xc4 target/freertos/queue.o
 .text.prvCopyDataFromQueue
                0x0800790c       0x50 target/freertos/queue.o
 .text.prvUnlockQueue
                0x0800795c       0xa0 target/freertos/queue.o
 .text.prvIsQueueEmpty
                0x080079fc       0x2c target/freertos/queue.o
 .text.prvIsQueueFull
                0x08007a28       0x30 target/freertos/queue.o
 .text.vQueueWaitForMessageRestricted
                0x08007a58       0x5c target/freertos/queue.o
                0x08007a58                vQueueWaitForMessageRestricted
 .text.xTaskGenericCreate
                0x08007ab4      0x1ac target/freertos/tasks.o
                0x08007ab4                xTaskGenericCreate
 .text.vTaskDelayUntil
                0x08007c60       0xc0 target/freertos/tasks.o
                0x08007c60                vTaskDelayUntil
 .text.vTaskDelay
                0x08007d20       0x58 target/freertos/tasks.o
                0x08007d20                vTaskDelay
 .text.vTaskStartScheduler
                0x08007d78       0x88 target/freertos/tasks.o
                0x08007d78                vTaskStartScheduler
 .text.vTaskSuspendAll
                0x08007e00       0x1c target/freertos/tasks.o
                0x08007e00                vTaskSuspendAll
 .text.xTaskResumeAll
                0x08007e1c      0x124 target/freertos/tasks.o
                0x08007e1c                xTaskResumeAll
 .text.xTaskGetTickCount
                0x08007f40       0x24 target/freertos/tasks.o
                0x08007f40                xTaskGetTickCount
 .text.vTaskIncrementTick
                0x08007f64      0x154 target/freertos/tasks.o
                0x08007f64                vTaskIncrementTick
 .text.vTaskSwitchContext
                0x080080b8      0x114 target/freertos/tasks.o
                0x080080b8                vTaskSwitchContext
 .text.vTaskPlaceOnEventList
                0x080081cc       0x78 target/freertos/tasks.o
                0x080081cc                vTaskPlaceOnEventList
 .text.vTaskPlaceOnEventListRestricted
                0x08008244       0x58 target/freertos/tasks.o
                0x08008244                vTaskPlaceOnEventListRestricted
 .text.xTaskRemoveFromEventList
                0x0800829c       0xc4 target/freertos/tasks.o
                0x0800829c                xTaskRemoveFromEventList
 .text.vTaskSetTimeOutState
                0x08008360       0x3c target/freertos/tasks.o
                0x08008360                vTaskSetTimeOutState
 .text.xTaskCheckForTimeOut
                0x0800839c       0xb4 target/freertos/tasks.o
                0x0800839c                xTaskCheckForTimeOut
 .text.vTaskMissedYield
                0x08008450       0x18 target/freertos/tasks.o
                0x08008450                vTaskMissedYield
 .text.prvIdleTask
                0x08008468       0x24 target/freertos/tasks.o
 .text.prvInitialiseTCBVariables
                0x0800848c       0x7c target/freertos/tasks.o
 .text.prvInitialiseTaskLists
                0x08008508       0x88 target/freertos/tasks.o
 .text.prvCheckTasksWaitingTermination
                0x08008590       0x78 target/freertos/tasks.o
 .text.prvAddCurrentTaskToDelayedList
                0x08008608       0x70 target/freertos/tasks.o
 .text.prvAllocateTCBAndStack
                0x08008678       0x74 target/freertos/tasks.o
 .text.prvDeleteTCB
                0x080086ec       0x20 target/freertos/tasks.o
 .text.xTaskGetCurrentTaskHandle
                0x0800870c       0x20 target/freertos/tasks.o
                0x0800870c                xTaskGetCurrentTaskHandle
 .text.xTaskGetSchedulerState
                0x0800872c       0x44 target/freertos/tasks.o
                0x0800872c                xTaskGetSchedulerState
 .text.vTaskPriorityInherit
                0x08008770       0xc4 target/freertos/tasks.o
                0x08008770                vTaskPriorityInherit
 .text.vTaskPriorityDisinherit
                0x08008834       0x88 target/freertos/tasks.o
                0x08008834                vTaskPriorityDisinherit
 .text.xTimerCreateTimerTask
                0x080088bc       0x6c target/freertos/timers.o
                0x080088bc                xTimerCreateTimerTask
 .text.xTimerGenericCommand
                0x08008928       0x98 target/freertos/timers.o
                0x08008928                xTimerGenericCommand
 .text.prvProcessExpiredTimer
                0x080089c0       0x80 target/freertos/timers.o
 .text.prvTimerTask
                0x08008a40       0x24 target/freertos/timers.o
 .text.prvProcessTimerOrBlockTask
                0x08008a64       0x74 target/freertos/timers.o
 .text.prvGetNextExpireTime
                0x08008ad8       0x48 target/freertos/timers.o
 .text.prvSampleTimeNow
                0x08008b20       0x4c target/freertos/timers.o
 .text.prvInsertTimerInActiveList
                0x08008b6c       0x90 target/freertos/timers.o
 .text.prvProcessReceivedCommands
                0x08008bfc      0x118 target/freertos/timers.o
 .text.prvSwitchTimerLists
                0x08008d14       0xc4 target/freertos/timers.o
 .text.prvCheckForValidListAndQueue
                0x08008dd8       0x58 target/freertos/timers.o
 .text.data     0x08008e30       0x14 target/src/data_struct.o
                0x08008e30                data
 .text.dataInit
                0x08008e44       0x5c target/src/data_struct.o
                0x08008e44                dataInit
 .text.adcSetData
                0x08008ea0       0x5c target/src/data_struct.o
                0x08008ea0                adcSetData
 .text.plotPlaceCurrentData
                0x08008efc       0x90 target/src/data_struct.o
                0x08008efc                plotPlaceCurrentData
 .text.plotPrepareData
                0x08008f8c       0x84 target/src/data_struct.o
                0x08008f8c                plotPrepareData
 .text.delay    0x08009010       0x34 target/src/main.o
                0x08009010                delay
 .text.main     0x08009044      0x120 target/src/main.o
                0x08009044                main
 .text.clockConfig
                0x08009164       0x88 target/src/main.o
 .text.vApplicationMallocFailedHook
                0x080091ec       0x18 target/src/main.o
                0x080091ec                vApplicationMallocFailedHook
 .text.vApplicationStackOverflowHook
                0x08009204       0x1c target/src/main.o
                0x08009204                vApplicationStackOverflowHook
 .text.NMI_Handler
                0x08009220        0xc target/src/stm32f10x_it.o
                0x08009220                NMI_Handler
 .text.HardFault_Handler
                0x0800922c        0x8 target/src/stm32f10x_it.o
                0x0800922c                HardFault_Handler
 .text.MemManage_Handler
                0x08009234        0x8 target/src/stm32f10x_it.o
                0x08009234                MemManage_Handler
 .text.BusFault_Handler
                0x0800923c        0x8 target/src/stm32f10x_it.o
                0x0800923c                BusFault_Handler
 .text.UsageFault_Handler
                0x08009244        0x8 target/src/stm32f10x_it.o
                0x08009244                UsageFault_Handler
 .text.DebugMon_Handler
                0x0800924c        0xc target/src/stm32f10x_it.o
                0x0800924c                DebugMon_Handler
 .text.SystemInit
                0x08009258       0x68 target/src/system_stm32f10x.o
                0x08009258                SystemInit
 .text.SetSysClock
                0x080092c0        0xc target/src/system_stm32f10x.o
 .text.SetSysClockTo72
                0x080092cc      0x108 target/src/system_stm32f10x.o
 .text.vTaskAdc
                0x080093d4       0x80 target/src/task_adc.o
                0x080093d4                vTaskAdc
 .text.adcInit  0x08009454       0xac target/src/task_adc.o
                0x08009454                adcInit
 .text.adc      0x08009500       0x50 target/src/task_adc.o
 .text.filterInit
                0x08009550       0x54 target/src/task_adc.o
 .text.filter   0x080095a4       0xf4 target/src/task_adc.o
 .text.vTaskPlot
                0x08009698      0x1d4 target/src/task_plot.o
                0x08009698                vTaskPlot
 .text._sbrk    0x0800986c       0x40 target/src/task_plot.o
                0x0800986c                _sbrk
 .text.ADC_DeInit
                0x080098ac       0x80 target/stdperiph/stm32f10x_adc.o
                0x080098ac                ADC_DeInit
 .text.ADC_Init
                0x0800992c       0xbc target/stdperiph/stm32f10x_adc.o
                0x0800992c                ADC_Init
 .text.ADC_StructInit
                0x080099e8       0x44 target/stdperiph/stm32f10x_adc.o
                0x080099e8                ADC_StructInit
 .text.ADC_Cmd  0x08009a2c       0x38 target/stdperiph/stm32f10x_adc.o
                0x08009a2c                ADC_Cmd
 .text.ADC_ResetCalibration
                0x08009a64       0x20 target/stdperiph/stm32f10x_adc.o
                0x08009a64                ADC_ResetCalibration
 .text.ADC_GetResetCalibrationStatus
                0x08009a84       0x38 target/stdperiph/stm32f10x_adc.o
                0x08009a84                ADC_GetResetCalibrationStatus
 .text.ADC_StartCalibration
                0x08009abc       0x20 target/stdperiph/stm32f10x_adc.o
                0x08009abc                ADC_StartCalibration
 .text.ADC_GetCalibrationStatus
                0x08009adc       0x38 target/stdperiph/stm32f10x_adc.o
                0x08009adc                ADC_GetCalibrationStatus
 .text.ADC_SoftwareStartConvCmd
                0x08009b14       0x38 target/stdperiph/stm32f10x_adc.o
                0x08009b14                ADC_SoftwareStartConvCmd
 .text.ADC_RegularChannelConfig
                0x08009b4c      0x1d0 target/stdperiph/stm32f10x_adc.o
                0x08009b4c                ADC_RegularChannelConfig
 .text.ADC_GetConversionValue
                0x08009d1c       0x1c target/stdperiph/stm32f10x_adc.o
                0x08009d1c                ADC_GetConversionValue
 .text.ADC_GetFlagStatus
                0x08009d38       0x3c target/stdperiph/stm32f10x_adc.o
                0x08009d38                ADC_GetFlagStatus
 .text.GPIO_Init
                0x08009d74      0x1c0 target/stdperiph/stm32f10x_gpio.o
                0x08009d74                GPIO_Init
 .text.GPIO_SetBits
                0x08009f34       0x1c target/stdperiph/stm32f10x_gpio.o
                0x08009f34                GPIO_SetBits
 .text.GPIO_ResetBits
                0x08009f50       0x1c target/stdperiph/stm32f10x_gpio.o
                0x08009f50                GPIO_ResetBits
 .text.RCC_DeInit
                0x08009f6c       0x5c target/stdperiph/stm32f10x_rcc.o
                0x08009f6c                RCC_DeInit
 .text.RCC_HSEConfig
                0x08009fc8       0x5c target/stdperiph/stm32f10x_rcc.o
                0x08009fc8                RCC_HSEConfig
 .text.RCC_WaitForHSEStartUp
                0x0800a024       0x64 target/stdperiph/stm32f10x_rcc.o
                0x0800a024                RCC_WaitForHSEStartUp
 .text.RCC_PLLConfig
                0x0800a088       0x44 target/stdperiph/stm32f10x_rcc.o
                0x0800a088                RCC_PLLConfig
 .text.RCC_PLLCmd
                0x0800a0cc       0x20 target/stdperiph/stm32f10x_rcc.o
                0x0800a0cc                RCC_PLLCmd
 .text.RCC_SYSCLKConfig
                0x0800a0ec       0x3c target/stdperiph/stm32f10x_rcc.o
                0x0800a0ec                RCC_SYSCLKConfig
 .text.RCC_HCLKConfig
                0x0800a128       0x3c target/stdperiph/stm32f10x_rcc.o
                0x0800a128                RCC_HCLKConfig
 .text.RCC_PCLK1Config
                0x0800a164       0x3c target/stdperiph/stm32f10x_rcc.o
                0x0800a164                RCC_PCLK1Config
 .text.RCC_PCLK2Config
                0x0800a1a0       0x40 target/stdperiph/stm32f10x_rcc.o
                0x0800a1a0                RCC_PCLK2Config
 .text.RCC_USBCLKConfig
                0x0800a1e0       0x1c target/stdperiph/stm32f10x_rcc.o
                0x0800a1e0                RCC_USBCLKConfig
 .text.RCC_ADCCLKConfig
                0x0800a1fc       0x3c target/stdperiph/stm32f10x_rcc.o
                0x0800a1fc                RCC_ADCCLKConfig
 .text.RCC_APB2PeriphClockCmd
                0x0800a238       0x44 target/stdperiph/stm32f10x_rcc.o
                0x0800a238                RCC_APB2PeriphClockCmd
 .text.RCC_APB1PeriphClockCmd
                0x0800a27c       0x44 target/stdperiph/stm32f10x_rcc.o
                0x0800a27c                RCC_APB1PeriphClockCmd
 .text.RCC_APB2PeriphResetCmd
                0x0800a2c0       0x44 target/stdperiph/stm32f10x_rcc.o
                0x0800a2c0                RCC_APB2PeriphResetCmd
 .text.RCC_GetFlagStatus
                0x0800a304       0x84 target/stdperiph/stm32f10x_rcc.o
                0x0800a304                RCC_GetFlagStatus
 .text.SPI_Init
                0x0800a388       0x98 target/stdperiph/stm32f10x_spi.o
                0x0800a388                SPI_Init
 .text.SPI_Cmd  0x0800a420       0x40 target/stdperiph/stm32f10x_spi.o
                0x0800a420                SPI_Cmd
 .text.SPI_I2S_SendData
                0x0800a460       0x1c target/stdperiph/stm32f10x_spi.o
                0x0800a460                SPI_I2S_SendData
 .text.SPI_I2S_GetFlagStatus
                0x0800a47c       0x40 target/stdperiph/stm32f10x_spi.o
                0x0800a47c                SPI_I2S_GetFlagStatus
 .text.Reset_Handler
                0x0800a4bc       0x44 target/cmsis/startup/startup_stm32f10x_md.o
                0x0800a4bc                Reset_Handler
 .text.Default_Handler
                0x0800a500        0x2 target/cmsis/startup/startup_stm32f10x_md.o
                0x0800a500                EXTI2_IRQHandler
                0x0800a500                TIM1_CC_IRQHandler
                0x0800a500                PVD_IRQHandler
                0x0800a500                EXTI3_IRQHandler
                0x0800a500                EXTI0_IRQHandler
                0x0800a500                I2C2_EV_IRQHandler
                0x0800a500                ADC1_2_IRQHandler
                0x0800a500                SPI1_IRQHandler
                0x0800a500                TAMPER_IRQHandler
                0x0800a500                DMA1_Channel4_IRQHandler
                0x0800a500                USART3_IRQHandler
                0x0800a500                RTC_IRQHandler
                0x0800a500                DMA1_Channel7_IRQHandler
                0x0800a500                CAN1_RX1_IRQHandler
                0x0800a500                TIM4_IRQHandler
                0x0800a500                I2C1_EV_IRQHandler
                0x0800a500                DMA1_Channel6_IRQHandler
                0x0800a500                TIM3_IRQHandler
                0x0800a500                RCC_IRQHandler
                0x0800a500                TIM1_TRG_COM_IRQHandler
                0x0800a500                DMA1_Channel1_IRQHandler
                0x0800a500                Default_Handler
                0x0800a500                EXTI15_10_IRQHandler
                0x0800a500                EXTI9_5_IRQHandler
                0x0800a500                SPI2_IRQHandler
                0x0800a500                DMA1_Channel5_IRQHandler
                0x0800a500                EXTI4_IRQHandler
                0x0800a500                USB_LP_CAN1_RX0_IRQHandler
                0x0800a500                USB_HP_CAN1_TX_IRQHandler
                0x0800a500                DMA1_Channel3_IRQHandler
                0x0800a500                TIM1_UP_IRQHandler
                0x0800a500                WWDG_IRQHandler
                0x0800a500                TIM2_IRQHandler
                0x0800a500                TIM1_BRK_IRQHandler
                0x0800a500                EXTI1_IRQHandler
                0x0800a500                RTCAlarm_IRQHandler
                0x0800a500                USART2_IRQHandler
                0x0800a500                I2C2_ER_IRQHandler
                0x0800a500                DMA1_Channel2_IRQHandler
                0x0800a500                CAN1_SCE_IRQHandler
                0x0800a500                FLASH_IRQHandler
                0x0800a500                USART1_IRQHandler
                0x0800a500                I2C1_ER_IRQHandler
                0x0800a500                USBWakeUp_IRQHandler
 *(.rodata)
 *fill*         0x0800a502        0x2 00
 .rodata        0x0800a504        0x8 target/freertos/tasks.o
 .rodata        0x0800a50c        0x8 target/freertos/timers.o
 .rodata        0x0800a514       0x14 target/src/main.o
 .rodata        0x0800a528       0x10 target/src/task_plot.o
 .rodata        0x0800a538       0x20 /home/z80/programs/code-sourcery/2011.03-42/bin/../lib/gcc/arm-none-eabi/4.5.2/../../../../arm-none-eabi/lib/thumb2/libc.a(lib_a-svfprintf.o)
 .rodata        0x0800a558      0x128 /home/z80/programs/code-sourcery/2011.03-42/bin/../lib/gcc/arm-none-eabi/4.5.2/../../../../arm-none-eabi/lib/thumb2/libc.a(lib_a-mprec.o)
                0x0800a568                __mprec_tens
                0x0800a630                __mprec_bigtens
                0x0800a658                __mprec_tinytens
 .rodata        0x0800a680       0x20 /home/z80/programs/code-sourcery/2011.03-42/bin/../lib/gcc/arm-none-eabi/4.5.2/../../../../arm-none-eabi/lib/thumb2/libc.a(lib_a-svfiprintf.o)
 *(.rodata*)
 .rodata.FontLookup
                0x0800a6a0      0x258 target/3310/3310.o
 .rodata.ucExpectedStackBytes.5755
                0x0800a8f8       0x14 target/freertos/tasks.o
 .rodata.str1.4
                0x0800a90c       0x42 /home/z80/programs/code-sourcery/2011.03-42/bin/../lib/gcc/arm-none-eabi/4.5.2/../../../../arm-none-eabi/lib/thumb2/libc.a(lib_a-svfprintf.o)
                                 0x44 (size before relaxing)
 *fill*         0x0800a94e        0x2 00
 .rodata.str1.4
                0x0800a950       0x10 /home/z80/programs/code-sourcery/2011.03-42/bin/../lib/gcc/arm-none-eabi/4.5.2/../../../../arm-none-eabi/lib/thumb2/libc.a(lib_a-dtoa.o)
                                 0x14 (size before relaxing)
 .rodata.str1.4
                0x0800a960        0x2 /home/z80/programs/code-sourcery/2011.03-42/bin/../lib/gcc/arm-none-eabi/4.5.2/../../../../arm-none-eabi/lib/thumb2/libc.a(lib_a-impure.o)
                                  0x4 (size before relaxing)
 *fill*         0x0800a962        0x2 00
 .rodata.str1.4
                0x0800a964        0xc /home/z80/programs/code-sourcery/2011.03-42/bin/../lib/gcc/arm-none-eabi/4.5.2/../../../../arm-none-eabi/lib/thumb2/libc.a(lib_a-locale.o)
                                 0x14 (size before relaxing)
 .rodata.str1.4
                0x00000000       0x30 /home/z80/programs/code-sourcery/2011.03-42/bin/../lib/gcc/arm-none-eabi/4.5.2/../../../../arm-none-eabi/lib/thumb2/libc.a(lib_a-svfiprintf.o)
 *(.glue_7)
 .glue_7        0x00000000        0x0 linker stubs
 *(.glue_7t)
 .glue_7t       0x00000000        0x0 linker stubs
 *(.init)
 .init          0x0800a970        0x4 /home/z80/programs/code-sourcery/2011.03-42/bin/../lib/gcc/arm-none-eabi/4.5.2/thumb2/crti.o
                0x0800a970                _init
 .init          0x0800a974        0x8 /home/z80/programs/code-sourcery/2011.03-42/bin/../lib/gcc/arm-none-eabi/4.5.2/thumb2/crtn.o
 *(.fini)
 .fini          0x0800a97c        0x4 /home/z80/programs/code-sourcery/2011.03-42/bin/../lib/gcc/arm-none-eabi/4.5.2/thumb2/crti.o
                0x0800a97c                _fini
 .fini          0x0800a980        0x8 /home/z80/programs/code-sourcery/2011.03-42/bin/../lib/gcc/arm-none-eabi/4.5.2/thumb2/crtn.o
                0x0800a988                . = ALIGN (0x4)
                0x0800a988                _etext = .

.vfp11_veneer   0x0800a988        0x0
 .vfp11_veneer  0x00000000        0x0 linker stubs

.v4_bx          0x0800a988        0x0
 .v4_bx         0x00000000        0x0 linker stubs

.ARM.extab
 *(.ARM.extab* .gnu.linkonce.armextab.*)

.ARM            0x0800a988        0x8
                0x0800a988                __exidx_start = .
 *(.ARM.exidx*)
 .ARM.exidx     0x0800a988        0x8 /home/z80/programs/code-sourcery/2011.03-42/bin/../lib/gcc/arm-none-eabi/4.5.2/thumb2/libgcc.a(_divdi3.o)
 .ARM.exidx     0x0800a990        0x0 /home/z80/programs/code-sourcery/2011.03-42/bin/../lib/gcc/arm-none-eabi/4.5.2/thumb2/libgcc.a(_udivdi3.o)
                                  0x8 (size before relaxing)
                0x0800a990                __exidx_end = .

.ARM.attributes
                0x0800a990       0x25
 *(.ARM.attributes)
 .ARM.attributes
                0x0800a990       0x19 /home/z80/programs/code-sourcery/2011.03-42/bin/../lib/gcc/arm-none-eabi/4.5.2/thumb2/crti.o
 .ARM.attributes
                0x0800a9a9       0x29 /home/z80/programs/code-sourcery/2011.03-42/bin/../lib/gcc/arm-none-eabi/4.5.2/thumb2/crtbegin.o
 .ARM.attributes
                0x0800a9d2       0x31 target/cmsis/src/core_cm3.o
 .ARM.attributes
                0x0800aa03       0x31 target/freertos/cm3/port.o
 .ARM.attributes
                0x0800aa34       0x31 target/freertos/memmang/heap_1.o
 .ARM.attributes
                0x0800aa65       0x31 target/3310/3310-backend.o
 .ARM.attributes
                0x0800aa96       0x31 target/3310/3310.o
 .ARM.attributes
                0x0800aac7       0x31 target/freertos/croutine.o
 .ARM.attributes
                0x0800aaf8       0x31 target/freertos/list.o
 .ARM.attributes
                0x0800ab29       0x31 target/freertos/queue.o
 .ARM.attributes
                0x0800ab5a       0x31 target/freertos/tasks.o
 .ARM.attributes
                0x0800ab8b       0x31 target/freertos/timers.o
 .ARM.attributes
                0x0800abbc       0x31 target/src/data_struct.o
 .ARM.attributes
                0x0800abed       0x31 target/src/main.o
 .ARM.attributes
                0x0800ac1e       0x31 target/src/stm32f10x_it.o
 .ARM.attributes
                0x0800ac4f       0x31 target/src/system_stm32f10x.o
 .ARM.attributes
                0x0800ac80       0x31 target/src/task_adc.o
 .ARM.attributes
                0x0800acb1       0x31 target/src/task_plot.o
 .ARM.attributes
                0x0800ace2       0x31 target/stdperiph/misc.o
 .ARM.attributes
                0x0800ad13       0x31 target/stdperiph/stm32f10x_adc.o
 .ARM.attributes
                0x0800ad44       0x31 target/stdperiph/stm32f10x_bkp.o
 .ARM.attributes
                0x0800ad75       0x31 target/stdperiph/stm32f10x_can.o
 .ARM.attributes
                0x0800ada6       0x31 target/stdperiph/stm32f10x_cec.o
 .ARM.attributes
                0x0800add7       0x31 target/stdperiph/stm32f10x_crc.o
 .ARM.attributes
                0x0800ae08       0x31 target/stdperiph/stm32f10x_dac.o
 .ARM.attributes
                0x0800ae39       0x31 target/stdperiph/stm32f10x_dbgmcu.o
 .ARM.attributes
                0x0800ae6a       0x31 target/stdperiph/stm32f10x_dma.o
 .ARM.attributes
                0x0800ae9b       0x31 target/stdperiph/stm32f10x_exti.o
 .ARM.attributes
                0x0800aecc       0x31 target/stdperiph/stm32f10x_flash.o
 .ARM.attributes
                0x0800aefd       0x31 target/stdperiph/stm32f10x_fsmc.o
 .ARM.attributes
                0x0800af2e       0x31 target/stdperiph/stm32f10x_gpio.o
 .ARM.attributes
                0x0800af5f       0x31 target/stdperiph/stm32f10x_i2c.o
 .ARM.attributes
                0x0800af90       0x31 target/stdperiph/stm32f10x_iwdg.o
 .ARM.attributes
                0x0800afc1       0x31 target/stdperiph/stm32f10x_pwr.o
 .ARM.attributes
                0x0800aff2       0x31 target/stdperiph/stm32f10x_rcc.o
 .ARM.attributes
                0x0800b023       0x31 target/stdperiph/stm32f10x_rtc.o
 .ARM.attributes
                0x0800b054       0x31 target/stdperiph/stm32f10x_sdio.o
 .ARM.attributes
                0x0800b085       0x31 target/stdperiph/stm32f10x_spi.o
 .ARM.attributes
                0x0800b0b6       0x31 target/stdperiph/stm32f10x_tim.o
 .ARM.attributes
                0x0800b0e7       0x31 target/stdperiph/stm32f10x_usart.o
 .ARM.attributes
                0x0800b118       0x31 target/stdperiph/stm32f10x_wwdg.o
 .ARM.attributes
                0x0800b149       0x21 target/cmsis/startup/startup_stm32f10x_md.o
 .ARM.attributes
                0x0800b16a       0x29 /home/z80/programs/code-sourcery/2011.03-42/bin/../lib/gcc/arm-none-eabi/4.5.2/../../../../arm-none-eabi/lib/thumb2/libc.a(lib_a-memcmp.o)
 .ARM.attributes
                0x0800b193       0x29 /home/z80/programs/code-sourcery/2011.03-42/bin/../lib/gcc/arm-none-eabi/4.5.2/../../../../arm-none-eabi/lib/thumb2/libc.a(lib_a-memcpy.o)
 .ARM.attributes
                0x0800b1bc       0x29 /home/z80/programs/code-sourcery/2011.03-42/bin/../lib/gcc/arm-none-eabi/4.5.2/../../../../arm-none-eabi/lib/thumb2/libc.a(lib_a-memset.o)
 .ARM.attributes
                0x0800b1e5       0x29 /home/z80/programs/code-sourcery/2011.03-42/bin/../lib/gcc/arm-none-eabi/4.5.2/../../../../arm-none-eabi/lib/thumb2/libc.a(lib_a-sprintf.o)
 .ARM.attributes
                0x0800b20e       0x29 /home/z80/programs/code-sourcery/2011.03-42/bin/../lib/gcc/arm-none-eabi/4.5.2/../../../../arm-none-eabi/lib/thumb2/libc.a(lib_a-strncpy.o)
 .ARM.attributes
                0x0800b237       0x29 /home/z80/programs/code-sourcery/2011.03-42/bin/../lib/gcc/arm-none-eabi/4.5.2/../../../../arm-none-eabi/lib/thumb2/libc.a(lib_a-svfprintf.o)
 .ARM.attributes
                0x0800b260       0x29 /home/z80/programs/code-sourcery/2011.03-42/bin/../lib/gcc/arm-none-eabi/4.5.2/../../../../arm-none-eabi/lib/thumb2/libc.a(lib_a-dtoa.o)
 .ARM.attributes
                0x0800b289       0x29 /home/z80/programs/code-sourcery/2011.03-42/bin/../lib/gcc/arm-none-eabi/4.5.2/../../../../arm-none-eabi/lib/thumb2/libc.a(lib_a-impure.o)
 .ARM.attributes
                0x0800b2b2       0x29 /home/z80/programs/code-sourcery/2011.03-42/bin/../lib/gcc/arm-none-eabi/4.5.2/../../../../arm-none-eabi/lib/thumb2/libc.a(lib_a-locale.o)
 .ARM.attributes
                0x0800b2db       0x29 /home/z80/programs/code-sourcery/2011.03-42/bin/../lib/gcc/arm-none-eabi/4.5.2/../../../../arm-none-eabi/lib/thumb2/libc.a(lib_a-malloc.o)
 .ARM.attributes
                0x0800b304       0x29 /home/z80/programs/code-sourcery/2011.03-42/bin/../lib/gcc/arm-none-eabi/4.5.2/../../../../arm-none-eabi/lib/thumb2/libc.a(lib_a-mallocr.o)
 .ARM.attributes
                0x0800b32d       0x29 /home/z80/programs/code-sourcery/2011.03-42/bin/../lib/gcc/arm-none-eabi/4.5.2/../../../../arm-none-eabi/lib/thumb2/libc.a(lib_a-memchr.o)
 .ARM.attributes
                0x0800b356       0x29 /home/z80/programs/code-sourcery/2011.03-42/bin/../lib/gcc/arm-none-eabi/4.5.2/../../../../arm-none-eabi/lib/thumb2/libc.a(lib_a-mlock.o)
 .ARM.attributes
                0x0800b37f       0x29 /home/z80/programs/code-sourcery/2011.03-42/bin/../lib/gcc/arm-none-eabi/4.5.2/../../../../arm-none-eabi/lib/thumb2/libc.a(lib_a-mprec.o)
 .ARM.attributes
                0x0800b3a8       0x29 /home/z80/programs/code-sourcery/2011.03-42/bin/../lib/gcc/arm-none-eabi/4.5.2/../../../../arm-none-eabi/lib/thumb2/libc.a(lib_a-s_fpclassify.o)
 .ARM.attributes
                0x0800b3d1       0x29 /home/z80/programs/code-sourcery/2011.03-42/bin/../lib/gcc/arm-none-eabi/4.5.2/../../../../arm-none-eabi/lib/thumb2/libc.a(lib_a-sbrkr.o)
 .ARM.attributes
                0x0800b3fa       0x29 /home/z80/programs/code-sourcery/2011.03-42/bin/../lib/gcc/arm-none-eabi/4.5.2/../../../../arm-none-eabi/lib/thumb2/libc.a(lib_a-strcmp.o)
 .ARM.attributes
                0x0800b423       0x29 /home/z80/programs/code-sourcery/2011.03-42/bin/../lib/gcc/arm-none-eabi/4.5.2/../../../../arm-none-eabi/lib/thumb2/libc.a(lib_a-strlen.o)
 .ARM.attributes
                0x0800b44c       0x29 /home/z80/programs/code-sourcery/2011.03-42/bin/../lib/gcc/arm-none-eabi/4.5.2/../../../../arm-none-eabi/lib/thumb2/libc.a(lib_a-svfiprintf.o)
 .ARM.attributes
                0x0800b475       0x29 /home/z80/programs/code-sourcery/2011.03-42/bin/../lib/gcc/arm-none-eabi/4.5.2/../../../../arm-none-eabi/lib/thumb2/libc.a(lib_a-callocr.o)
 .ARM.attributes
                0x0800b49e       0x29 /home/z80/programs/code-sourcery/2011.03-42/bin/../lib/gcc/arm-none-eabi/4.5.2/../../../../arm-none-eabi/lib/thumb2/libc.a(lib_a-freer.o)
 .ARM.attributes
                0x0800b4c7       0x29 /home/z80/programs/code-sourcery/2011.03-42/bin/../lib/gcc/arm-none-eabi/4.5.2/../../../../arm-none-eabi/lib/thumb2/libc.a(lib_a-memmove.o)
 .ARM.attributes
                0x0800b4f0       0x29 /home/z80/programs/code-sourcery/2011.03-42/bin/../lib/gcc/arm-none-eabi/4.5.2/../../../../arm-none-eabi/lib/thumb2/libc.a(lib_a-reallocr.o)
 .ARM.attributes
                0x0800b519       0x29 /home/z80/programs/code-sourcery/2011.03-42/bin/../lib/gcc/arm-none-eabi/4.5.2/../../../../arm-none-eabi/lib/thumb2/libc.a(lib_a-reent.o)
 .ARM.attributes
                0x0800b542       0x1b /home/z80/programs/code-sourcery/2011.03-42/bin/../lib/gcc/arm-none-eabi/4.5.2/thumb2/libgcc.a(_udivsi3.o)
 .ARM.attributes
                0x0800b55d       0x1b /home/z80/programs/code-sourcery/2011.03-42/bin/../lib/gcc/arm-none-eabi/4.5.2/thumb2/libgcc.a(_dvmd_tls.o)
 .ARM.attributes
                0x0800b578       0x1b /home/z80/programs/code-sourcery/2011.03-42/bin/../lib/gcc/arm-none-eabi/4.5.2/thumb2/libgcc.a(_arm_addsubdf3.o)
 .ARM.attributes
                0x0800b593       0x1b /home/z80/programs/code-sourcery/2011.03-42/bin/../lib/gcc/arm-none-eabi/4.5.2/thumb2/libgcc.a(_arm_muldivdf3.o)
 .ARM.attributes
                0x0800b5ae       0x1b /home/z80/programs/code-sourcery/2011.03-42/bin/../lib/gcc/arm-none-eabi/4.5.2/thumb2/libgcc.a(_arm_cmpdf2.o)
 .ARM.attributes
                0x0800b5c9       0x1b /home/z80/programs/code-sourcery/2011.03-42/bin/../lib/gcc/arm-none-eabi/4.5.2/thumb2/libgcc.a(_arm_fixdfsi.o)
 .ARM.attributes
                0x0800b5e4       0x1b /home/z80/programs/code-sourcery/2011.03-42/bin/../lib/gcc/arm-none-eabi/4.5.2/thumb2/libgcc.a(_aeabi_uldivmod.o)
 .ARM.attributes
                0x0800b5ff       0x29 /home/z80/programs/code-sourcery/2011.03-42/bin/../lib/gcc/arm-none-eabi/4.5.2/thumb2/libgcc.a(bpabi.o)
 .ARM.attributes
                0x0800b628       0x29 /home/z80/programs/code-sourcery/2011.03-42/bin/../lib/gcc/arm-none-eabi/4.5.2/thumb2/libgcc.a(_divdi3.o)
 .ARM.attributes
                0x0800b651       0x29 /home/z80/programs/code-sourcery/2011.03-42/bin/../lib/gcc/arm-none-eabi/4.5.2/thumb2/libgcc.a(_udivdi3.o)
 .ARM.attributes
                0x0800b67a       0x29 /home/z80/programs/code-sourcery/2011.03-42/bin/../lib/gcc/arm-none-eabi/4.5.2/thumb2/crtend.o
 .ARM.attributes
                0x0800b6a3       0x19 /home/z80/programs/code-sourcery/2011.03-42/bin/../lib/gcc/arm-none-eabi/4.5.2/thumb2/crtn.o

.preinit_array  0x0800b6bc        0x0
                0x0800b6bc                PROVIDE (__preinit_array_start, .)
 *(.preinit_array*)
                0x0800b6bc                PROVIDE (__preinit_array_end, .)

.init_array     0x0800b6bc        0x4
                0x0800b6bc                PROVIDE (__init_array_start, .)
 *(SORT(.init_array.*))
 *(.init_array*)
 .init_array    0x0800b6bc        0x4 /home/z80/programs/code-sourcery/2011.03-42/bin/../lib/gcc/arm-none-eabi/4.5.2/thumb2/crtbegin.o
                0x0800b6c0                PROVIDE (__init_array_end, .)

.fini_array     0x0800b6c0        0x4
                0x0800b6c0                PROVIDE (__fini_array_start, .)
 *(.fini_array*)
 .fini_array    0x0800b6c0        0x4 /home/z80/programs/code-sourcery/2011.03-42/bin/../lib/gcc/arm-none-eabi/4.5.2/thumb2/crtbegin.o
 *(SORT(.fini_array.*))
                0x0800b6c4                PROVIDE (__fini_array_end, .)
                0x0800b6c4                _sidata = .

.data           0x20000000      0x58c load address 0x0800b6c4
                0x20000000                . = ALIGN (0x4)
                0x20000000                _sdata = .
 *(.data)
 .data          0x20000000       0xf4 /home/z80/programs/code-sourcery/2011.03-42/bin/../lib/gcc/arm-none-eabi/4.5.2/../../../../arm-none-eabi/lib/thumb2/libc.a(lib_a-impure.o)
                0x20000000                _impure_ptr
 .data          0x200000f4       0x7c /home/z80/programs/code-sourcery/2011.03-42/bin/../lib/gcc/arm-none-eabi/4.5.2/../../../../arm-none-eabi/lib/thumb2/libc.a(lib_a-locale.o)
                0x20000114                __mb_cur_max
 .data          0x20000170      0x410 /home/z80/programs/code-sourcery/2011.03-42/bin/../lib/gcc/arm-none-eabi/4.5.2/../../../../arm-none-eabi/lib/thumb2/libc.a(lib_a-mallocr.o)
                0x20000170                __malloc_av_
                0x20000578                __malloc_sbrk_base
                0x2000057c                __malloc_trim_threshold
 *(.data*)
 .data.uxCriticalNesting
                0x20000580        0x4 target/freertos/cm3/port.o
 .data.FirstInit.6398
                0x20000584        0x1 target/3310/3310.o
 *fill*         0x20000585        0x3 00
 .data.xNextTaskUnblockTime
                0x20000588        0x4 target/freertos/tasks.o
                0x2000058c                . = ALIGN (0x4)
                0x2000058c                _edata = .

.jcr            0x2000058c        0x0 load address 0x0800bc50
 .jcr           0x2000058c        0x0 /home/z80/programs/code-sourcery/2011.03-42/bin/../lib/gcc/arm-none-eabi/4.5.2/thumb2/crtbegin.o
                0x2000058c                . = ALIGN (0x4)

.bss            0x20000590     0x1e70 load address 0x0800bc54
                0x20000590                _sbss = .
                0x20000590                __bss_start__ = _sbss
 *(.bss)
 .bss           0x20000590        0x1 /home/z80/programs/code-sourcery/2011.03-42/bin/../lib/gcc/arm-none-eabi/4.5.2/thumb2/crtbegin.o
 *fill*         0x20000591        0x3 00
 .bss           0x20000594       0x34 /home/z80/programs/code-sourcery/2011.03-42/bin/../lib/gcc/arm-none-eabi/4.5.2/../../../../arm-none-eabi/lib/thumb2/libc.a(lib_a-mallocr.o)
                0x20000594                __malloc_top_pad
                0x20000598                __malloc_current_mallinfo
                0x200005c0                __malloc_max_sbrked_mem
                0x200005c4                __malloc_max_total_mem
 *(.bss*)
 .bss.xHeap     0x200005c8     0x1800 target/freertos/memmang/heap_1.o
 .bss.xNextFreeByte
                0x20001dc8        0x4 target/freertos/memmang/heap_1.o
 .bss.g_LcdCache
                0x20001dcc      0x1f8 target/3310/3310.o
 .bss.LcdCacheIdx
                0x20001fc4        0x4 target/3310/3310.o
 .bss.pxCurrentTCB
                0x20001fc8        0x4 target/freertos/tasks.o
                0x20001fc8                pxCurrentTCB
 .bss.pxReadyTasksLists
                0x20001fcc       0x64 target/freertos/tasks.o
 .bss.xDelayedTaskList1
                0x20002030       0x14 target/freertos/tasks.o
 .bss.xDelayedTaskList2
                0x20002044       0x14 target/freertos/tasks.o
 .bss.pxDelayedTaskList
                0x20002058        0x4 target/freertos/tasks.o
 .bss.pxOverflowDelayedTaskList
                0x2000205c        0x4 target/freertos/tasks.o
 .bss.xPendingReadyList
                0x20002060       0x14 target/freertos/tasks.o
 .bss.xTasksWaitingTermination
                0x20002074       0x14 target/freertos/tasks.o
 .bss.uxTasksDeleted
                0x20002088        0x4 target/freertos/tasks.o
 .bss.xSuspendedTaskList
                0x2000208c       0x14 target/freertos/tasks.o
 .bss.uxCurrentNumberOfTasks
                0x200020a0        0x4 target/freertos/tasks.o
 .bss.xTickCount
                0x200020a4        0x4 target/freertos/tasks.o
 .bss.uxTopUsedPriority
                0x200020a8        0x4 target/freertos/tasks.o
 .bss.uxTopReadyPriority
                0x200020ac        0x4 target/freertos/tasks.o
 .bss.xSchedulerRunning
                0x200020b0        0x4 target/freertos/tasks.o
 .bss.uxSchedulerSuspended
                0x200020b4        0x4 target/freertos/tasks.o
 .bss.uxMissedTicks
                0x200020b8        0x4 target/freertos/tasks.o
 .bss.xMissedYield
                0x200020bc        0x4 target/freertos/tasks.o
 .bss.xNumOfOverflows
                0x200020c0        0x4 target/freertos/tasks.o
 .bss.uxTCBNumber
                0x200020c4        0x4 target/freertos/tasks.o
 .bss.xActiveTimerList1
                0x200020c8       0x14 target/freertos/timers.o
 .bss.xActiveTimerList2
                0x200020dc       0x14 target/freertos/timers.o
 .bss.pxCurrentTimerList
                0x200020f0        0x4 target/freertos/timers.o
 .bss.pxOverflowTimerList
                0x200020f4        0x4 target/freertos/timers.o
 .bss.xTimerQueue
                0x200020f8        0x4 target/freertos/timers.o
 .bss.xLastTime.4284
                0x200020fc        0x4 target/freertos/timers.o
 .bss.st.6668   0x20002100        0x4 target/src/task_adc.o
 .bss.prevTime.6666
                0x20002104        0x4 target/src/task_adc.o
 .bss.pointTime.6667
                0x20002108        0x4 target/src/task_adc.o
 .bss.heap.7572
                0x2000210c        0x4 target/src/task_plot.o
 .bss.st.7554   0x20002110        0x4 target/src/task_plot.o
 .bss.prevTime.7553
                0x20002114        0x4 target/src/task_plot.o
 .bss.i.7555    0x20002118        0x1 target/src/task_plot.o
 *fill*         0x20002119        0x3 00
 .bss.stri.7556
                0x2000211c       0x10 target/src/task_plot.o
 *(COMMON)
 COMMON         0x2000212c        0x1 target/3310/3310.o
                0x2000212c                UpdateLcd
 *fill*         0x2000212d        0x3 00
 COMMON         0x20002130      0x2ac target/src/data_struct.o
                0x20002130                st
 COMMON         0x200023dc       0x20 target/src/task_adc.o
                0x200023dc                g_xx
                0x200023ec                g_yy
 COMMON         0x200023fc        0x4 /home/z80/programs/code-sourcery/2011.03-42/bin/../lib/gcc/arm-none-eabi/4.5.2/../../../../arm-none-eabi/lib/thumb2/libc.a(lib_a-reent.o)
                0x200023fc                errno
                0x20002400                . = ALIGN (0x4)
                0x20002400                _ebss = .
                0x20002400                __bss_end__ = _ebss
                0x20002400                PROVIDE (end, _ebss)
                0x20002400                PROVIDE (_end, _ebss)

._user_heap_stack
                0x20002400       0x80 load address 0x0800dac4
                0x20002400                . = ALIGN (0x4)
                0x20002400                . = (. + _Min_Heap_Size)
                0x20002480                . = (. + _Min_Stack_Size)
 *fill*         0x20002400       0x80 00
                0x20002480                . = ALIGN (0x4)

.memory_b1_text
 *(.mb1text)
 *(.mb1text*)
 *(.mb1rodata)
 *(.mb1rodata*)

/DISCARD/
 libc.a(*)
 libm.a(*)
 libgcc.a(*)
OUTPUT(target/target.elf elf32-littlearm)

.debug_abbrev   0x00000000     0x3296
 .debug_abbrev  0x00000000       0xd7 target/cmsis/src/core_cm3.o
 .debug_abbrev  0x000000d7      0x122 target/freertos/cm3/port.o
 .debug_abbrev  0x000001f9      0x118 target/freertos/memmang/heap_1.o
 .debug_abbrev  0x00000311      0x18e target/3310/3310-backend.o
 .debug_abbrev  0x0000049f      0x151 target/3310/3310.o
 .debug_abbrev  0x000005f0      0x188 target/freertos/croutine.o
 .debug_abbrev  0x00000778       0xb8 target/freertos/list.o
 .debug_abbrev  0x00000830      0x109 target/freertos/queue.o
 .debug_abbrev  0x00000939      0x182 target/freertos/tasks.o
 .debug_abbrev  0x00000abb      0x132 target/freertos/timers.o
 .debug_abbrev  0x00000bed      0x112 target/src/data_struct.o
 .debug_abbrev  0x00000cff      0x191 target/src/main.o
 .debug_abbrev  0x00000e90       0x59 target/src/stm32f10x_it.o
 .debug_abbrev  0x00000ee9      0x180 target/src/system_stm32f10x.o
 .debug_abbrev  0x00001069      0x1b6 target/src/task_adc.o
 .debug_abbrev  0x0000121f      0x11c target/src/task_plot.o
 .debug_abbrev  0x0000133b      0x137 target/stdperiph/misc.o
 .debug_abbrev  0x00001472      0x176 target/stdperiph/stm32f10x_adc.o
 .debug_abbrev  0x000015e8      0x158 target/stdperiph/stm32f10x_bkp.o
 .debug_abbrev  0x00001740      0x1ae target/stdperiph/stm32f10x_can.o
 .debug_abbrev  0x000018ee      0x18b target/stdperiph/stm32f10x_cec.o
 .debug_abbrev  0x00001a79      0x10c target/stdperiph/stm32f10x_crc.o
 .debug_abbrev  0x00001b85      0x16b target/stdperiph/stm32f10x_dac.o
 .debug_abbrev  0x00001cf0       0xdc target/stdperiph/stm32f10x_dbgmcu.o
 .debug_abbrev  0x00001dcc      0x150 target/stdperiph/stm32f10x_dma.o
 .debug_abbrev  0x00001f1c      0x14c target/stdperiph/stm32f10x_exti.o
 .debug_abbrev  0x00002068      0x164 target/stdperiph/stm32f10x_flash.o
 .debug_abbrev  0x000021cc      0x168 target/stdperiph/stm32f10x_fsmc.o
 .debug_abbrev  0x00002334      0x1a6 target/stdperiph/stm32f10x_gpio.o
 .debug_abbrev  0x000024da      0x15f target/stdperiph/stm32f10x_i2c.o
 .debug_abbrev  0x00002639       0xfc target/stdperiph/stm32f10x_iwdg.o
 .debug_abbrev  0x00002735      0x186 target/stdperiph/stm32f10x_pwr.o
 .debug_abbrev  0x000028bb      0x193 target/stdperiph/stm32f10x_rcc.o
 .debug_abbrev  0x00002a4e      0x168 target/stdperiph/stm32f10x_rtc.o
 .debug_abbrev  0x00002bb6      0x1a4 target/stdperiph/stm32f10x_sdio.o
 .debug_abbrev  0x00002d5a      0x15f target/stdperiph/stm32f10x_spi.o
 .debug_abbrev  0x00002eb9      0x174 target/stdperiph/stm32f10x_tim.o
 .debug_abbrev  0x0000302d      0x15d target/stdperiph/stm32f10x_usart.o
 .debug_abbrev  0x0000318a       0xfa target/stdperiph/stm32f10x_wwdg.o
 .debug_abbrev  0x00003284       0x12 target/cmsis/startup/startup_stm32f10x_md.o

.debug_info     0x00000000     0xfffa
 .debug_info    0x00000000      0x54c target/cmsis/src/core_cm3.o
 .debug_info    0x0000054c      0x1db target/freertos/cm3/port.o
 .debug_info    0x00000727      0x18a target/freertos/memmang/heap_1.o
 .debug_info    0x000008b1      0x751 target/3310/3310-backend.o
 .debug_info    0x00001002      0x721 target/3310/3310.o
 .debug_info    0x00001723      0x4b3 target/freertos/croutine.o
 .debug_info    0x00001bd6      0x2aa target/freertos/list.o
 .debug_info    0x00001e80      0x7bc target/freertos/queue.o
 .debug_info    0x0000263c      0xe22 target/freertos/tasks.o
 .debug_info    0x0000345e      0x731 target/freertos/timers.o
 .debug_info    0x00003b8f      0x20f target/src/data_struct.o
 .debug_info    0x00003d9e      0x3eb target/src/main.o
 .debug_info    0x00004189      0x10f target/src/stm32f10x_it.o
 .debug_info    0x00004298      0x4a4 target/src/system_stm32f10x.o
 .debug_info    0x0000473c      0x5c8 target/src/task_adc.o
 .debug_info    0x00004d04      0x2aa target/src/task_plot.o
 .debug_info    0x00004fae      0x54a target/stdperiph/misc.o
 .debug_info    0x000054f8      0xc12 target/stdperiph/stm32f10x_adc.o
 .debug_info    0x0000610a      0x87d target/stdperiph/stm32f10x_bkp.o
 .debug_info    0x00006987      0xc5b target/stdperiph/stm32f10x_can.o
 .debug_info    0x000075e2      0x440 target/stdperiph/stm32f10x_cec.o
 .debug_info    0x00007a22      0x204 target/stdperiph/stm32f10x_crc.o
 .debug_info    0x00007c26      0x4dc target/stdperiph/stm32f10x_dac.o
 .debug_info    0x00008102      0x15e target/stdperiph/stm32f10x_dbgmcu.o
 .debug_info    0x00008260      0x4a6 target/stdperiph/stm32f10x_dma.o
 .debug_info    0x00008706      0x365 target/stdperiph/stm32f10x_exti.o
 .debug_info    0x00008a6b      0x81d target/stdperiph/stm32f10x_flash.o
 .debug_info    0x00009288      0x99d target/stdperiph/stm32f10x_fsmc.o
 .debug_info    0x00009c25      0x727 target/stdperiph/stm32f10x_gpio.o
 .debug_info    0x0000a34c      0xb98 target/stdperiph/stm32f10x_i2c.o
 .debug_info    0x0000aee4      0x204 target/stdperiph/stm32f10x_iwdg.o
 .debug_info    0x0000b0e8      0x45f target/stdperiph/stm32f10x_pwr.o
 .debug_info    0x0000b547      0x905 target/stdperiph/stm32f10x_rcc.o
 .debug_info    0x0000be4c      0x46e target/stdperiph/stm32f10x_rtc.o
 .debug_info    0x0000c2ba      0x893 target/stdperiph/stm32f10x_sdio.o
 .debug_info    0x0000cb4d      0x975 target/stdperiph/stm32f10x_spi.o
 .debug_info    0x0000d4c2     0x1e1c target/stdperiph/stm32f10x_tim.o
 .debug_info    0x0000f2de      0xa70 target/stdperiph/stm32f10x_usart.o
 .debug_info    0x0000fd4e      0x239 target/stdperiph/stm32f10x_wwdg.o
 .debug_info    0x0000ff87       0x73 target/cmsis/startup/startup_stm32f10x_md.o

.debug_line     0x00000000     0x6837
 .debug_line    0x00000000      0x262 target/cmsis/src/core_cm3.o
 .debug_line    0x00000262      0x134 target/freertos/cm3/port.o
 .debug_line    0x00000396       0xf8 target/freertos/memmang/heap_1.o
 .debug_line    0x0000048e      0x2dd target/3310/3310-backend.o
 .debug_line    0x0000076b      0x386 target/3310/3310.o
 .debug_line    0x00000af1      0x1a5 target/freertos/croutine.o
 .debug_line    0x00000c96       0xd9 target/freertos/list.o
 .debug_line    0x00000d6f      0x458 target/freertos/queue.o
 .debug_line    0x000011c7      0x73a target/freertos/tasks.o
 .debug_line    0x00001901      0x267 target/freertos/timers.o
 .debug_line    0x00001b68      0x1a6 target/src/data_struct.o
 .debug_line    0x00001d0e      0x25c target/src/main.o
 .debug_line    0x00001f6a       0xbf target/src/stm32f10x_it.o
 .debug_line    0x00002029      0x198 target/src/system_stm32f10x.o
 .debug_line    0x000021c1      0x1fa target/src/task_adc.o
 .debug_line    0x000023bb      0x244 target/src/task_plot.o
 .debug_line    0x000025ff      0x14b target/stdperiph/misc.o
 .debug_line    0x0000274a      0x42a target/stdperiph/stm32f10x_adc.o
 .debug_line    0x00002b74      0x1c5 target/stdperiph/stm32f10x_bkp.o
 .debug_line    0x00002d39      0x472 target/stdperiph/stm32f10x_can.o
 .debug_line    0x000031ab      0x218 target/stdperiph/stm32f10x_cec.o
 .debug_line    0x000033c3      0x15e target/stdperiph/stm32f10x_crc.o
 .debug_line    0x00003521      0x1ef target/stdperiph/stm32f10x_dac.o
 .debug_line    0x00003710      0x119 target/stdperiph/stm32f10x_dbgmcu.o
 .debug_line    0x00003829      0x20a target/stdperiph/stm32f10x_dma.o
 .debug_line    0x00003a33      0x1ab target/stdperiph/stm32f10x_exti.o
 .debug_line    0x00003bde      0x3e0 target/stdperiph/stm32f10x_flash.o
 .debug_line    0x00003fbe      0x35a target/stdperiph/stm32f10x_fsmc.o
 .debug_line    0x00004318      0x2b5 target/stdperiph/stm32f10x_gpio.o
 .debug_line    0x000045cd      0x3de target/stdperiph/stm32f10x_i2c.o
 .debug_line    0x000049ab      0x14f target/stdperiph/stm32f10x_iwdg.o
 .debug_line    0x00004afa      0x1c9 target/stdperiph/stm32f10x_pwr.o
 .debug_line    0x00004cc3      0x3cb target/stdperiph/stm32f10x_rcc.o
 .debug_line    0x0000508e      0x209 target/stdperiph/stm32f10x_rtc.o
 .debug_line    0x00005297      0x352 target/stdperiph/stm32f10x_sdio.o
 .debug_line    0x000055e9      0x329 target/stdperiph/stm32f10x_spi.o
 .debug_line    0x00005912      0x995 target/stdperiph/stm32f10x_tim.o
 .debug_line    0x000062a7      0x3a1 target/stdperiph/stm32f10x_usart.o
 .debug_line    0x00006648      0x176 target/stdperiph/stm32f10x_wwdg.o
 .debug_line    0x000067be       0x79 target/cmsis/startup/startup_stm32f10x_md.o

.debug_loc      0x00000000     0x8a0c
 .debug_loc     0x00000000      0x3f0 target/cmsis/src/core_cm3.o
 .debug_loc     0x000003f0      0x178 target/freertos/cm3/port.o
 .debug_loc     0x00000568       0xc8 target/freertos/memmang/heap_1.o
 .debug_loc     0x00000630      0x338 target/3310/3310-backend.o
 .debug_loc     0x00000968      0x454 target/3310/3310.o
 .debug_loc     0x00000dbc      0x188 target/freertos/croutine.o
 .debug_loc     0x00000f44      0x118 target/freertos/list.o
 .debug_loc     0x0000105c      0x3b8 target/freertos/queue.o
 .debug_loc     0x00001414      0x7b0 target/freertos/tasks.o
 .debug_loc     0x00001bc4      0x304 target/freertos/timers.o
 .debug_loc     0x00001ec8      0x100 target/src/data_struct.o
 .debug_loc     0x00001fc8      0x17c target/src/main.o
 .debug_loc     0x00002144      0x108 target/src/stm32f10x_it.o
 .debug_loc     0x0000224c       0xc8 target/src/system_stm32f10x.o
 .debug_loc     0x00002314      0x10c target/src/task_adc.o
 .debug_loc     0x00002420       0x70 target/src/task_plot.o
 .debug_loc     0x00002490      0x118 target/stdperiph/misc.o
 .debug_loc     0x000025a8      0x7d4 target/stdperiph/stm32f10x_adc.o
 .debug_loc     0x00002d7c      0x264 target/stdperiph/stm32f10x_bkp.o
 .debug_loc     0x00002fe0      0x578 target/stdperiph/stm32f10x_can.o
 .debug_loc     0x00003558      0x2ec target/stdperiph/stm32f10x_cec.o
 .debug_loc     0x00003844      0x12c target/stdperiph/stm32f10x_crc.o
 .debug_loc     0x00003970      0x294 target/stdperiph/stm32f10x_dac.o
 .debug_loc     0x00003c04       0x90 target/stdperiph/stm32f10x_dbgmcu.o
 .debug_loc     0x00003c94      0x268 target/stdperiph/stm32f10x_dma.o
 .debug_loc     0x00003efc      0x1b4 target/stdperiph/stm32f10x_exti.o
 .debug_loc     0x000040b0      0x5d8 target/stdperiph/stm32f10x_flash.o
 .debug_loc     0x00004688      0x41c target/stdperiph/stm32f10x_fsmc.o
 .debug_loc     0x00004aa4      0x3e4 target/stdperiph/stm32f10x_gpio.o
 .debug_loc     0x00004e88      0x738 target/stdperiph/stm32f10x_i2c.o
 .debug_loc     0x000055c0      0x138 target/stdperiph/stm32f10x_iwdg.o
 .debug_loc     0x000056f8      0x238 target/stdperiph/stm32f10x_pwr.o
 .debug_loc     0x00005930      0x6dc target/stdperiph/stm32f10x_rcc.o
 .debug_loc     0x0000600c      0x2e0 target/stdperiph/stm32f10x_rtc.o
 .debug_loc     0x000062ec      0x648 target/stdperiph/stm32f10x_sdio.o
 .debug_loc     0x00006934      0x508 target/stdperiph/stm32f10x_spi.o
 .debug_loc     0x00006e3c     0x13e8 target/stdperiph/stm32f10x_tim.o
 .debug_loc     0x00008224      0x658 target/stdperiph/stm32f10x_usart.o
 .debug_loc     0x0000887c      0x190 target/stdperiph/stm32f10x_wwdg.o

.debug_pubnames
                0x00000000     0x3724
 .debug_pubnames
                0x00000000      0x159 target/cmsis/src/core_cm3.o
 .debug_pubnames
                0x00000159      0x101 target/freertos/cm3/port.o
 .debug_pubnames
                0x0000025a       0x64 target/freertos/memmang/heap_1.o
 .debug_pubnames
                0x000002be      0x105 target/3310/3310-backend.o
 .debug_pubnames
                0x000003c3      0x111 target/3310/3310.o
 .debug_pubnames
                0x000004d4       0x96 target/freertos/croutine.o
 .debug_pubnames
                0x0000056a       0x71 target/freertos/list.o
 .debug_pubnames
                0x000005db      0x151 target/freertos/queue.o
 .debug_pubnames
                0x0000072c      0x2ca target/freertos/tasks.o
 .debug_pubnames
                0x000009f6       0x84 target/freertos/timers.o
 .debug_pubnames
                0x00000a7a       0x6b target/src/data_struct.o
 .debug_pubnames
                0x00000ae5       0x91 target/src/main.o
 .debug_pubnames
                0x00000b76       0x8f target/src/stm32f10x_it.o
 .debug_pubnames
                0x00000c05       0x61 target/src/system_stm32f10x.o
 .debug_pubnames
                0x00000c66       0x3d target/src/task_adc.o
 .debug_pubnames
                0x00000ca3       0x2a target/src/task_plot.o
 .debug_pubnames
                0x00000ccd       0x89 target/stdperiph/misc.o
 .debug_pubnames
                0x00000d56      0x401 target/stdperiph/stm32f10x_adc.o
 .debug_pubnames
                0x00001157      0x128 target/stdperiph/stm32f10x_bkp.o
 .debug_pubnames
                0x0000127f      0x208 target/stdperiph/stm32f10x_can.o
 .debug_pubnames
                0x00001487      0x12b target/stdperiph/stm32f10x_cec.o
 .debug_pubnames
                0x000015b2       0x82 target/stdperiph/stm32f10x_crc.o
 .debug_pubnames
                0x00001634      0x116 target/stdperiph/stm32f10x_dac.o
 .debug_pubnames
                0x0000174a       0x4c target/stdperiph/stm32f10x_dbgmcu.o
 .debug_pubnames
                0x00001796       0xea target/stdperiph/stm32f10x_dma.o
 .debug_pubnames
                0x00001880       0xbb target/stdperiph/stm32f10x_exti.o
 .debug_pubnames
                0x0000193b      0x2f2 target/stdperiph/stm32f10x_flash.o
 .debug_pubnames
                0x00001c2d      0x1a3 target/stdperiph/stm32f10x_fsmc.o
 .debug_pubnames
                0x00001dd0      0x19d target/stdperiph/stm32f10x_gpio.o
 .debug_pubnames
                0x00001f6d      0x2cb target/stdperiph/stm32f10x_i2c.o
 .debug_pubnames
                0x00002238       0x91 target/stdperiph/stm32f10x_iwdg.o
 .debug_pubnames
                0x000022c9       0xcb target/stdperiph/stm32f10x_pwr.o
 .debug_pubnames
                0x00002394      0x2c4 target/stdperiph/stm32f10x_rcc.o
 .debug_pubnames
                0x00002658      0x136 target/stdperiph/stm32f10x_rtc.o
 .debug_pubnames
                0x0000278e      0x2ac target/stdperiph/stm32f10x_sdio.o
 .debug_pubnames
                0x00002a3a      0x1f6 target/stdperiph/stm32f10x_spi.o
 .debug_pubnames
                0x00002c30      0x7b0 target/stdperiph/stm32f10x_tim.o
 .debug_pubnames
                0x000033e0      0x294 target/stdperiph/stm32f10x_usart.o
 .debug_pubnames
                0x00003674       0xb0 target/stdperiph/stm32f10x_wwdg.o

.debug_pubtypes
                0x00000000     0x1759
 .debug_pubtypes
                0x00000000       0x50 target/cmsis/src/core_cm3.o
 .debug_pubtypes
                0x00000050       0x33 target/freertos/cm3/port.o
 .debug_pubtypes
                0x00000083       0x2c target/freertos/memmang/heap_1.o
 .debug_pubtypes
                0x000000af       0xd6 target/3310/3310-backend.o
 .debug_pubtypes
                0x00000185       0x8a target/3310/3310.o
 .debug_pubtypes
                0x0000020f       0xcd target/freertos/croutine.o
 .debug_pubtypes
                0x000002dc       0x7a target/freertos/list.o
 .debug_pubtypes
                0x00000356       0xd4 target/freertos/queue.o
 .debug_pubtypes
                0x0000042a      0x10c target/freertos/tasks.o
 .debug_pubtypes
                0x00000536       0xfd target/freertos/timers.o
 .debug_pubtypes
                0x00000633       0x78 target/src/data_struct.o
 .debug_pubtypes
                0x000006ab       0xaf target/src/main.o
 .debug_pubtypes
                0x0000075a       0x12 target/src/stm32f10x_it.o
 .debug_pubtypes
                0x0000076c       0x67 target/src/system_stm32f10x.o
 .debug_pubtypes
                0x000007d3      0x10e target/src/task_adc.o
 .debug_pubtypes
                0x000008e1       0x77 target/src/task_plot.o
 .debug_pubtypes
                0x00000958       0x80 target/stdperiph/misc.o
 .debug_pubtypes
                0x000009d8       0x8c target/stdperiph/stm32f10x_adc.o
 .debug_pubtypes
                0x00000a64       0x78 target/stdperiph/stm32f10x_bkp.o
 .debug_pubtypes
                0x00000adc      0x115 target/stdperiph/stm32f10x_can.o
 .debug_pubtypes
                0x00000bf1       0x8c target/stdperiph/stm32f10x_cec.o
 .debug_pubtypes
                0x00000c7d       0x48 target/stdperiph/stm32f10x_crc.o
 .debug_pubtypes
                0x00000cc5       0x70 target/stdperiph/stm32f10x_dac.o
 .debug_pubtypes
                0x00000d35       0x46 target/stdperiph/stm32f10x_dbgmcu.o
 .debug_pubtypes
                0x00000d7b       0x98 target/stdperiph/stm32f10x_dma.o
 .debug_pubtypes
                0x00000e13       0xa2 target/stdperiph/stm32f10x_exti.o
 .debug_pubtypes
                0x00000eb5       0x8d target/stdperiph/stm32f10x_flash.o
 .debug_pubtypes
                0x00000f42      0x168 target/stdperiph/stm32f10x_fsmc.o
 .debug_pubtypes
                0x000010aa       0xc3 target/stdperiph/stm32f10x_gpio.o
 .debug_pubtypes
                0x0000116d       0xb2 target/stdperiph/stm32f10x_i2c.o
 .debug_pubtypes
                0x0000121f       0x58 target/stdperiph/stm32f10x_iwdg.o
 .debug_pubtypes
                0x00001277       0x78 target/stdperiph/stm32f10x_pwr.o
 .debug_pubtypes
                0x000012ef       0x9e target/stdperiph/stm32f10x_rcc.o
 .debug_pubtypes
                0x0000138d       0x78 target/stdperiph/stm32f10x_rtc.o
 .debug_pubtypes
                0x00001405       0xb2 target/stdperiph/stm32f10x_sdio.o
 .debug_pubtypes
                0x000014b7       0xb6 target/stdperiph/stm32f10x_spi.o
 .debug_pubtypes
                0x0000156d       0xd8 target/stdperiph/stm32f10x_tim.o
 .debug_pubtypes
                0x00001645       0xc9 target/stdperiph/stm32f10x_usart.o
 .debug_pubtypes
                0x0000170e       0x4b target/stdperiph/stm32f10x_wwdg.o

.debug_aranges  0x00000000     0x1850
 .debug_aranges
                0x00000000       0xc8 target/cmsis/src/core_cm3.o
 .debug_aranges
                0x000000c8       0x70 target/freertos/cm3/port.o
 .debug_aranges
                0x00000138       0x38 target/freertos/memmang/heap_1.o
 .debug_aranges
                0x00000170       0xa0 target/3310/3310-backend.o
 .debug_aranges
                0x00000210       0xb8 target/3310/3310.o
 .debug_aranges
                0x000002c8       0x50 target/freertos/croutine.o
 .debug_aranges
                0x00000318       0x40 target/freertos/list.o
 .debug_aranges
                0x00000358       0xa0 target/freertos/queue.o
 .debug_aranges
                0x000003f8      0x138 target/freertos/tasks.o
 .debug_aranges
                0x00000530       0x88 target/freertos/timers.o
 .debug_aranges
                0x000005b8       0x40 target/src/data_struct.o
 .debug_aranges
                0x000005f8       0x50 target/src/main.o
 .debug_aranges
                0x00000648       0x48 target/src/stm32f10x_it.o
 .debug_aranges
                0x00000690       0x38 target/src/system_stm32f10x.o
 .debug_aranges
                0x000006c8       0x40 target/src/task_adc.o
 .debug_aranges
                0x00000708       0x28 target/src/task_plot.o
 .debug_aranges
                0x00000730       0x40 target/stdperiph/misc.o
 .debug_aranges
                0x00000770      0x138 target/stdperiph/stm32f10x_adc.o
 .debug_aranges
                0x000008a8       0x78 target/stdperiph/stm32f10x_bkp.o
 .debug_aranges
                0x00000920       0xe0 target/stdperiph/stm32f10x_can.o
 .debug_aranges
                0x00000a00       0x88 target/stdperiph/stm32f10x_cec.o
 .debug_aranges
                0x00000a88       0x48 target/stdperiph/stm32f10x_crc.o
 .debug_aranges
                0x00000ad0       0x78 target/stdperiph/stm32f10x_dac.o
 .debug_aranges
                0x00000b48       0x30 target/stdperiph/stm32f10x_dbgmcu.o
 .debug_aranges
                0x00000b78       0x70 target/stdperiph/stm32f10x_dma.o
 .debug_aranges
                0x00000be8       0x58 target/stdperiph/stm32f10x_exti.o
 .debug_aranges
                0x00000c40       0xf8 target/stdperiph/stm32f10x_flash.o
 .debug_aranges
                0x00000d38       0xb0 target/stdperiph/stm32f10x_fsmc.o
 .debug_aranges
                0x00000de8       0xa8 target/stdperiph/stm32f10x_gpio.o
 .debug_aranges
                0x00000e90      0x120 target/stdperiph/stm32f10x_i2c.o
 .debug_aranges
                0x00000fb0       0x48 target/stdperiph/stm32f10x_iwdg.o
 .debug_aranges
                0x00000ff8       0x70 target/stdperiph/stm32f10x_pwr.o
 .debug_aranges
                0x00001068      0x118 target/stdperiph/stm32f10x_rcc.o
 .debug_aranges
                0x00001180       0x88 target/stdperiph/stm32f10x_rtc.o
 .debug_aranges
                0x00001208      0x108 target/stdperiph/stm32f10x_sdio.o
 .debug_aranges
                0x00001310       0xd0 target/stdperiph/stm32f10x_spi.o
 .debug_aranges
                0x000013e0      0x2f0 target/stdperiph/stm32f10x_tim.o
 .debug_aranges
                0x000016d0      0x100 target/stdperiph/stm32f10x_usart.o
 .debug_aranges
                0x000017d0       0x58 target/stdperiph/stm32f10x_wwdg.o
 .debug_aranges
                0x00001828       0x28 target/cmsis/startup/startup_stm32f10x_md.o

.debug_ranges   0x00000000     0x15d8
 .debug_ranges  0x00000000       0xb8 target/cmsis/src/core_cm3.o
 .debug_ranges  0x000000b8       0x60 target/freertos/cm3/port.o
 .debug_ranges  0x00000118       0x28 target/freertos/memmang/heap_1.o
 .debug_ranges  0x00000140       0x90 target/3310/3310-backend.o
 .debug_ranges  0x000001d0       0xa8 target/3310/3310.o
 .debug_ranges  0x00000278       0x40 target/freertos/croutine.o
 .debug_ranges  0x000002b8       0x30 target/freertos/list.o
 .debug_ranges  0x000002e8       0x90 target/freertos/queue.o
 .debug_ranges  0x00000378      0x128 target/freertos/tasks.o
 .debug_ranges  0x000004a0       0x78 target/freertos/timers.o
 .debug_ranges  0x00000518       0x30 target/src/data_struct.o
 .debug_ranges  0x00000548       0x40 target/src/main.o
 .debug_ranges  0x00000588       0x38 target/src/stm32f10x_it.o
 .debug_ranges  0x000005c0       0x28 target/src/system_stm32f10x.o
 .debug_ranges  0x000005e8       0x30 target/src/task_adc.o
 .debug_ranges  0x00000618       0x18 target/src/task_plot.o
 .debug_ranges  0x00000630       0x30 target/stdperiph/misc.o
 .debug_ranges  0x00000660      0x128 target/stdperiph/stm32f10x_adc.o
 .debug_ranges  0x00000788       0x68 target/stdperiph/stm32f10x_bkp.o
 .debug_ranges  0x000007f0       0xd0 target/stdperiph/stm32f10x_can.o
 .debug_ranges  0x000008c0       0x78 target/stdperiph/stm32f10x_cec.o
 .debug_ranges  0x00000938       0x38 target/stdperiph/stm32f10x_crc.o
 .debug_ranges  0x00000970       0x68 target/stdperiph/stm32f10x_dac.o
 .debug_ranges  0x000009d8       0x20 target/stdperiph/stm32f10x_dbgmcu.o
 .debug_ranges  0x000009f8       0x60 target/stdperiph/stm32f10x_dma.o
 .debug_ranges  0x00000a58       0x48 target/stdperiph/stm32f10x_exti.o
 .debug_ranges  0x00000aa0       0xe8 target/stdperiph/stm32f10x_flash.o
 .debug_ranges  0x00000b88       0xa0 target/stdperiph/stm32f10x_fsmc.o
 .debug_ranges  0x00000c28       0x98 target/stdperiph/stm32f10x_gpio.o
 .debug_ranges  0x00000cc0      0x110 target/stdperiph/stm32f10x_i2c.o
 .debug_ranges  0x00000dd0       0x38 target/stdperiph/stm32f10x_iwdg.o
 .debug_ranges  0x00000e08       0x60 target/stdperiph/stm32f10x_pwr.o
 .debug_ranges  0x00000e68      0x108 target/stdperiph/stm32f10x_rcc.o
 .debug_ranges  0x00000f70       0x78 target/stdperiph/stm32f10x_rtc.o
 .debug_ranges  0x00000fe8       0xf8 target/stdperiph/stm32f10x_sdio.o
 .debug_ranges  0x000010e0       0xc0 target/stdperiph/stm32f10x_spi.o
 .debug_ranges  0x000011a0      0x2e0 target/stdperiph/stm32f10x_tim.o
 .debug_ranges  0x00001480       0xf0 target/stdperiph/stm32f10x_usart.o
 .debug_ranges  0x00001570       0x48 target/stdperiph/stm32f10x_wwdg.o
 .debug_ranges  0x000015b8       0x20 target/cmsis/startup/startup_stm32f10x_md.o

.debug_str      0x00000000     0x615c
 .debug_str     0x00000000      0x1ed target/cmsis/src/core_cm3.o
                                0x231 (size before relaxing)
 .debug_str     0x000001ed      0x142 target/freertos/cm3/port.o
                                0x1be (size before relaxing)
 .debug_str     0x0000032f       0xc9 target/freertos/memmang/heap_1.o
                                0x187 (size before relaxing)
 .debug_str     0x000003f8      0x424 target/3310/3310-backend.o
                                0x50d (size before relaxing)
 .debug_str     0x0000081c      0x244 target/3310/3310.o
                                0x323 (size before relaxing)
 .debug_str     0x00000a60      0x337 target/freertos/croutine.o
                                0x3ce (size before relaxing)
 .debug_str     0x00000d97       0xa3 target/freertos/list.o
                                0x1ff (size before relaxing)
 .debug_str     0x00000e3a      0x33a target/freertos/queue.o
                                0x4bb (size before relaxing)
 .debug_str     0x00001174      0x640 target/freertos/tasks.o
                                0x89e (size before relaxing)
 .debug_str     0x000017b4      0x339 target/freertos/timers.o
                                0x4cc (size before relaxing)
 .debug_str     0x00001aed       0x86 target/src/data_struct.o
                                0x18f (size before relaxing)
 .debug_str     0x00001b73       0xe9 target/src/main.o
                                0x374 (size before relaxing)
 .debug_str     0x00001c5c       0x78 target/src/stm32f10x_it.o
                                0x13e (size before relaxing)
 .debug_str     0x00001cd4      0x13b target/src/system_stm32f10x.o
                                0x239 (size before relaxing)
 .debug_str     0x00001e0f      0x131 target/src/task_adc.o
                                0x3b0 (size before relaxing)
 .debug_str     0x00001f40       0x4d target/src/task_plot.o
                                0x1c3 (size before relaxing)
 .debug_str     0x00001f8d      0x1a0 target/stdperiph/misc.o
                                0x322 (size before relaxing)
 .debug_str     0x0000212d      0x44c target/stdperiph/stm32f10x_adc.o
                                0x65a (size before relaxing)
 .debug_str     0x00002579      0x37b target/stdperiph/stm32f10x_bkp.o
                                0x514 (size before relaxing)
 .debug_str     0x000028f4      0x503 target/stdperiph/stm32f10x_can.o
                                0x68d (size before relaxing)
 .debug_str     0x00002df7      0x18b target/stdperiph/stm32f10x_cec.o
                                0x2d5 (size before relaxing)
 .debug_str     0x00002f82       0x9b target/stdperiph/stm32f10x_crc.o
                                0x19a (size before relaxing)
 .debug_str     0x0000301d      0x1ec target/stdperiph/stm32f10x_dac.o
                                0x30e (size before relaxing)
 .debug_str     0x00003209       0x6f target/stdperiph/stm32f10x_dbgmcu.o
                                0x166 (size before relaxing)
 .debug_str     0x00003278      0x118 target/stdperiph/stm32f10x_dma.o
                                0x320 (size before relaxing)
 .debug_str     0x00003390      0x19e target/stdperiph/stm32f10x_exti.o
                                0x2bd (size before relaxing)
 .debug_str     0x0000352e      0x3da target/stdperiph/stm32f10x_flash.o
                                0x547 (size before relaxing)
 .debug_str     0x00003908      0x5ac target/stdperiph/stm32f10x_fsmc.o
                                0x6e3 (size before relaxing)
 .debug_str     0x00003eb4      0x238 target/stdperiph/stm32f10x_gpio.o
                                0x478 (size before relaxing)
 .debug_str     0x000040ec      0x410 target/stdperiph/stm32f10x_i2c.o
                                0x5c5 (size before relaxing)
 .debug_str     0x000044fc       0xb9 target/stdperiph/stm32f10x_iwdg.o
                                0x1bb (size before relaxing)
 .debug_str     0x000045b5       0xf9 target/stdperiph/stm32f10x_pwr.o
                                0x271 (size before relaxing)
 .debug_str     0x000046ae      0x344 target/stdperiph/stm32f10x_rcc.o
                                0x579 (size before relaxing)
 .debug_str     0x000049f2      0x171 target/stdperiph/stm32f10x_rtc.o
                                0x301 (size before relaxing)
 .debug_str     0x00004b63      0x452 target/stdperiph/stm32f10x_sdio.o
                                0x59a (size before relaxing)
 .debug_str     0x00004fb5      0x291 target/stdperiph/stm32f10x_spi.o
                                0x55c (size before relaxing)
 .debug_str     0x00005246      0xad3 target/stdperiph/stm32f10x_tim.o
                                0xd3c (size before relaxing)
 .debug_str     0x00005d19      0x38e target/stdperiph/stm32f10x_usart.o
                                0x5ef (size before relaxing)
 .debug_str     0x000060a7       0xb5 target/stdperiph/stm32f10x_wwdg.o
                                0x1c7 (size before relaxing)

.comment        0x00000000       0x2a
 .comment       0x00000000       0x2a target/cmsis/src/core_cm3.o
                                 0x2b (size before relaxing)
 .comment       0x00000000       0x2b target/freertos/cm3/port.o
 .comment       0x00000000       0x2b target/freertos/memmang/heap_1.o
 .comment       0x00000000       0x2b target/3310/3310-backend.o
 .comment       0x00000000       0x2b target/3310/3310.o
 .comment       0x00000000       0x2b target/freertos/croutine.o
 .comment       0x00000000       0x2b target/freertos/list.o
 .comment       0x00000000       0x2b target/freertos/queue.o
 .comment       0x00000000       0x2b target/freertos/tasks.o
 .comment       0x00000000       0x2b target/freertos/timers.o
 .comment       0x00000000       0x2b target/src/data_struct.o
 .comment       0x00000000       0x2b target/src/main.o
 .comment       0x00000000       0x2b target/src/stm32f10x_it.o
 .comment       0x00000000       0x2b target/src/system_stm32f10x.o
 .comment       0x00000000       0x2b target/src/task_adc.o
 .comment       0x00000000       0x2b target/src/task_plot.o
 .comment       0x00000000       0x2b target/stdperiph/misc.o
 .comment       0x00000000       0x2b target/stdperiph/stm32f10x_adc.o
 .comment       0x00000000       0x2b target/stdperiph/stm32f10x_bkp.o
 .comment       0x00000000       0x2b target/stdperiph/stm32f10x_can.o
 .comment       0x00000000       0x2b target/stdperiph/stm32f10x_cec.o
 .comment       0x00000000       0x2b target/stdperiph/stm32f10x_crc.o
 .comment       0x00000000       0x2b target/stdperiph/stm32f10x_dac.o
 .comment       0x00000000       0x2b target/stdperiph/stm32f10x_dbgmcu.o
 .comment       0x00000000       0x2b target/stdperiph/stm32f10x_dma.o
 .comment       0x00000000       0x2b target/stdperiph/stm32f10x_exti.o
 .comment       0x00000000       0x2b target/stdperiph/stm32f10x_flash.o
 .comment       0x00000000       0x2b target/stdperiph/stm32f10x_fsmc.o
 .comment       0x00000000       0x2b target/stdperiph/stm32f10x_gpio.o
 .comment       0x00000000       0x2b target/stdperiph/stm32f10x_i2c.o
 .comment       0x00000000       0x2b target/stdperiph/stm32f10x_iwdg.o
 .comment       0x00000000       0x2b target/stdperiph/stm32f10x_pwr.o
 .comment       0x00000000       0x2b target/stdperiph/stm32f10x_rcc.o
 .comment       0x00000000       0x2b target/stdperiph/stm32f10x_rtc.o
 .comment       0x00000000       0x2b target/stdperiph/stm32f10x_sdio.o
 .comment       0x00000000       0x2b target/stdperiph/stm32f10x_spi.o
 .comment       0x00000000       0x2b target/stdperiph/stm32f10x_tim.o
 .comment       0x00000000       0x2b target/stdperiph/stm32f10x_usart.o
 .comment       0x00000000       0x2b target/stdperiph/stm32f10x_wwdg.o

.debug_frame    0x00000000     0x53c4
 .debug_frame   0x00000000      0x280 target/cmsis/src/core_cm3.o
 .debug_frame   0x00000280      0x110 target/freertos/cm3/port.o
 .debug_frame   0x00000390       0x7c target/freertos/memmang/heap_1.o
 .debug_frame   0x0000040c      0x200 target/3310/3310-backend.o
 .debug_frame   0x0000060c      0x27c target/3310/3310.o
 .debug_frame   0x00000888       0xf0 target/freertos/croutine.o
 .debug_frame   0x00000978       0x9c target/freertos/list.o
 .debug_frame   0x00000a14      0x224 target/freertos/queue.o
 .debug_frame   0x00000c38      0x460 target/freertos/tasks.o
 .debug_frame   0x00001098      0x1c4 target/freertos/timers.o
 .debug_frame   0x0000125c       0xa4 target/src/data_struct.o
 .debug_frame   0x00001300       0xe0 target/src/main.o
 .debug_frame   0x000013e0       0xa0 target/src/stm32f10x_it.o
 .debug_frame   0x00001480       0x80 target/src/system_stm32f10x.o
 .debug_frame   0x00001500       0xa4 target/src/task_adc.o
 .debug_frame   0x000015a4       0x4c target/src/task_plot.o
 .debug_frame   0x000015f0       0x9c target/stdperiph/misc.o
 .debug_frame   0x0000168c      0x400 target/stdperiph/stm32f10x_adc.o
 .debug_frame   0x00001a8c      0x150 target/stdperiph/stm32f10x_bkp.o
 .debug_frame   0x00001bdc      0x2d4 target/stdperiph/stm32f10x_can.o
 .debug_frame   0x00001eb0      0x190 target/stdperiph/stm32f10x_cec.o
 .debug_frame   0x00002040       0xac target/stdperiph/stm32f10x_crc.o
 .debug_frame   0x000020ec      0x160 target/stdperiph/stm32f10x_dac.o
 .debug_frame   0x0000224c       0x5c target/stdperiph/stm32f10x_dbgmcu.o
 .debug_frame   0x000022a8      0x144 target/stdperiph/stm32f10x_dma.o
 .debug_frame   0x000023ec       0xec target/stdperiph/stm32f10x_exti.o
 .debug_frame   0x000024d8      0x338 target/stdperiph/stm32f10x_flash.o
 .debug_frame   0x00002810      0x220 target/stdperiph/stm32f10x_fsmc.o
 .debug_frame   0x00002a30      0x210 target/stdperiph/stm32f10x_gpio.o
 .debug_frame   0x00002c40      0x3b4 target/stdperiph/stm32f10x_i2c.o
 .debug_frame   0x00002ff4       0xb0 target/stdperiph/stm32f10x_iwdg.o
 .debug_frame   0x000030a4      0x140 target/stdperiph/stm32f10x_pwr.o
 .debug_frame   0x000031e4      0x388 target/stdperiph/stm32f10x_rcc.o
 .debug_frame   0x0000356c      0x194 target/stdperiph/stm32f10x_rtc.o
 .debug_frame   0x00003700      0x340 target/stdperiph/stm32f10x_sdio.o
 .debug_frame   0x00003a40      0x29c target/stdperiph/stm32f10x_spi.o
 .debug_frame   0x00003cdc      0xa20 target/stdperiph/stm32f10x_tim.o
 .debug_frame   0x000046fc      0x344 target/stdperiph/stm32f10x_usart.o
 .debug_frame   0x00004a40       0xe4 target/stdperiph/stm32f10x_wwdg.o
 .debug_frame   0x00004b24       0x2c /home/z80/programs/code-sourcery/2011.03-42/bin/../lib/gcc/arm-none-eabi/4.5.2/../../../../arm-none-eabi/lib/thumb2/libc.a(lib_a-memcmp.o)
 .debug_frame   0x00004b50       0x30 /home/z80/programs/code-sourcery/2011.03-42/bin/../lib/gcc/arm-none-eabi/4.5.2/../../../../arm-none-eabi/lib/thumb2/libc.a(lib_a-memcpy.o)
 .debug_frame   0x00004b80       0x2c /home/z80/programs/code-sourcery/2011.03-42/bin/../lib/gcc/arm-none-eabi/4.5.2/../../../../arm-none-eabi/lib/thumb2/libc.a(lib_a-memset.o)
 .debug_frame   0x00004bac       0x64 /home/z80/programs/code-sourcery/2011.03-42/bin/../lib/gcc/arm-none-eabi/4.5.2/../../../../arm-none-eabi/lib/thumb2/libc.a(lib_a-sprintf.o)